C:/Users/yunus/Desktop/Embbeded Systems/Project/deviceDrivers/drv_gpio/src/drv_gpio.c:15:27:DrvGpio_GetContext	16	static
C:/Users/yunus/Desktop/Embbeded Systems/Project/deviceDrivers/drv_gpio/src/drv_gpio.c:25:26:DrvGpio_EnableClock	64	static
C:/Users/yunus/Desktop/Embbeded Systems/Project/deviceDrivers/drv_gpio/src/drv_gpio.c:90:16:DrvGpio_ModeUsesInterrupt	16	static
C:/Users/yunus/Desktop/Embbeded Systems/Project/deviceDrivers/drv_gpio/src/drv_gpio.c:97:26:DrvGpio_InitInterrupt	16	static
C:/Users/yunus/Desktop/Embbeded Systems/Project/deviceDrivers/drv_gpio/src/drv_gpio.c:111:19:DrvGpio_Open	56	static
C:/Users/yunus/Desktop/Embbeded Systems/Project/deviceDrivers/drv_gpio/src/drv_gpio.c:147:19:DrvGpio_Close	24	static
C:/Users/yunus/Desktop/Embbeded Systems/Project/deviceDrivers/drv_gpio/src/drv_gpio.c:168:15:DrvGpio_Read	24	static
C:/Users/yunus/Desktop/Embbeded Systems/Project/deviceDrivers/drv_gpio/src/drv_gpio.c:180:19:DrvGpio_Write	24	static
C:/Users/yunus/Desktop/Embbeded Systems/Project/deviceDrivers/drv_gpio/src/drv_gpio.c:193:19:DrvGpio_Toggle	24	static
C:/Users/yunus/Desktop/Embbeded Systems/Project/deviceDrivers/drv_gpio/src/drv_gpio.c:206:19:DrvGpio_Ioctl	32	static
C:/Users/yunus/Desktop/Embbeded Systems/Project/deviceDrivers/drv_gpio/src/drv_gpio.c:254:19:DrvGpio_IrqHandler	32	static,ignoring_inline_asm
