Archive member included to satisfy reference by file (symbol)

C:/Programlar/ST/STM32CubeIDE_2.1.0/STM32CubeIDE/plugins/com.st.stm32cube.ide.mcu.externaltools.gnu-tools-for-stm32.14.3.rel1.win32_1.0.100.202602081740/tools/bin/../lib/gcc/arm-none-eabi/14.3.1/../../../../arm-none-eabi/lib/thumb/v7e-m+dp/hard\libstdc++_nano.a(del_ops.o)
                              ./App/Src/Application.o (operator delete(void*, unsigned int))
C:/Programlar/ST/STM32CubeIDE_2.1.0/STM32CubeIDE/plugins/com.st.stm32cube.ide.mcu.externaltools.gnu-tools-for-stm32.14.3.rel1.win32_1.0.100.202602081740/tools/bin/../lib/gcc/arm-none-eabi/14.3.1/../../../../arm-none-eabi/lib/thumb/v7e-m+dp/hard\libstdc++_nano.a(del_op.o)
                              C:/Programlar/ST/STM32CubeIDE_2.1.0/STM32CubeIDE/plugins/com.st.stm32cube.ide.mcu.externaltools.gnu-tools-for-stm32.14.3.rel1.win32_1.0.100.202602081740/tools/bin/../lib/gcc/arm-none-eabi/14.3.1/../../../../arm-none-eabi/lib/thumb/v7e-m+dp/hard\libstdc++_nano.a(del_ops.o) (operator delete(void*))
C:/Programlar/ST/STM32CubeIDE_2.1.0/STM32CubeIDE/plugins/com.st.stm32cube.ide.mcu.externaltools.gnu-tools-for-stm32.14.3.rel1.win32_1.0.100.202602081740/tools/bin/../lib/gcc/arm-none-eabi/14.3.1/../../../../arm-none-eabi/lib/thumb/v7e-m+dp/hard\libc_nano.a(libc_a-exit.o)
                              C:/Programlar/ST/STM32CubeIDE_2.1.0/STM32CubeIDE/plugins/com.st.stm32cube.ide.mcu.externaltools.gnu-tools-for-stm32.14.3.rel1.win32_1.0.100.202602081740/tools/bin/../lib/gcc/arm-none-eabi/14.3.1/../../../../arm-none-eabi/lib/thumb/v7e-m+dp/hard/crt0.o (exit)
C:/Programlar/ST/STM32CubeIDE_2.1.0/STM32CubeIDE/plugins/com.st.stm32cube.ide.mcu.externaltools.gnu-tools-for-stm32.14.3.rel1.win32_1.0.100.202602081740/tools/bin/../lib/gcc/arm-none-eabi/14.3.1/../../../../arm-none-eabi/lib/thumb/v7e-m+dp/hard\libc_nano.a(libc_a-malloc.o)
                              C:/Programlar/ST/STM32CubeIDE_2.1.0/STM32CubeIDE/plugins/com.st.stm32cube.ide.mcu.externaltools.gnu-tools-for-stm32.14.3.rel1.win32_1.0.100.202602081740/tools/bin/../lib/gcc/arm-none-eabi/14.3.1/../../../../arm-none-eabi/lib/thumb/v7e-m+dp/hard\libstdc++_nano.a(del_op.o) (free)
C:/Programlar/ST/STM32CubeIDE_2.1.0/STM32CubeIDE/plugins/com.st.stm32cube.ide.mcu.externaltools.gnu-tools-for-stm32.14.3.rel1.win32_1.0.100.202602081740/tools/bin/../lib/gcc/arm-none-eabi/14.3.1/../../../../arm-none-eabi/lib/thumb/v7e-m+dp/hard\libc_nano.a(libc_a-mallocr.o)
                              C:/Programlar/ST/STM32CubeIDE_2.1.0/STM32CubeIDE/plugins/com.st.stm32cube.ide.mcu.externaltools.gnu-tools-for-stm32.14.3.rel1.win32_1.0.100.202602081740/tools/bin/../lib/gcc/arm-none-eabi/14.3.1/../../../../arm-none-eabi/lib/thumb/v7e-m+dp/hard\libc_nano.a(libc_a-malloc.o) (_malloc_r)
C:/Programlar/ST/STM32CubeIDE_2.1.0/STM32CubeIDE/plugins/com.st.stm32cube.ide.mcu.externaltools.gnu-tools-for-stm32.14.3.rel1.win32_1.0.100.202602081740/tools/bin/../lib/gcc/arm-none-eabi/14.3.1/../../../../arm-none-eabi/lib/thumb/v7e-m+dp/hard\libc_nano.a(libc_a-mlock.o)
                              C:/Programlar/ST/STM32CubeIDE_2.1.0/STM32CubeIDE/plugins/com.st.stm32cube.ide.mcu.externaltools.gnu-tools-for-stm32.14.3.rel1.win32_1.0.100.202602081740/tools/bin/../lib/gcc/arm-none-eabi/14.3.1/../../../../arm-none-eabi/lib/thumb/v7e-m+dp/hard\libc_nano.a(libc_a-mallocr.o) (__malloc_lock)
C:/Programlar/ST/STM32CubeIDE_2.1.0/STM32CubeIDE/plugins/com.st.stm32cube.ide.mcu.externaltools.gnu-tools-for-stm32.14.3.rel1.win32_1.0.100.202602081740/tools/bin/../lib/gcc/arm-none-eabi/14.3.1/../../../../arm-none-eabi/lib/thumb/v7e-m+dp/hard\libc_nano.a(libc_a-nano-vfprintf_float.o)
                              (_printf_float)
C:/Programlar/ST/STM32CubeIDE_2.1.0/STM32CubeIDE/plugins/com.st.stm32cube.ide.mcu.externaltools.gnu-tools-for-stm32.14.3.rel1.win32_1.0.100.202602081740/tools/bin/../lib/gcc/arm-none-eabi/14.3.1/../../../../arm-none-eabi/lib/thumb/v7e-m+dp/hard\libc_nano.a(libc_a-nano-vfprintf_i.o)
                              C:/Programlar/ST/STM32CubeIDE_2.1.0/STM32CubeIDE/plugins/com.st.stm32cube.ide.mcu.externaltools.gnu-tools-for-stm32.14.3.rel1.win32_1.0.100.202602081740/tools/bin/../lib/gcc/arm-none-eabi/14.3.1/../../../../arm-none-eabi/lib/thumb/v7e-m+dp/hard\libc_nano.a(libc_a-nano-vfprintf_float.o) (_printf_common)
C:/Programlar/ST/STM32CubeIDE_2.1.0/STM32CubeIDE/plugins/com.st.stm32cube.ide.mcu.externaltools.gnu-tools-for-stm32.14.3.rel1.win32_1.0.100.202602081740/tools/bin/../lib/gcc/arm-none-eabi/14.3.1/../../../../arm-none-eabi/lib/thumb/v7e-m+dp/hard\libc_nano.a(libc_a-findfp.o)
                              C:/Programlar/ST/STM32CubeIDE_2.1.0/STM32CubeIDE/plugins/com.st.stm32cube.ide.mcu.externaltools.gnu-tools-for-stm32.14.3.rel1.win32_1.0.100.202602081740/tools/bin/../lib/gcc/arm-none-eabi/14.3.1/../../../../arm-none-eabi/lib/thumb/v7e-m+dp/hard\libc_nano.a(libc_a-exit.o) (__stdio_exit_handler)
[...]
Memory Configuration

Name             Origin             Length             Attributes
RAM              0x20000000         0x00080000         xrw
FLASH            0x08000000         0x00200000         xr
*default*        0x00000000         0xffffffff

Linker script and memory map

LOAD C:/Programlar/ST/STM32CubeIDE_2.1.0/STM32CubeIDE/plugins/com.st.stm32cube.ide.mcu.externaltools.gnu-tools-for-stm32.14.3.rel1.win32_1.0.100.202602081740/tools/bin/../lib/gcc/arm-none-eabi/14.3.1/thumb/v7e-m+dp/hard/crti.o
LOAD C:/Programlar/ST/STM32CubeIDE_2.1.0/STM32CubeIDE/plugins/com.st.stm32cube.ide.mcu.externaltools.gnu-tools-for-stm32.14.3.rel1.win32_1.0.100.202602081740/tools/bin/../lib/gcc/arm-none-eabi/14.3.1/thumb/v7e-m+dp/hard/crtbegin.o
LOAD C:/Programlar/ST/STM32CubeIDE_2.1.0/STM32CubeIDE/plugins/com.st.stm32cube.ide.mcu.externaltools.gnu-tools-for-stm32.14.3.rel1.win32_1.0.100.202602081740/tools/bin/../lib/gcc/arm-none-eabi/14.3.1/../../../../arm-none-eabi/lib/thumb/v7e-m+dp/hard/crt0.o
LOAD ./App/Src/Application.o
LOAD ./Core/Src/bno055.o
LOAD ./Core/Src/dma.o
LOAD ./Core/Src/freertos.o
LOAD ./Core/Src/gpio.o
LOAD ./Core/Src/i2c.o
LOAD ./Core/Src/main.o
LOAD ./Core/Src/motor.o
LOAD ./Core/Src/pwm.o
LOAD ./Core/Src/stm32f7xx_hal_msp.o
LOAD ./Core/Src/stm32f7xx_hal_timebase_tim.o
LOAD ./Core/Src/stm32f7xx_it.o
LOAD ./Core/Src/syscalls.o
LOAD ./Core/Src/sysmem.o
LOAD ./Core/Src/system_stm32f7xx.o
LOAD ./Core/Src/tim.o
LOAD ./Core/Src/usart.o
LOAD ./Core/Startup/startup_stm32f767zıtx.o
LOAD ./Drivers/STM32F7xx_HAL_Driver/Src/stm32f7xx_hal.o
LOAD ./Drivers/STM32F7xx_HAL_Driver/Src/stm32f7xx_hal_cortex.o
LOAD ./Drivers/STM32F7xx_HAL_Driver/Src/stm32f7xx_hal_dma.o
LOAD ./Drivers/STM32F7xx_HAL_Driver/Src/stm32f7xx_hal_dma_ex.o
LOAD ./Drivers/STM32F7xx_HAL_Driver/Src/stm32f7xx_hal_exti.o
LOAD ./Drivers/STM32F7xx_HAL_Driver/Src/stm32f7xx_hal_flash.o
LOAD ./Drivers/STM32F7xx_HAL_Driver/Src/stm32f7xx_hal_flash_ex.o
LOAD ./Drivers/STM32F7xx_HAL_Driver/Src/stm32f7xx_hal_gpio.o
LOAD ./Drivers/STM32F7xx_HAL_Driver/Src/stm32f7xx_hal_i2c.o
LOAD ./Drivers/STM32F7xx_HAL_Driver/Src/stm32f7xx_hal_i2c_ex.o
LOAD ./Drivers/STM32F7xx_HAL_Driver/Src/stm32f7xx_hal_pwr.o
LOAD ./Drivers/STM32F7xx_HAL_Driver/Src/stm32f7xx_hal_pwr_ex.o
LOAD ./Drivers/STM32F7xx_HAL_Driver/Src/stm32f7xx_hal_rcc.o
LOAD ./Drivers/STM32F7xx_HAL_Driver/Src/stm32f7xx_hal_rcc_ex.o
LOAD ./Drivers/STM32F7xx_HAL_Driver/Src/stm32f7xx_hal_tim.o
LOAD ./Drivers/STM32F7xx_HAL_Driver/Src/stm32f7xx_hal_tim_ex.o
LOAD ./Drivers/STM32F7xx_HAL_Driver/Src/stm32f7xx_hal_uart.o
LOAD ./Drivers/STM32F7xx_HAL_Driver/Src/stm32f7xx_hal_uart_ex.o
LOAD ./Middlewares/Third_Party/FreeRTOS/Source/CMSIS_RTOS_V2/cmsis_os2.o
LOAD ./Middlewares/Third_Party/FreeRTOS/Source/croutine.o
LOAD ./Middlewares/Third_Party/FreeRTOS/Source/event_groups.o
LOAD ./Middlewares/Third_Party/FreeRTOS/Source/list.o
LOAD ./Middlewares/Third_Party/FreeRTOS/Source/queue.o
LOAD ./Middlewares/Third_Party/FreeRTOS/Source/stream_buffer.o
LOAD ./Middlewares/Third_Party/FreeRTOS/Source/tasks.o
LOAD ./Middlewares/Third_Party/FreeRTOS/Source/timers.o
LOAD ./Middlewares/Third_Party/FreeRTOS/Source/portable/GCC/ARM_CM7/r0p1/port.o
LOAD ./Middlewares/Third_Party/FreeRTOS/Source/portable/MemMang/heap_4.o
LOAD ./Utils/Src/OnlineParser.o
LOAD ./deviceDrivers/drv_bno055/src/bno055_driver.o
LOAD ./deviceDrivers/drv_bno055/src/bno055_hal.o
LOAD ./deviceDrivers/drv_dma/src/drv_dma.o
LOAD ./deviceDrivers/drv_gpio/src/drv_gpio.o
LOAD ./deviceDrivers/drv_i2c/src/drv_i2c.o
LOAD ./deviceDrivers/drv_motor/src/drv_motor.o
LOAD ./deviceDrivers/drv_pwm/src/drv_pwm.o
LOAD ./deviceDrivers/drv_uart/src/drv_uart.o
START GROUP
LOAD C:/Programlar/ST/STM32CubeIDE_2.1.0/STM32CubeIDE/plugins/com.st.stm32cube.ide.mcu.externaltools.gnu-tools-for-stm32.14.3.rel1.win32_1.0.100.202602081740/tools/bin/../lib/gcc/arm-none-eabi/14.3.1/../../../../arm-none-eabi/lib/thumb/v7e-m+dp/hard\libstdc++_nano.a
LOAD C:/Programlar/ST/STM32CubeIDE_2.1.0/STM32CubeIDE/plugins/com.st.stm32cube.ide.mcu.externaltools.gnu-tools-for-stm32.14.3.rel1.win32_1.0.100.202602081740/tools/bin/../lib/gcc/arm-none-eabi/14.3.1/../../../../arm-none-eabi/lib/thumb/v7e-m+dp/hard\libsupc++_nano.a
END GROUP
LOAD C:/Programlar/ST/STM32CubeIDE_2.1.0/STM32CubeIDE/plugins/com.st.stm32cube.ide.mcu.externaltools.gnu-tools-for-stm32.14.3.rel1.win32_1.0.100.202602081740/tools/bin/../lib/gcc/arm-none-eabi/14.3.1/../../../../arm-none-eabi/lib/thumb/v7e-m+dp/hard\libstdc++_nano.a
LOAD C:/Programlar/ST/STM32CubeIDE_2.1.0/STM32CubeIDE/plugins/com.st.stm32cube.ide.mcu.externaltools.gnu-tools-for-stm32.14.3.rel1.win32_1.0.100.202602081740/tools/bin/../lib/gcc/arm-none-eabi/14.3.1/../../../../arm-none-eabi/lib/thumb/v7e-m+dp/hard\libm.a
LOAD C:/Programlar/ST/STM32CubeIDE_2.1.0/STM32CubeIDE/plugins/com.st.stm32cube.ide.mcu.externaltools.gnu-tools-for-stm32.14.3.rel1.win32_1.0.100.202602081740/tools/bin/../lib/gcc/arm-none-eabi/14.3.1/../../../../arm-none-eabi/lib/thumb/v7e-m+dp/hard\libc_nano.a
START GROUP
LOAD C:/Programlar/ST/STM32CubeIDE_2.1.0/STM32CubeIDE/plugins/com.st.stm32cube.ide.mcu.externaltools.gnu-tools-for-stm32.14.3.rel1.win32_1.0.100.202602081740/tools/bin/../lib/gcc/arm-none-eabi/14.3.1/thumb/v7e-m+dp/hard\libgcc.a
LOAD C:/Programlar/ST/STM32CubeIDE_2.1.0/STM32CubeIDE/plugins/com.st.stm32cube.ide.mcu.externaltools.gnu-tools-for-stm32.14.3.rel1.win32_1.0.100.202602081740/tools/bin/../lib/gcc/arm-none-eabi/14.3.1/../../../../arm-none-eabi/lib/thumb/v7e-m+dp/hard\libc_nano.a
END GROUP
START GROUP
LOAD C:/Programlar/ST/STM32CubeIDE_2.1.0/STM32CubeIDE/plugins/com.st.stm32cube.ide.mcu.externaltools.gnu-tools-for-stm32.14.3.rel1.win32_1.0.100.202602081740/tools/bin/../lib/gcc/arm-none-eabi/14.3.1/thumb/v7e-m+dp/hard\libgcc.a
LOAD C:/Programlar/ST/STM32CubeIDE_2.1.0/STM32CubeIDE/plugins/com.st.stm32cube.ide.mcu.externaltools.gnu-tools-for-stm32.14.3.rel1.win32_1.0.100.202602081740/tools/bin/../lib/gcc/arm-none-eabi/14.3.1/../../../../arm-none-eabi/lib/thumb/v7e-m+dp/hard\libc_nano.a
LOAD C:/Programlar/ST/STM32CubeIDE_2.1.0/STM32CubeIDE/plugins/com.st.stm32cube.ide.mcu.externaltools.gnu-tools-for-stm32.14.3.rel1.win32_1.0.100.202602081740/tools/bin/../lib/gcc/arm-none-eabi/14.3.1/../../../../arm-none-eabi/lib/thumb/v7e-m+dp/hard\libnosys.a
END GROUP
START GROUP
LOAD C:/Programlar/ST/STM32CubeIDE_2.1.0/STM32CubeIDE/plugins/com.st.stm32cube.ide.mcu.externaltools.gnu-tools-for-stm32.14.3.rel1.win32_1.0.100.202602081740/tools/bin/../lib/gcc/arm-none-eabi/14.3.1/thumb/v7e-m+dp/hard\libgcc.a
LOAD C:/Programlar/ST/STM32CubeIDE_2.1.0/STM32CubeIDE/plugins/com.st.stm32cube.ide.mcu.externaltools.gnu-tools-for-stm32.14.3.rel1.win32_1.0.100.202602081740/tools/bin/../lib/gcc/arm-none-eabi/14.3.1/../../../../arm-none-eabi/lib/thumb/v7e-m+dp/hard\libc_nano.a
LOAD C:/Programlar/ST/STM32CubeIDE_2.1.0/STM32CubeIDE/plugins/com.st.stm32cube.ide.mcu.externaltools.gnu-tools-for-stm32.14.3.rel1.win32_1.0.100.202602081740/tools/bin/../lib/gcc/arm-none-eabi/14.3.1/../../../../arm-none-eabi/lib/thumb/v7e-m+dp/hard\libnosys.a
END GROUP
LOAD C:/Programlar/ST/STM32CubeIDE_2.1.0/STM32CubeIDE/plugins/com.st.stm32cube.ide.mcu.externaltools.gnu-tools-for-stm32.14.3.rel1.win32_1.0.100.202602081740/tools/bin/../lib/gcc/arm-none-eabi/14.3.1/thumb/v7e-m+dp/hard/crtend.o
LOAD C:/Programlar/ST/STM32CubeIDE_2.1.0/STM32CubeIDE/plugins/com.st.stm32cube.ide.mcu.externaltools.gnu-tools-for-stm32.14.3.rel1.win32_1.0.100.202602081740/tools/bin/../lib/gcc/arm-none-eabi/14.3.1/thumb/v7e-m+dp/hard/crtn.o
                0x20080000                        _estack = (ORIGIN (RAM) + LENGTH (RAM))
                0x00000200                        _Min_Heap_Size = 0x200
                0x00000400                        _Min_Stack_Size = 0x400

.isr_vector     0x08000000      0x1f8
                0x08000000                        . = ALIGN (0x4)
 *(.isr_vector)
 .isr_vector    0x08000000      0x1f8 ./Core/Startup/startup_stm32f767zıtx.o
                0x08000000                g_pfnVectors
                0x080001f8                        . = ALIGN (0x4)

.text           0x08000200    0x1382c
                0x08000200                        . = ALIGN (0x4)
 *(.text)
 .text          0x08000200       0x40 C:/Programlar/ST/STM32CubeIDE_2.1.0/STM32CubeIDE/plugins/com.st.stm32cube.ide.mcu.externaltools.gnu-tools-for-stm32.14.3.rel1.win32_1.0.100.202602081740/tools/bin/../lib/gcc/arm-none-eabi/14.3.1/thumb/v7e-m+dp/hard/crtbegin.o
 .text          0x08000240       0xa0 C:/Programlar/ST/STM32CubeIDE_2.1.0/STM32CubeIDE/plugins/com.st.stm32cube.ide.mcu.externaltools.gnu-tools-for-stm32.14.3.rel1.win32_1.0.100.202602081740/tools/bin/../lib/gcc/arm-none-eabi/14.3.1/../../../../arm-none-eabi/lib/thumb/v7e-m+dp/hard\libc_nano.a(libc_a-memchr.o)
                0x08000240                memchr
 .text          0x080002e0       0x10 C:/Programlar/ST/STM32CubeIDE_2.1.0/STM32CubeIDE/plugins/com.st.stm32cube.ide.mcu.externaltools.gnu-tools-for-stm32.14.3.rel1.win32_1.0.100.202602081740/tools/bin/../lib/gcc/arm-none-eabi/14.3.1/../../../../arm-none-eabi/lib/thumb/v7e-m+dp/hard\libc_nano.a(libc_a-strlen.o)
                0x080002e0                strlen
 .text          0x080002f0       0x30 C:/Programlar/ST/STM32CubeIDE_2.1.0/STM32CubeIDE/plugins/com.st.stm32cube.ide.mcu.externaltools.gnu-tools-for-stm32.14.3.rel1.win32_1.0.100.202602081740/tools/bin/../lib/gcc/arm-none-eabi/14.3.1/thumb/v7e-m+dp/hard\libgcc.a(_aeabi_uldivmod.o)
                0x080002f0                __aeabi_uldivmod
 .text          0x08000320      0x2f8 C:/Programlar/ST/STM32CubeIDE_2.1.0/STM32CubeIDE/plugins/com.st.stm32cube.ide.mcu.externaltools.gnu-tools-for-stm32.14.3.rel1.win32_1.0.100.202602081740/tools/bin/../lib/gcc/arm-none-eabi/14.3.1/thumb/v7e-m+dp/hard\libgcc.a(_udivmoddi4.o)
                0x08000320                __udivmoddi4
 .text          0x08000618        0x4 C:/Programlar/ST/STM32CubeIDE_2.1.0/STM32CubeIDE/plugins/com.st.stm32cube.ide.mcu.externaltools.gnu-tools-for-stm32.14.3.rel1.win32_1.0.100.202602081740/tools/bin/../lib/gcc/arm-none-eabi/14.3.1/thumb/v7e-m+dp/hard\libgcc.a(_dvmd_tls.o)
                0x08000618                __aeabi_idiv0
                0x08000618                __aeabi_ldiv0
 *(.text*)
 .text._ZN19IcdFrameTransmitterC2Ev
                0x0800061c       0x2e ./App/Src/Application.o
                0x0800061c                IcdFrameTransmitter::IcdFrameTransmitter()
                0x0800061c                IcdFrameTransmitter::IcdFrameTransmitter()
 .text._ZN19IcdFrameTransmitter9ConfigureERK27IcdFrameTransmitterConfig_t
                0x0800064a       0x26 ./App/Src/Application.o
                0x0800064a                IcdFrameTransmitter::Configure(IcdFrameTransmitterConfig_t const&)
 .text._ZNK19IcdFrameTransmitter10ConfiguredEv
                0x08000670       0x22 ./App/Src/Application.o
                0x08000670                IcdFrameTransmitter::Configured() const
 .text._ZN19IcdFrameTransmitter12CanStartNextEv
                0x08000692       0x4c ./App/Src/Application.o
                0x08000692                IcdFrameTransmitter::CanStartNext()
 .text._ZN19IcdFrameTransmitter5StartEPKhh
                0x080006de       0x70 ./App/Src/Application.o
                0x080006de                IcdFrameTransmitter::Start(unsigned char const*, unsigned char)
 .text._ZN11IcdProtocol13CalculateCrc8EPKhh
                0x0800074e       0x40 ./App/Src/Application.o
                0x0800074e                IcdProtocol::CalculateCrc8(unsigned char const*, unsigned char)
 .text._ZN11IcdProtocol14AppendUint32LeEPhS0_m
                0x0800078e       0x7e ./App/Src/Application.o
                0x0800078e                IcdProtocol::AppendUint32Le(unsigned char*, unsigned char*, unsigned long)
 .text._ZN11IcdProtocol11AppendFloatEPhS0_f
                0x0800080c       0x34 ./App/Src/Application.o
                0x0800080c                IcdProtocol::AppendFloat(unsigned char*, unsigned char*, float)
 .text._ZN11IcdProtocol12AppendHeaderEPhmh9IcdType_e
                0x08000840       0x56 ./App/Src/Application.o
                0x08000840                IcdProtocol::AppendHeader(unsigned char*, unsigned long, unsigned char, IcdType_e)
 .text._ZN11IcdProtocol10BuildFrameEPKhhPh
                0x08000896       0x7e ./App/Src/Application.o
                0x08000896                IcdProtocol::BuildFrame(unsigned char const*, unsigned char, unsigned char*)
 .text._ZN15IcdMessageCodec22BuildPwmControlPayloadEmhRK12PWMControl_tPh
                0x08000914       0x3c ./App/Src/Application.o
                0x08000914                IcdMessageCodec::BuildPwmControlPayload(unsigned long, unsigned char, PWMControl_t const&, unsigned char*)
 .text._ZN15IcdMessageCodec24BuildMotorControlPayloadEmhRK14MotorControl_tPh
                0x08000950       0x56 ./App/Src/Application.o
                0x08000950                IcdMessageCodec::BuildMotorControlPayload(unsigned long, unsigned char, MotorControl_t const&, unsigned char*)
 .text._ZN15IcdMessageCodec27BuildBno055TelemetryPayloadEmhRK17Bno055Telemetry_tPh
                0x080009a6       0xae ./App/Src/Application.o
                0x080009a6                IcdMessageCodec::BuildBno055TelemetryPayload(unsigned long, unsigned char, Bno055Telemetry_t const&, unsigned char*)
 .text._ZN15IcdMessageCodec12BuildPayloadERK12IcdMessage_tPh
                0x08000a54       0x74 ./App/Src/Application.o
                0x08000a54                IcdMessageCodec::BuildPayload(IcdMessage_t const&, unsigned char*)
 .text._ZN15IcdMessageCodec10BuildFrameERK12IcdMessage_tPh
                0x08000ac8       0x52 ./App/Src/Application.o
                0x08000ac8                IcdMessageCodec::BuildFrame(IcdMessage_t const&, unsigned char*)
 .text._ZN16IcdUartPublisherC2Ev
                0x08000b1a       0x26 ./App/Src/Application.o
                0x08000b1a                IcdUartPublisher::IcdUartPublisher()
                0x08000b1a                IcdUartPublisher::IcdUartPublisher()
 .text._ZN16IcdUartPublisher9ConfigureERK27IcdFrameTransmitterConfig_t
                0x08000b40       0x20 ./App/Src/Application.o
                0x08000b40                IcdUartPublisher::Configure(IcdFrameTransmitterConfig_t const&)
 .text._ZN16IcdUartPublisher7PublishERK12IcdMessage_t
                0x08000b60       0x52 ./App/Src/Application.o
                0x08000b60                IcdUartPublisher::Publish(IcdMessage_t const&)
 .text._ZN16IcdUartPublisher7ProcessEv
                0x08000bb2       0x74 ./App/Src/Application.o
                0x08000bb2                IcdUartPublisher::Process()
 .text._ZN16IcdUartPublisher9PushFrameEPKhh
                0x08000c26       0x24 ./App/Src/Application.o
                0x08000c26                IcdUartPublisher::PushFrame(unsigned char const*, unsigned char)
 *fill*         0x08000c4a        0x2 
 .text._ZN12OnlineParserD2Ev
                0x08000c4c       0x20 ./App/Src/Application.o
                0x08000c4c                OnlineParser::~OnlineParser()
                0x08000c4c                OnlineParser::~OnlineParser()
 .text._ZN12OnlineParserD0Ev
                0x08000c6c       0x22 ./App/Src/Application.o
                0x08000c6c                OnlineParser::~OnlineParser()
 *fill*         0x08000c8e        0x2 
 .text._ZN9ParserImpC2Ev
                0x08000c90       0x44 ./App/Src/Application.o
                0x08000c90                ParserImp::ParserImp()
                0x08000c90                ParserImp::ParserImp()
 .text._ZNK9ParserImp11checkHeaderEjh
                0x08000cd4       0x3c ./App/Src/Application.o
                0x08000cd4                ParserImp::checkHeader(unsigned int, unsigned char) const
 .text._ZNK9ParserImp8checkCrcEPKhhh
                0x08000d10       0x56 ./App/Src/Application.o
                0x08000d10                ParserImp::checkCrc(unsigned char const*, unsigned char, unsigned char) const
 .text._ZN9ParserImp15onFrameReceivedEPKhh
                0x08000d66       0xbe ./App/Src/Application.o
                0x08000d66                ParserImp::onFrameReceived(unsigned char const*, unsigned char)
 .text.DebugUartDataCallback
                0x08000e24       0x44 ./App/Src/Application.o
                0x08000e24                DebugUartDataCallback
 .text.ButtonInterruptCallback
                0x08000e68       0x54 ./App/Src/Application.o
                0x08000e68                ButtonInterruptCallback
 .text._ZL13WriteIcdFramePvPKhh
                0x08000ebc       0x48 ./App/Src/Application.o
 .text._ZL16IsIcdFrameTxBusyPv
                0x08000f04       0x34 ./App/Src/Application.o
 .text._ZL27BuildBno055TelemetryMessagePK16BNO055_Sensors_t
                0x08000f38       0x78 ./App/Src/Application.o
 .text.Initialize
                0x08000fb0       0xbc ./App/Src/Application.o
                0x08000fb0                Initialize
 .text.Loop     0x0800106c       0x90 ./App/Src/Application.o
                0x0800106c                Loop
 .text.ReadOneSensorSample
                0x080010fc       0x44 ./App/Src/Application.o
                0x080010fc                ReadOneSensorSample
 .text.PublishSensorSample
                0x08001140       0x34 ./App/Src/Application.o
                0x08001140                PublishSensorSample
 .text._write   0x08001174       0x44 ./App/Src/Application.o
                0x08001174                _write
 .text._ZN15FixedFrameQueueILh8ELh34EEC2Ev
                0x080011b8       0x46 ./App/Src/Application.o
                0x080011b8                FixedFrameQueue<(unsigned char)8, (unsigned char)34>::FixedFrameQueue()
                0x080011b8                FixedFrameQueue<(unsigned char)8, (unsigned char)34>::FixedFrameQueue()
 .text._ZNK15FixedFrameQueueILh8ELh34EE5EmptyEv
                0x080011fe       0x24 ./App/Src/Application.o
                0x080011fe                FixedFrameQueue<(unsigned char)8, (unsigned char)34>::Empty() const
 .text._ZNK15FixedFrameQueueILh8ELh34EE9FrontDataEv
                0x08001222       0x34 ./App/Src/Application.o
                0x08001222                FixedFrameQueue<(unsigned char)8, (unsigned char)34>::FrontData() const
 .text._ZNK15FixedFrameQueueILh8ELh34EE11FrontLengthEv
                0x08001256       0x30 ./App/Src/Application.o
                0x08001256                FixedFrameQueue<(unsigned char)8, (unsigned char)34>::FrontLength() const
 .text._ZN15FixedFrameQueueILh8ELh34EE3PopEv
                0x08001286       0x48 ./App/Src/Application.o
                0x08001286                FixedFrameQueue<(unsigned char)8, (unsigned char)34>::Pop()
 .text._ZN15FixedFrameQueueILh8ELh34EE4PushEPKhh
                0x080012ce       0xa8 ./App/Src/Application.o
                0x080012ce                FixedFrameQueue<(unsigned char)8, (unsigned char)34>::Push(unsigned char const*, unsigned char)
 .text._ZN15FixedFrameQueueILh8ELh34EE9NextIndexEh
                0x08001376       0x22 ./App/Src/Application.o
                0x08001376                FixedFrameQueue<(unsigned char)8, (unsigned char)34>::NextIndex(unsigned char)
 .text._ZN9ParserImpD2Ev
                0x08001398       0x24 ./App/Src/Application.o
                0x08001398                ParserImp::~ParserImp()
                0x08001398                ParserImp::~ParserImp()
 .text._ZN9ParserImpD0Ev
                0x080013bc       0x22 ./App/Src/Application.o
                0x080013bc                ParserImp::~ParserImp()
 *fill*         0x080013de        0x2 
 .text._Z41__static_initialization_and_destruction_0v
                0x080013e0       0x1c ./App/Src/Application.o
 .text._Z41__static_initialization_and_destruction_1v
                0x080013fc       0x14 ./App/Src/Application.o
 .text._GLOBAL__sub_I_parser
                0x08001410        0xa ./App/Src/Application.o
 .text._GLOBAL__sub_D_parser
                0x0800141a        0xa ./App/Src/Application.o
 .text.BNO055_Init
                0x08001424       0x4c ./Core/Src/bno055.o
                0x08001424                BNO055_Init
 .text.MX_FREERTOS_Init
                0x08001470       0x90 ./Core/Src/freertos.o
                0x08001470                MX_FREERTOS_Init
 .text.StartDefaultTask
                0x08001500       0x5c ./Core/Src/freertos.o
                0x08001500                StartDefaultTask
 .text.StartSensorTask
                0x0800155c       0x4c ./Core/Src/freertos.o
                0x0800155c                StartSensorTask
 .text.SensorTimerCallback
                0x080015a8       0x28 ./Core/Src/freertos.o
                0x080015a8                SensorTimerCallback
 .text.QueueSensorSample
                0x080015d0       0x80 ./Core/Src/freertos.o
 .text.TryDequeueSensorSample
                0x08001650       0x40 ./Core/Src/freertos.o
 .text.GPIO_Init
                0x08001690       0x14 ./Core/Src/gpio.o
                0x08001690                GPIO_Init
 .text.main     0x080016a4       0x30 ./Core/Src/main.o
                0x080016a4                main
 .text.SystemClock_Config
                0x080016d4      0x100 ./Core/Src/main.o
                0x080016d4                SystemClock_Config
 .text.MPU_Config
                0x080017d4       0x58 ./Core/Src/main.o
 .text.HAL_TIM_PeriodElapsedCallback
                0x0800182c       0x24 ./Core/Src/main.o
                0x0800182c                HAL_TIM_PeriodElapsedCallback
 .text.Error_Handler
                0x08001850        0xc ./Core/Src/main.o
                0x08001850                Error_Handler
 .text.MOTOR_Init
                0x0800185c       0x54 ./Core/Src/motor.o
                0x0800185c                MOTOR_Init
 .text.MOTOR_SetMotor1Angle
                0x080018b0       0x26 ./Core/Src/motor.o
                0x080018b0                MOTOR_SetMotor1Angle
 .text.MOTOR_SetMotor2Angle
                0x080018d6       0x26 ./Core/Src/motor.o
                0x080018d6                MOTOR_SetMotor2Angle
 .text.PWM_InitWithParams
                0x080018fc       0x4a ./Core/Src/pwm.o
                0x080018fc                PWM_InitWithParams
 *fill*         0x08001946        0x2 
 .text.PWM_Init
                0x08001948       0x1c ./Core/Src/pwm.o
                0x08001948                PWM_Init
 .text.PWM_SetDuty
                0x08001964       0x2c ./Core/Src/pwm.o
                0x08001964                PWM_SetDuty
 .text.PWM_SetLedRedDuty
                0x08001990       0x1c ./Core/Src/pwm.o
                0x08001990                PWM_SetLedRedDuty
 .text.HAL_MspInit
                0x080019ac       0x50 ./Core/Src/stm32f7xx_hal_msp.o
                0x080019ac                HAL_MspInit
 .text.HAL_InitTick
                0x080019fc       0xf4 ./Core/Src/stm32f7xx_hal_timebase_tim.o
                0x080019fc                HAL_InitTick
 .text.NMI_Handler
                0x08001af0        0x8 ./Core/Src/stm32f7xx_it.o
                0x08001af0                NMI_Handler
 .text.HardFault_Handler
                0x08001af8        0x8 ./Core/Src/stm32f7xx_it.o
                0x08001af8                HardFault_Handler
 .text.MemManage_Handler
                0x08001b00        0x8 ./Core/Src/stm32f7xx_it.o
                0x08001b00                MemManage_Handler
 .text.BusFault_Handler
                0x08001b08        0x8 ./Core/Src/stm32f7xx_it.o
                0x08001b08                BusFault_Handler
 .text.UsageFault_Handler
                0x08001b10        0x8 ./Core/Src/stm32f7xx_it.o
                0x08001b10                UsageFault_Handler
 .text.DebugMon_Handler
                0x08001b18        0xe ./Core/Src/stm32f7xx_it.o
                0x08001b18                DebugMon_Handler
 .text.EXTI0_IRQHandler
                0x08001b26        0xc ./Core/Src/stm32f7xx_it.o
                0x08001b26                EXTI0_IRQHandler
 .text.EXTI1_IRQHandler
                0x08001b32        0xc ./Core/Src/stm32f7xx_it.o
                0x08001b32                EXTI1_IRQHandler
 .text.EXTI2_IRQHandler
                0x08001b3e        0xc ./Core/Src/stm32f7xx_it.o
                0x08001b3e                EXTI2_IRQHandler
 .text.EXTI3_IRQHandler
                0x08001b4a        0xc ./Core/Src/stm32f7xx_it.o
                0x08001b4a                EXTI3_IRQHandler
 .text.EXTI4_IRQHandler
                0x08001b56        0xc ./Core/Src/stm32f7xx_it.o
                0x08001b56                EXTI4_IRQHandler
 .text.EXTI9_5_IRQHandler
                0x08001b62        0xc ./Core/Src/stm32f7xx_it.o
                0x08001b62                EXTI9_5_IRQHandler
 .text.DMA1_Stream1_IRQHandler
                0x08001b6e        0xc ./Core/Src/stm32f7xx_it.o
                0x08001b6e                DMA1_Stream1_IRQHandler
 .text.DMA1_Stream3_IRQHandler
                0x08001b7a        0xc ./Core/Src/stm32f7xx_it.o
                0x08001b7a                DMA1_Stream3_IRQHandler
 .text.USART3_IRQHandler
                0x08001b86        0xc ./Core/Src/stm32f7xx_it.o
                0x08001b86                USART3_IRQHandler
 .text.EXTI15_10_IRQHandler
                0x08001b92        0xc ./Core/Src/stm32f7xx_it.o
                0x08001b92                EXTI15_10_IRQHandler
 *fill*         0x08001b9e        0x2 
 .text.TIM6_DAC_IRQHandler
                0x08001ba0       0x14 ./Core/Src/stm32f7xx_it.o
                0x08001ba0                TIM6_DAC_IRQHandler
 .text._getpid  0x08001bb4       0x10 ./Core/Src/syscalls.o
                0x08001bb4                _getpid
 .text._kill    0x08001bc4       0x20 ./Core/Src/syscalls.o
                0x08001bc4                _kill
 .text._exit    0x08001be4       0x16 ./Core/Src/syscalls.o
                0x08001be4                _exit
 .text._read    0x08001bfa       0x3a ./Core/Src/syscalls.o
                0x08001bfa                _read
 .text._close   0x08001c34       0x18 ./Core/Src/syscalls.o
                0x08001c34                _close
 .text._fstat   0x08001c4c       0x20 ./Core/Src/syscalls.o
                0x08001c4c                _fstat
 .text._isatty  0x08001c6c       0x16 ./Core/Src/syscalls.o
                0x08001c6c                _isatty
 .text._lseek   0x08001c82       0x1a ./Core/Src/syscalls.o
                0x08001c82                _lseek
 .text._sbrk    0x08001c9c       0x6c ./Core/Src/sysmem.o
                0x08001c9c                _sbrk
 .text.SystemInit
                0x08001d08       0x24 ./Core/Src/system_stm32f7xx.o
                0x08001d08                SystemInit
 .text.HAL_TIM_Base_MspInit
                0x08001d2c       0x40 ./Core/Src/tim.o
                0x08001d2c                HAL_TIM_Base_MspInit
 .text.UART_Init
                0x08001d6c       0x30 ./Core/Src/usart.o
                0x08001d6c                UART_Init
 .text.Reset_Handler
                0x08001d9c       0x50 ./Core/Startup/startup_stm32f767zıtx.o
                0x08001d9c                Reset_Handler
 .text.Default_Handler
                0x08001dec        0x2 ./Core/Startup/startup_stm32f767zıtx.o
                0x08001dec                RTC_Alarm_IRQHandler
                0x08001dec                TIM8_CC_IRQHandler
                0x08001dec                UART8_IRQHandler
                0x08001dec                SPI4_IRQHandler
                0x08001dec                TIM1_CC_IRQHandler
                0x08001dec                DMA2_Stream5_IRQHandler
                0x08001dec                JPEG_IRQHandler
                0x08001dec                DMA1_Stream5_IRQHandler
                0x08001dec                CAN3_RX1_IRQHandler
                0x08001dec                PVD_IRQHandler
                0x08001dec                TAMP_STAMP_IRQHandler
                0x08001dec                CAN2_RX1_IRQHandler
                0x08001dec                TIM8_TRG_COM_TIM14_IRQHandler
                0x08001dec                DFSDM1_FLT1_IRQHandler
                0x08001dec                TIM1_UP_TIM10_IRQHandler
                0x08001dec                TIM8_UP_TIM13_IRQHandler
                0x08001dec                I2C3_ER_IRQHandler
                0x08001dec                DFSDM1_FLT2_IRQHandler
                0x08001dec                I2C2_EV_IRQHandler
                0x08001dec                DMA1_Stream2_IRQHandler
                0x08001dec                CAN1_RX0_IRQHandler
                0x08001dec                FPU_IRQHandler
                0x08001dec                OTG_HS_WKUP_IRQHandler
                0x08001dec                CAN3_SCE_IRQHandler
                0x08001dec                LTDC_ER_IRQHandler
                0x08001dec                CAN2_SCE_IRQHandler
                0x08001dec                DMA2_Stream2_IRQHandler
                0x08001dec                SPI1_IRQHandler
                0x08001dec                TIM1_BRK_TIM9_IRQHandler
                0x08001dec                DCMI_IRQHandler
                0x08001dec                CAN2_RX0_IRQHandler
                0x08001dec                DMA2_Stream3_IRQHandler
                0x08001dec                SAI2_IRQHandler
                0x08001dec                DFSDM1_FLT3_IRQHandler
                0x08001dec                USART6_IRQHandler
                0x08001dec                CAN3_RX0_IRQHandler
                0x08001dec                CAN1_RX1_IRQHandler
                0x08001dec                UART5_IRQHandler
                0x08001dec                DMA2_Stream0_IRQHandler
                0x08001dec                TIM4_IRQHandler
                0x08001dec                QUADSPI_IRQHandler
                0x08001dec                I2C1_EV_IRQHandler
                0x08001dec                DMA1_Stream6_IRQHandler
                0x08001dec                UART4_IRQHandler
                0x08001dec                TIM3_IRQHandler
                0x08001dec                RCC_IRQHandler
                0x08001dec                TIM8_BRK_TIM12_IRQHandler
                0x08001dec                Default_Handler
                0x08001dec                CEC_IRQHandler
                0x08001dec                ADC_IRQHandler
                0x08001dec                DMA1_Stream7_IRQHandler
                0x08001dec                SPI5_IRQHandler
                0x08001dec                TIM7_IRQHandler
                0x08001dec                SDMMC1_IRQHandler
                0x08001dec                CAN2_TX_IRQHandler
                0x08001dec                TIM5_IRQHandler
                0x08001dec                DMA2_Stream7_IRQHandler
                0x08001dec                I2C3_EV_IRQHandler
                0x08001dec                RTC_WKUP_IRQHandler
                0x08001dec                LTDC_IRQHandler
                0x08001dec                ETH_WKUP_IRQHandler
                0x08001dec                SPDIF_RX_IRQHandler
                0x08001dec                SPI2_IRQHandler
                0x08001dec                OTG_HS_EP1_IN_IRQHandler
                0x08001dec                DMA1_Stream0_IRQHandler
                0x08001dec                CAN1_TX_IRQHandler
                0x08001dec                RNG_IRQHandler
                0x08001dec                ETH_IRQHandler
                0x08001dec                OTG_HS_EP1_OUT_IRQHandler
                0x08001dec                WWDG_IRQHandler
                0x08001dec                SPI6_IRQHandler
                0x08001dec                MDIOS_IRQHandler
                0x08001dec                I2C4_EV_IRQHandler
                0x08001dec                CAN3_TX_IRQHandler
                0x08001dec                TIM2_IRQHandler
                0x08001dec                OTG_FS_WKUP_IRQHandler
                0x08001dec                TIM1_TRG_COM_TIM11_IRQHandler
                0x08001dec                OTG_HS_IRQHandler
                0x08001dec                DMA2D_IRQHandler
                0x08001dec                SDMMC2_IRQHandler
                0x08001dec                UART7_IRQHandler
                0x08001dec                USART2_IRQHandler
                0x08001dec                DFSDM1_FLT0_IRQHandler
                0x08001dec                I2C2_ER_IRQHandler
                0x08001dec                DMA2_Stream1_IRQHandler
                0x08001dec                CAN1_SCE_IRQHandler
                0x08001dec                FLASH_IRQHandler
                0x08001dec                DMA2_Stream4_IRQHandler
                0x08001dec                USART1_IRQHandler
                0x08001dec                OTG_FS_IRQHandler
                0x08001dec                SPI3_IRQHandler
                0x08001dec                DMA1_Stream4_IRQHandler
                0x08001dec                I2C1_ER_IRQHandler
                0x08001dec                FMC_IRQHandler
                0x08001dec                LPTIM1_IRQHandler
                0x08001dec                I2C4_ER_IRQHandler
                0x08001dec                DMA2_Stream6_IRQHandler
                0x08001dec                SAI1_IRQHandler
 .text.HAL_Init
                0x08001dee       0x1a ./Drivers/STM32F7xx_HAL_Driver/Src/stm32f7xx_hal.o
                0x08001dee                HAL_Init
 .text.HAL_IncTick
                0x08001e08       0x28 ./Drivers/STM32F7xx_HAL_Driver/Src/stm32f7xx_hal.o
                0x08001e08                HAL_IncTick
 .text.HAL_GetTick
                0x08001e30       0x18 ./Drivers/STM32F7xx_HAL_Driver/Src/stm32f7xx_hal.o
                0x08001e30                HAL_GetTick
 .text.HAL_Delay
                0x08001e48       0x48 ./Drivers/STM32F7xx_HAL_Driver/Src/stm32f7xx_hal.o
                0x08001e48                HAL_Delay
 .text.__NVIC_SetPriorityGrouping
                0x08001e90       0x48 ./Drivers/STM32F7xx_HAL_Driver/Src/stm32f7xx_hal_cortex.o
 .text.__NVIC_GetPriorityGrouping
                0x08001ed8       0x1c ./Drivers/STM32F7xx_HAL_Driver/Src/stm32f7xx_hal_cortex.o
 .text.__NVIC_EnableIRQ
                0x08001ef4       0x3c ./Drivers/STM32F7xx_HAL_Driver/Src/stm32f7xx_hal_cortex.o
 .text.__NVIC_DisableIRQ
                0x08001f30       0x48 ./Drivers/STM32F7xx_HAL_Driver/Src/stm32f7xx_hal_cortex.o
 .text.__NVIC_SetPriority
                0x08001f78       0x54 ./Drivers/STM32F7xx_HAL_Driver/Src/stm32f7xx_hal_cortex.o
 .text.NVIC_EncodePriority
                0x08001fcc       0x66 ./Drivers/STM32F7xx_HAL_Driver/Src/stm32f7xx_hal_cortex.o
 .text.HAL_NVIC_SetPriorityGrouping
                0x08002032       0x16 ./Drivers/STM32F7xx_HAL_Driver/Src/stm32f7xx_hal_cortex.o
                0x08002032                HAL_NVIC_SetPriorityGrouping
 .text.HAL_NVIC_SetPriority
                0x08002048       0x38 ./Drivers/STM32F7xx_HAL_Driver/Src/stm32f7xx_hal_cortex.o
                0x08002048                HAL_NVIC_SetPriority
 .text.HAL_NVIC_EnableIRQ
                0x08002080       0x1c ./Drivers/STM32F7xx_HAL_Driver/Src/stm32f7xx_hal_cortex.o
                0x08002080                HAL_NVIC_EnableIRQ
 .text.HAL_NVIC_DisableIRQ
                0x0800209c       0x1c ./Drivers/STM32F7xx_HAL_Driver/Src/stm32f7xx_hal_cortex.o
                0x0800209c                HAL_NVIC_DisableIRQ
 .text.HAL_MPU_Disable
                0x080020b8       0x30 ./Drivers/STM32F7xx_HAL_Driver/Src/stm32f7xx_hal_cortex.o
                0x080020b8                HAL_MPU_Disable
 .text.HAL_MPU_Enable
                0x080020e8       0x40 ./Drivers/STM32F7xx_HAL_Driver/Src/stm32f7xx_hal_cortex.o
                0x080020e8                HAL_MPU_Enable
 .text.HAL_MPU_ConfigRegion
                0x08002128       0x80 ./Drivers/STM32F7xx_HAL_Driver/Src/stm32f7xx_hal_cortex.o
                0x08002128                HAL_MPU_ConfigRegion
 .text.HAL_DMA_Init
                0x080021a8      0x15c ./Drivers/STM32F7xx_HAL_Driver/Src/stm32f7xx_hal_dma.o
                0x080021a8                HAL_DMA_Init
 .text.HAL_DMA_DeInit
                0x08002304       0xbc ./Drivers/STM32F7xx_HAL_Driver/Src/stm32f7xx_hal_dma.o
                0x08002304                HAL_DMA_DeInit
 .text.HAL_DMA_Start_IT
                0x080023c0       0xc0 ./Drivers/STM32F7xx_HAL_Driver/Src/stm32f7xx_hal_dma.o
                0x080023c0                HAL_DMA_Start_IT
 .text.HAL_DMA_Abort
                0x08002480       0xe0 ./Drivers/STM32F7xx_HAL_Driver/Src/stm32f7xx_hal_dma.o
                0x08002480                HAL_DMA_Abort
 .text.HAL_DMA_Abort_IT
                0x08002560       0x44 ./Drivers/STM32F7xx_HAL_Driver/Src/stm32f7xx_hal_dma.o
                0x08002560                HAL_DMA_Abort_IT
 .text.HAL_DMA_IRQHandler
                0x080025a4      0x314 ./Drivers/STM32F7xx_HAL_Driver/Src/stm32f7xx_hal_dma.o
                0x080025a4                HAL_DMA_IRQHandler
 .text.HAL_DMA_GetError
                0x080028b8       0x18 ./Drivers/STM32F7xx_HAL_Driver/Src/stm32f7xx_hal_dma.o
                0x080028b8                HAL_DMA_GetError
 .text.DMA_SetConfig
                0x080028d0       0x5c ./Drivers/STM32F7xx_HAL_Driver/Src/stm32f7xx_hal_dma.o
 .text.DMA_CalcBaseAndBitshift
                0x0800292c       0x6c ./Drivers/STM32F7xx_HAL_Driver/Src/stm32f7xx_hal_dma.o
 .text.DMA_CheckFifoParam
                0x08002998       0xf8 ./Drivers/STM32F7xx_HAL_Driver/Src/stm32f7xx_hal_dma.o
 .text.HAL_GPIO_Init
                0x08002a90      0x358 ./Drivers/STM32F7xx_HAL_Driver/Src/stm32f7xx_hal_gpio.o
                0x08002a90                HAL_GPIO_Init
 .text.HAL_GPIO_DeInit
                0x08002de8      0x218 ./Drivers/STM32F7xx_HAL_Driver/Src/stm32f7xx_hal_gpio.o
                0x08002de8                HAL_GPIO_DeInit
 .text.HAL_GPIO_TogglePin
                0x08003000       0x34 ./Drivers/STM32F7xx_HAL_Driver/Src/stm32f7xx_hal_gpio.o
                0x08003000                HAL_GPIO_TogglePin
 .text.HAL_I2C_Init
                0x08003034      0x138 ./Drivers/STM32F7xx_HAL_Driver/Src/stm32f7xx_hal_i2c.o
                0x08003034                HAL_I2C_Init
 .text.HAL_I2C_DeInit
                0x0800316c       0x5e ./Drivers/STM32F7xx_HAL_Driver/Src/stm32f7xx_hal_i2c.o
                0x0800316c                HAL_I2C_DeInit
 .text.HAL_I2C_MspInit
                0x080031ca       0x14 ./Drivers/STM32F7xx_HAL_Driver/Src/stm32f7xx_hal_i2c.o
                0x080031ca                HAL_I2C_MspInit
 .text.HAL_I2C_MspDeInit
                0x080031de       0x14 ./Drivers/STM32F7xx_HAL_Driver/Src/stm32f7xx_hal_i2c.o
                0x080031de                HAL_I2C_MspDeInit
 *fill*         0x080031f2        0x2 
 .text.HAL_I2C_Mem_Write
                0x080031f4      0x228 ./Drivers/STM32F7xx_HAL_Driver/Src/stm32f7xx_hal_i2c.o
                0x080031f4                HAL_I2C_Mem_Write
 .text.HAL_I2C_Mem_Read
                0x0800341c      0x234 ./Drivers/STM32F7xx_HAL_Driver/Src/stm32f7xx_hal_i2c.o
                0x0800341c                HAL_I2C_Mem_Read
 .text.I2C_RequestMemoryWrite
                0x08003650       0xa8 ./Drivers/STM32F7xx_HAL_Driver/Src/stm32f7xx_hal_i2c.o
 .text.I2C_RequestMemoryRead
                0x080036f8       0xa8 ./Drivers/STM32F7xx_HAL_Driver/Src/stm32f7xx_hal_i2c.o
 .text.I2C_Flush_TXDR
                0x080037a0       0x48 ./Drivers/STM32F7xx_HAL_Driver/Src/stm32f7xx_hal_i2c.o
 .text.I2C_WaitOnFlagUntilTimeout
                0x080037e8       0xb2 ./Drivers/STM32F7xx_HAL_Driver/Src/stm32f7xx_hal_i2c.o
 .text.I2C_WaitOnTXISFlagUntilTimeout
                0x0800389a       0x8e ./Drivers/STM32F7xx_HAL_Driver/Src/stm32f7xx_hal_i2c.o
 .text.I2C_WaitOnSTOPFlagUntilTimeout
                0x08003928       0x86 ./Drivers/STM32F7xx_HAL_Driver/Src/stm32f7xx_hal_i2c.o
 *fill*         0x080039ae        0x2 
 .text.I2C_IsErrorOccurred
                0x080039b0      0x1c0 ./Drivers/STM32F7xx_HAL_Driver/Src/stm32f7xx_hal_i2c.o
 .text.I2C_TransferConfig
                0x08003b70       0x64 ./Drivers/STM32F7xx_HAL_Driver/Src/stm32f7xx_hal_i2c.o
 .text.HAL_I2CEx_ConfigAnalogFilter
                0x08003bd4       0x96 ./Drivers/STM32F7xx_HAL_Driver/Src/stm32f7xx_hal_i2c_ex.o
                0x08003bd4                HAL_I2CEx_ConfigAnalogFilter
 .text.HAL_I2CEx_ConfigDigitalFilter
                0x08003c6a       0x98 ./Drivers/STM32F7xx_HAL_Driver/Src/stm32f7xx_hal_i2c_ex.o
                0x08003c6a                HAL_I2CEx_ConfigDigitalFilter
 *fill*         0x08003d02        0x2 
 .text.HAL_PWR_EnableBkUpAccess
                0x08003d04       0x20 ./Drivers/STM32F7xx_HAL_Driver/Src/stm32f7xx_hal_pwr.o
                0x08003d04                HAL_PWR_EnableBkUpAccess
 .text.HAL_PWREx_EnableOverDrive
                0x08003d24       0xa0 ./Drivers/STM32F7xx_HAL_Driver/Src/stm32f7xx_hal_pwr_ex.o
                0x08003d24                HAL_PWREx_EnableOverDrive
 .text.HAL_RCC_OscConfig
                0x08003dc4      0x55c ./Drivers/STM32F7xx_HAL_Driver/Src/stm32f7xx_hal_rcc.o
                0x08003dc4                HAL_RCC_OscConfig
 .text.HAL_RCC_ClockConfig
                0x08004320      0x1d8 ./Drivers/STM32F7xx_HAL_Driver/Src/stm32f7xx_hal_rcc.o
                0x08004320                HAL_RCC_ClockConfig
 .text.HAL_RCC_GetSysClockFreq
                0x080044f8      0x188 ./Drivers/STM32F7xx_HAL_Driver/Src/stm32f7xx_hal_rcc.o
                0x080044f8                HAL_RCC_GetSysClockFreq
 .text.HAL_RCC_GetHCLKFreq
                0x08004680       0x18 ./Drivers/STM32F7xx_HAL_Driver/Src/stm32f7xx_hal_rcc.o
                0x08004680                HAL_RCC_GetHCLKFreq
 .text.HAL_RCC_GetPCLK1Freq
                0x08004698       0x28 ./Drivers/STM32F7xx_HAL_Driver/Src/stm32f7xx_hal_rcc.o
                0x08004698                HAL_RCC_GetPCLK1Freq
 .text.HAL_RCC_GetPCLK2Freq
                0x080046c0       0x28 ./Drivers/STM32F7xx_HAL_Driver/Src/stm32f7xx_hal_rcc.o
                0x080046c0                HAL_RCC_GetPCLK2Freq
 .text.HAL_RCC_GetClockConfig
                0x080046e8       0x64 ./Drivers/STM32F7xx_HAL_Driver/Src/stm32f7xx_hal_rcc.o
                0x080046e8                HAL_RCC_GetClockConfig
 .text.HAL_RCCEx_PeriphCLKConfig
                0x0800474c      0x850 ./Drivers/STM32F7xx_HAL_Driver/Src/stm32f7xx_hal_rcc_ex.o
                0x0800474c                HAL_RCCEx_PeriphCLKConfig
 .text.HAL_TIM_Base_Init
                0x08004f9c       0xae ./Drivers/STM32F7xx_HAL_Driver/Src/stm32f7xx_hal_tim.o
                0x08004f9c                HAL_TIM_Base_Init
 *fill*         0x0800504a        0x2 
 .text.HAL_TIM_Base_Start_IT
                0x0800504c       0xf0 ./Drivers/STM32F7xx_HAL_Driver/Src/stm32f7xx_hal_tim.o
                0x0800504c                HAL_TIM_Base_Start_IT
 .text.HAL_TIM_PWM_Init
                0x0800513c       0xae ./Drivers/STM32F7xx_HAL_Driver/Src/stm32f7xx_hal_tim.o
                0x0800513c                HAL_TIM_PWM_Init
 *fill*         0x080051ea        0x2 
 .text.HAL_TIM_PWM_DeInit
                0x080051ec       0xbc ./Drivers/STM32F7xx_HAL_Driver/Src/stm32f7xx_hal_tim.o
                0x080051ec                HAL_TIM_PWM_DeInit
 .text.HAL_TIM_PWM_MspInit
                0x080052a8       0x14 ./Drivers/STM32F7xx_HAL_Driver/Src/stm32f7xx_hal_tim.o
                0x080052a8                HAL_TIM_PWM_MspInit
 .text.HAL_TIM_PWM_MspDeInit
                0x080052bc       0x14 ./Drivers/STM32F7xx_HAL_Driver/Src/stm32f7xx_hal_tim.o
                0x080052bc                HAL_TIM_PWM_MspDeInit
 .text.HAL_TIM_PWM_Start
                0x080052d0      0x1f4 ./Drivers/STM32F7xx_HAL_Driver/Src/stm32f7xx_hal_tim.o
                0x080052d0                HAL_TIM_PWM_Start
 .text.HAL_TIM_PWM_Stop
                0x080054c4      0x100 ./Drivers/STM32F7xx_HAL_Driver/Src/stm32f7xx_hal_tim.o
                0x080054c4                HAL_TIM_PWM_Stop
 .text.HAL_TIM_IRQHandler
                0x080055c4      0x20e ./Drivers/STM32F7xx_HAL_Driver/Src/stm32f7xx_hal_tim.o
                0x080055c4                HAL_TIM_IRQHandler
 *fill*         0x080057d2        0x2 
 .text.HAL_TIM_PWM_ConfigChannel
                0x080057d4      0x228 ./Drivers/STM32F7xx_HAL_Driver/Src/stm32f7xx_hal_tim.o
                0x080057d4                HAL_TIM_PWM_ConfigChannel
 .text.HAL_TIM_ConfigClockSource
                0x080059fc      0x194 ./Drivers/STM32F7xx_HAL_Driver/Src/stm32f7xx_hal_tim.o
                0x080059fc                HAL_TIM_ConfigClockSource
 .text.HAL_TIM_OC_DelayElapsedCallback
                0x08005b90       0x14 ./Drivers/STM32F7xx_HAL_Driver/Src/stm32f7xx_hal_tim.o
                0x08005b90                HAL_TIM_OC_DelayElapsedCallback
 .text.HAL_TIM_IC_CaptureCallback
                0x08005ba4       0x14 ./Drivers/STM32F7xx_HAL_Driver/Src/stm32f7xx_hal_tim.o
                0x08005ba4                HAL_TIM_IC_CaptureCallback
 .text.HAL_TIM_PWM_PulseFinishedCallback
                0x08005bb8       0x14 ./Drivers/STM32F7xx_HAL_Driver/Src/stm32f7xx_hal_tim.o
                0x08005bb8                HAL_TIM_PWM_PulseFinishedCallback
 .text.HAL_TIM_TriggerCallback
                0x08005bcc       0x14 ./Drivers/STM32F7xx_HAL_Driver/Src/stm32f7xx_hal_tim.o
                0x08005bcc                HAL_TIM_TriggerCallback
 .text.TIM_Base_SetConfig
                0x08005be0      0x14c ./Drivers/STM32F7xx_HAL_Driver/Src/stm32f7xx_hal_tim.o
                0x08005be0                TIM_Base_SetConfig
 .text.TIM_OC1_SetConfig
                0x08005d2c       0xe4 ./Drivers/STM32F7xx_HAL_Driver/Src/stm32f7xx_hal_tim.o
 .text.TIM_OC2_SetConfig
                0x08005e10       0xf0 ./Drivers/STM32F7xx_HAL_Driver/Src/stm32f7xx_hal_tim.o
                0x08005e10                TIM_OC2_SetConfig
 .text.TIM_OC3_SetConfig
                0x08005f00       0xec ./Drivers/STM32F7xx_HAL_Driver/Src/stm32f7xx_hal_tim.o
 .text.TIM_OC4_SetConfig
                0x08005fec       0xb0 ./Drivers/STM32F7xx_HAL_Driver/Src/stm32f7xx_hal_tim.o
 .text.TIM_OC5_SetConfig
                0x0800609c       0xa4 ./Drivers/STM32F7xx_HAL_Driver/Src/stm32f7xx_hal_tim.o
 .text.TIM_OC6_SetConfig
                0x08006140       0xa8 ./Drivers/STM32F7xx_HAL_Driver/Src/stm32f7xx_hal_tim.o
 .text.TIM_TI1_ConfigInputStage
                0x080061e8       0x5e ./Drivers/STM32F7xx_HAL_Driver/Src/stm32f7xx_hal_tim.o
 .text.TIM_TI2_ConfigInputStage
                0x08006246       0x60 ./Drivers/STM32F7xx_HAL_Driver/Src/stm32f7xx_hal_tim.o
 .text.TIM_ITRx_SetConfig
                0x080062a6       0x36 ./Drivers/STM32F7xx_HAL_Driver/Src/stm32f7xx_hal_tim.o
 .text.TIM_ETR_SetConfig
                0x080062dc       0x40 ./Drivers/STM32F7xx_HAL_Driver/Src/stm32f7xx_hal_tim.o
                0x080062dc                TIM_ETR_SetConfig
 .text.TIM_CCxChannelCmd
                0x0800631c       0x4a ./Drivers/STM32F7xx_HAL_Driver/Src/stm32f7xx_hal_tim.o
                0x0800631c                TIM_CCxChannelCmd
 .text.HAL_TIMEx_CommutCallback
                0x08006366       0x14 ./Drivers/STM32F7xx_HAL_Driver/Src/stm32f7xx_hal_tim_ex.o
                0x08006366                HAL_TIMEx_CommutCallback
 .text.HAL_TIMEx_BreakCallback
                0x0800637a       0x14 ./Drivers/STM32F7xx_HAL_Driver/Src/stm32f7xx_hal_tim_ex.o
                0x0800637a                HAL_TIMEx_BreakCallback
 .text.HAL_TIMEx_Break2Callback
                0x0800638e       0x14 ./Drivers/STM32F7xx_HAL_Driver/Src/stm32f7xx_hal_tim_ex.o
                0x0800638e                HAL_TIMEx_Break2Callback
 .text.HAL_UART_Init
                0x080063a2       0x9c ./Drivers/STM32F7xx_HAL_Driver/Src/stm32f7xx_hal_uart.o
                0x080063a2                HAL_UART_Init
 .text.HAL_UART_DeInit
                0x0800643e       0x7a ./Drivers/STM32F7xx_HAL_Driver/Src/stm32f7xx_hal_uart.o
                0x0800643e                HAL_UART_DeInit
 .text.HAL_UART_MspInit
                0x080064b8       0x14 ./Drivers/STM32F7xx_HAL_Driver/Src/stm32f7xx_hal_uart.o
                0x080064b8                HAL_UART_MspInit
 .text.HAL_UART_MspDeInit
                0x080064cc       0x14 ./Drivers/STM32F7xx_HAL_Driver/Src/stm32f7xx_hal_uart.o
                0x080064cc                HAL_UART_MspDeInit
 .text.HAL_UART_Transmit
                0x080064e0      0x112 ./Drivers/STM32F7xx_HAL_Driver/Src/stm32f7xx_hal_uart.o
                0x080064e0                HAL_UART_Transmit
 *fill*         0x080065f2        0x2 
 .text.HAL_UART_Transmit_IT
                0x080065f4       0xbc ./Drivers/STM32F7xx_HAL_Driver/Src/stm32f7xx_hal_uart.o
                0x080065f4                HAL_UART_Transmit_IT
 .text.HAL_UART_Transmit_DMA
                0x080066b0       0xf8 ./Drivers/STM32F7xx_HAL_Driver/Src/stm32f7xx_hal_uart.o
                0x080066b0                HAL_UART_Transmit_DMA
 .text.HAL_UART_Abort
                0x080067a8      0x1f2 ./Drivers/STM32F7xx_HAL_Driver/Src/stm32f7xx_hal_uart.o
                0x080067a8                HAL_UART_Abort
 .text.HAL_UART_AbortReceive
                0x0800699a      0x15e ./Drivers/STM32F7xx_HAL_Driver/Src/stm32f7xx_hal_uart.o
                0x0800699a                HAL_UART_AbortReceive
 .text.HAL_UART_IRQHandler
                0x08006af8      0x604 ./Drivers/STM32F7xx_HAL_Driver/Src/stm32f7xx_hal_uart.o
                0x08006af8                HAL_UART_IRQHandler
 .text.HAL_UART_TxCpltCallback
                0x080070fc       0x14 ./Drivers/STM32F7xx_HAL_Driver/Src/stm32f7xx_hal_uart.o
                0x080070fc                HAL_UART_TxCpltCallback
 .text.HAL_UART_TxHalfCpltCallback
                0x08007110       0x14 ./Drivers/STM32F7xx_HAL_Driver/Src/stm32f7xx_hal_uart.o
                0x08007110                HAL_UART_TxHalfCpltCallback
 .text.HAL_UART_RxCpltCallback
                0x08007124       0x14 ./Drivers/STM32F7xx_HAL_Driver/Src/stm32f7xx_hal_uart.o
                0x08007124                HAL_UART_RxCpltCallback
 .text.HAL_UART_RxHalfCpltCallback
                0x08007138       0x14 ./Drivers/STM32F7xx_HAL_Driver/Src/stm32f7xx_hal_uart.o
                0x08007138                HAL_UART_RxHalfCpltCallback
 .text.HAL_UART_ErrorCallback
                0x0800714c       0x14 ./Drivers/STM32F7xx_HAL_Driver/Src/stm32f7xx_hal_uart.o
                0x0800714c                HAL_UART_ErrorCallback
 .text.HAL_UARTEx_RxEventCallback
                0x08007160       0x18 ./Drivers/STM32F7xx_HAL_Driver/Src/stm32f7xx_hal_uart.o
                0x08007160                HAL_UARTEx_RxEventCallback
 .text.HAL_UARTEx_WakeupCallback
                0x08007178       0x14 ./Drivers/STM32F7xx_HAL_Driver/Src/stm32f7xx_hal_uart.o
                0x08007178                HAL_UARTEx_WakeupCallback
 .text.HAL_UART_GetState
                0x0800718c       0x28 ./Drivers/STM32F7xx_HAL_Driver/Src/stm32f7xx_hal_uart.o
                0x0800718c                HAL_UART_GetState
 .text.UART_SetConfig
                0x080071b4      0x4c8 ./Drivers/STM32F7xx_HAL_Driver/Src/stm32f7xx_hal_uart.o
                0x080071b4                UART_SetConfig
 .text.UART_AdvFeatureConfig
                0x0800767c      0x144 ./Drivers/STM32F7xx_HAL_Driver/Src/stm32f7xx_hal_uart.o
                0x0800767c                UART_AdvFeatureConfig
 .text.UART_CheckIdleState
                0x080077c0      0x150 ./Drivers/STM32F7xx_HAL_Driver/Src/stm32f7xx_hal_uart.o
                0x080077c0                UART_CheckIdleState
 .text.UART_WaitOnFlagUntilTimeout
                0x08007910       0xda ./Drivers/STM32F7xx_HAL_Driver/Src/stm32f7xx_hal_uart.o
                0x08007910                UART_WaitOnFlagUntilTimeout
 *fill*         0x080079ea        0x2 
 .text.UART_Start_Receive_IT
                0x080079ec      0x18c ./Drivers/STM32F7xx_HAL_Driver/Src/stm32f7xx_hal_uart.o
                0x080079ec                UART_Start_Receive_IT
 .text.UART_Start_Receive_DMA
                0x08007b78      0x140 ./Drivers/STM32F7xx_HAL_Driver/Src/stm32f7xx_hal_uart.o
                0x08007b78                UART_Start_Receive_DMA
 .text.UART_EndTxTransfer
                0x08007cb8       0x4c ./Drivers/STM32F7xx_HAL_Driver/Src/stm32f7xx_hal_uart.o
 .text.UART_EndRxTransfer
                0x08007d04       0xc8 ./Drivers/STM32F7xx_HAL_Driver/Src/stm32f7xx_hal_uart.o
 .text.UART_DMATransmitCplt
                0x08007dcc       0x96 ./Drivers/STM32F7xx_HAL_Driver/Src/stm32f7xx_hal_uart.o
 .text.UART_DMATxHalfCplt
                0x08007e62       0x1c ./Drivers/STM32F7xx_HAL_Driver/Src/stm32f7xx_hal_uart.o
 .text.UART_DMAReceiveCplt
                0x08007e7e      0x15e ./Drivers/STM32F7xx_HAL_Driver/Src/stm32f7xx_hal_uart.o
 .text.UART_DMARxHalfCplt
                0x08007fdc       0x72 ./Drivers/STM32F7xx_HAL_Driver/Src/stm32f7xx_hal_uart.o
 .text.UART_DMAError
                0x0800804e       0x7e ./Drivers/STM32F7xx_HAL_Driver/Src/stm32f7xx_hal_uart.o
 .text.UART_DMAAbortOnError
                0x080080cc       0x24 ./Drivers/STM32F7xx_HAL_Driver/Src/stm32f7xx_hal_uart.o
 .text.UART_TxISR_8BIT
                0x080080f0       0xb6 ./Drivers/STM32F7xx_HAL_Driver/Src/stm32f7xx_hal_uart.o
 .text.UART_TxISR_16BIT
                0x080081a6       0xc0 ./Drivers/STM32F7xx_HAL_Driver/Src/stm32f7xx_hal_uart.o
 .text.UART_EndTransmit_IT
                0x08008266       0x54 ./Drivers/STM32F7xx_HAL_Driver/Src/stm32f7xx_hal_uart.o
 .text.UART_RxISR_8BIT
                0x080082ba      0x1a8 ./Drivers/STM32F7xx_HAL_Driver/Src/stm32f7xx_hal_uart.o
 .text.UART_RxISR_16BIT
                0x08008462      0x1a8 ./Drivers/STM32F7xx_HAL_Driver/Src/stm32f7xx_hal_uart.o
 .text.HAL_UARTEx_ReceiveToIdle_IT
                0x0800860a       0xa0 ./Drivers/STM32F7xx_HAL_Driver/Src/stm32f7xx_hal_uart_ex.o
                0x0800860a                HAL_UARTEx_ReceiveToIdle_IT
 .text.HAL_UARTEx_ReceiveToIdle_DMA
                0x080086aa       0xa8 ./Drivers/STM32F7xx_HAL_Driver/Src/stm32f7xx_hal_uart_ex.o
                0x080086aa                HAL_UARTEx_ReceiveToIdle_DMA
 .text.HAL_UARTEx_GetRxEventType
                0x08008752       0x18 ./Drivers/STM32F7xx_HAL_Driver/Src/stm32f7xx_hal_uart_ex.o
                0x08008752                HAL_UARTEx_GetRxEventType
 .text.SVC_Setup
                0x0800876a        0xe ./Middlewares/Third_Party/FreeRTOS/Source/CMSIS_RTOS_V2/cmsis_os2.o
 .text.osKernelInitialize
                0x08008778       0x68 ./Middlewares/Third_Party/FreeRTOS/Source/CMSIS_RTOS_V2/cmsis_os2.o
                0x08008778                osKernelInitialize
 .text.osKernelStart
                0x080087e0       0x6c ./Middlewares/Third_Party/FreeRTOS/Source/CMSIS_RTOS_V2/cmsis_os2.o
                0x080087e0                osKernelStart
 .text.osThreadNew
                0x0800884c      0x14c ./Middlewares/Third_Party/FreeRTOS/Source/CMSIS_RTOS_V2/cmsis_os2.o
                0x0800884c                osThreadNew
 .text.osDelay  0x08008998       0x5c ./Middlewares/Third_Party/FreeRTOS/Source/CMSIS_RTOS_V2/cmsis_os2.o
                0x08008998                osDelay
 .text.TimerCallback
                0x080089f4       0x2a ./Middlewares/Third_Party/FreeRTOS/Source/CMSIS_RTOS_V2/cmsis_os2.o
 *fill*         0x08008a1e        0x2 
 .text.osTimerNew
                0x08008a20      0x108 ./Middlewares/Third_Party/FreeRTOS/Source/CMSIS_RTOS_V2/cmsis_os2.o
                0x08008a20                osTimerNew
 .text.osTimerStart
                0x08008b28       0x80 ./Middlewares/Third_Party/FreeRTOS/Source/CMSIS_RTOS_V2/cmsis_os2.o
                0x08008b28                osTimerStart
 .text.osSemaphoreNew
                0x08008ba8      0x138 ./Middlewares/Third_Party/FreeRTOS/Source/CMSIS_RTOS_V2/cmsis_os2.o
                0x08008ba8                osSemaphoreNew
 .text.osSemaphoreAcquire
                0x08008ce0       0xcc ./Middlewares/Third_Party/FreeRTOS/Source/CMSIS_RTOS_V2/cmsis_os2.o
                0x08008ce0                osSemaphoreAcquire
 .text.osSemaphoreRelease
                0x08008dac       0xb0 ./Middlewares/Third_Party/FreeRTOS/Source/CMSIS_RTOS_V2/cmsis_os2.o
                0x08008dac                osSemaphoreRelease
 .text.osMessageQueueNew
                0x08008e5c      0x10c ./Middlewares/Third_Party/FreeRTOS/Source/CMSIS_RTOS_V2/cmsis_os2.o
                0x08008e5c                osMessageQueueNew
 .text.osMessageQueuePut
                0x08008f68       0xe8 ./Middlewares/Third_Party/FreeRTOS/Source/CMSIS_RTOS_V2/cmsis_os2.o
                0x08008f68                osMessageQueuePut
 .text.osMessageQueueGet
                0x08009050       0xe4 ./Middlewares/Third_Party/FreeRTOS/Source/CMSIS_RTOS_V2/cmsis_os2.o
                0x08009050                osMessageQueueGet
 .text.vApplicationGetIdleTaskMemory
                0x08009134       0x34 ./Middlewares/Third_Party/FreeRTOS/Source/CMSIS_RTOS_V2/cmsis_os2.o
                0x08009134                vApplicationGetIdleTaskMemory
 .text.vApplicationGetTimerTaskMemory
                0x08009168       0x34 ./Middlewares/Third_Party/FreeRTOS/Source/CMSIS_RTOS_V2/cmsis_os2.o
                0x08009168                vApplicationGetTimerTaskMemory
 .text.vListInitialise
                0x0800919c       0x40 ./Middlewares/Third_Party/FreeRTOS/Source/list.o
                0x0800919c                vListInitialise
 .text.vListInitialiseItem
                0x080091dc       0x1a ./Middlewares/Third_Party/FreeRTOS/Source/list.o
                0x080091dc                vListInitialiseItem
 .text.vListInsertEnd
                0x080091f6       0x48 ./Middlewares/Third_Party/FreeRTOS/Source/list.o
                0x080091f6                vListInsertEnd
 .text.vListInsert
                0x0800923e       0x72 ./Middlewares/Third_Party/FreeRTOS/Source/list.o
                0x0800923e                vListInsert
 .text.uxListRemove
                0x080092b0       0x54 ./Middlewares/Third_Party/FreeRTOS/Source/list.o
                0x080092b0                uxListRemove
 .text.xQueueGenericReset
                0x08009304       0xd8 ./Middlewares/Third_Party/FreeRTOS/Source/queue.o
                0x08009304                xQueueGenericReset
 .text.xQueueGenericCreateStatic
                0x080093dc      0x10e ./Middlewares/Third_Party/FreeRTOS/Source/queue.o
                0x080093dc                xQueueGenericCreateStatic
 .text.xQueueGenericCreate
                0x080094ea       0x86 ./Middlewares/Third_Party/FreeRTOS/Source/queue.o
                0x080094ea                xQueueGenericCreate
 .text.prvInitialiseNewQueue
                0x08009570       0x46 ./Middlewares/Third_Party/FreeRTOS/Source/queue.o
 .text.xQueueCreateCountingSemaphoreStatic
                0x080095b6       0x7a ./Middlewares/Third_Party/FreeRTOS/Source/queue.o
                0x080095b6                xQueueCreateCountingSemaphoreStatic
 .text.xQueueCreateCountingSemaphore
                0x08009630       0x72 ./Middlewares/Third_Party/FreeRTOS/Source/queue.o
                0x08009630                xQueueCreateCountingSemaphore
 *fill*         0x080096a2        0x2 
 .text.xQueueGenericSend
                0x080096a4      0x214 ./Middlewares/Third_Party/FreeRTOS/Source/queue.o
                0x080096a4                xQueueGenericSend
 .text.xQueueGenericSendFromISR
                0x080098b8      0x146 ./Middlewares/Third_Party/FreeRTOS/Source/queue.o
                0x080098b8                xQueueGenericSendFromISR
 .text.xQueueGiveFromISR
                0x080099fe      0x130 ./Middlewares/Third_Party/FreeRTOS/Source/queue.o
                0x080099fe                xQueueGiveFromISR
 *fill*         0x08009b2e        0x2 
 .text.xQueueReceive
                0x08009b30      0x1d0 ./Middlewares/Third_Party/FreeRTOS/Source/queue.o
                0x08009b30                xQueueReceive
 .text.xQueueSemaphoreTake
                0x08009d00      0x230 ./Middlewares/Third_Party/FreeRTOS/Source/queue.o
                0x08009d00                xQueueSemaphoreTake
 .text.xQueueReceiveFromISR
                0x08009f30      0x110 ./Middlewares/Third_Party/FreeRTOS/Source/queue.o
                0x08009f30                xQueueReceiveFromISR
 .text.vQueueDelete
                0x0800a040       0x4c ./Middlewares/Third_Party/FreeRTOS/Source/queue.o
                0x0800a040                vQueueDelete
 .text.prvGetDisinheritPriorityAfterTimeout
                0x0800a08c       0x30 ./Middlewares/Third_Party/FreeRTOS/Source/queue.o
 .text.prvCopyDataToQueue
                0x0800a0bc       0xd4 ./Middlewares/Third_Party/FreeRTOS/Source/queue.o
 .text.prvCopyDataFromQueue
                0x0800a190       0x4c ./Middlewares/Third_Party/FreeRTOS/Source/queue.o
 .text.prvUnlockQueue
                0x0800a1dc       0xa4 ./Middlewares/Third_Party/FreeRTOS/Source/queue.o
 .text.prvIsQueueEmpty
                0x0800a280       0x2c ./Middlewares/Third_Party/FreeRTOS/Source/queue.o
 .text.prvIsQueueFull
                0x0800a2ac       0x30 ./Middlewares/Third_Party/FreeRTOS/Source/queue.o
 .text.vQueueAddToRegistry
                0x0800a2dc       0x54 ./Middlewares/Third_Party/FreeRTOS/Source/queue.o
                0x0800a2dc                vQueueAddToRegistry
 .text.vQueueUnregisterQueue
                0x0800a330       0x54 ./Middlewares/Third_Party/FreeRTOS/Source/queue.o
                0x0800a330                vQueueUnregisterQueue
 .text.vQueueWaitForMessageRestricted
                0x0800a384       0x68 ./Middlewares/Third_Party/FreeRTOS/Source/queue.o
                0x0800a384                vQueueWaitForMessageRestricted
 .text.xTaskCreateStatic
                0x0800a3ec       0xcc ./Middlewares/Third_Party/FreeRTOS/Source/tasks.o
                0x0800a3ec                xTaskCreateStatic
 .text.xTaskCreate
                0x0800a4b8       0x8a ./Middlewares/Third_Party/FreeRTOS/Source/tasks.o
                0x0800a4b8                xTaskCreate
 .text.prvInitialiseNewTask
                0x0800a542      0x124 ./Middlewares/Third_Party/FreeRTOS/Source/tasks.o
 *fill*         0x0800a666        0x2 
 .text.prvAddNewTaskToReadyList
                0x0800a668       0xe0 ./Middlewares/Third_Party/FreeRTOS/Source/tasks.o
 .text.vTaskDelay
                0x0800a748       0x70 ./Middlewares/Third_Party/FreeRTOS/Source/tasks.o
                0x0800a748                vTaskDelay
 .text.vTaskStartScheduler
                0x0800a7b8       0xd8 ./Middlewares/Third_Party/FreeRTOS/Source/tasks.o
                0x0800a7b8                vTaskStartScheduler
 .text.vTaskSuspendAll
                0x0800a890       0x1c ./Middlewares/Third_Party/FreeRTOS/Source/tasks.o
                0x0800a890                vTaskSuspendAll
 .text.xTaskResumeAll
                0x0800a8ac      0x140 ./Middlewares/Third_Party/FreeRTOS/Source/tasks.o
                0x0800a8ac                xTaskResumeAll
 .text.xTaskGetTickCount
                0x0800a9ec       0x20 ./Middlewares/Third_Party/FreeRTOS/Source/tasks.o
                0x0800a9ec                xTaskGetTickCount
 .text.xTaskIncrementTick
                0x0800aa0c      0x178 ./Middlewares/Third_Party/FreeRTOS/Source/tasks.o
                0x0800aa0c                xTaskIncrementTick
 .text.vTaskSwitchContext
                0x0800ab84       0xc0 ./Middlewares/Third_Party/FreeRTOS/Source/tasks.o
                0x0800ab84                vTaskSwitchContext
 .text.vTaskPlaceOnEventList
                0x0800ac44       0x50 ./Middlewares/Third_Party/FreeRTOS/Source/tasks.o
                0x0800ac44                vTaskPlaceOnEventList
 .text.vTaskPlaceOnEventListRestricted
                0x0800ac94       0x5c ./Middlewares/Third_Party/FreeRTOS/Source/tasks.o
                0x0800ac94                vTaskPlaceOnEventListRestricted
 .text.xTaskRemoveFromEventList
                0x0800acf0       0xcc ./Middlewares/Third_Party/FreeRTOS/Source/tasks.o
                0x0800acf0                xTaskRemoveFromEventList
 .text.vTaskInternalSetTimeOutState
                0x0800adbc       0x2c ./Middlewares/Third_Party/FreeRTOS/Source/tasks.o
                0x0800adbc                vTaskInternalSetTimeOutState
 .text.xTaskCheckForTimeOut
                0x0800ade8       0xd0 ./Middlewares/Third_Party/FreeRTOS/Source/tasks.o
                0x0800ade8                xTaskCheckForTimeOut
 .text.vTaskMissedYield
                0x0800aeb8       0x18 ./Middlewares/Third_Party/FreeRTOS/Source/tasks.o
                0x0800aeb8                vTaskMissedYield
 .text.prvIdleTask
                0x0800aed0       0x30 ./Middlewares/Third_Party/FreeRTOS/Source/tasks.o
 .text.prvInitialiseTaskLists
                0x0800af00       0x80 ./Middlewares/Third_Party/FreeRTOS/Source/tasks.o
 .text.prvCheckTasksWaitingTermination
                0x0800af80       0x5c ./Middlewares/Third_Party/FreeRTOS/Source/tasks.o
 .text.prvDeleteTCB
                0x0800afdc       0x64 ./Middlewares/Third_Party/FreeRTOS/Source/tasks.o
 .text.prvResetNextTaskUnblockTime
                0x0800b040       0x40 ./Middlewares/Third_Party/FreeRTOS/Source/tasks.o
 .text.xTaskGetSchedulerState
                0x0800b080       0x3c ./Middlewares/Third_Party/FreeRTOS/Source/tasks.o
                0x0800b080                xTaskGetSchedulerState
 .text.xTaskPriorityInherit
                0x0800b0bc       0xd0 ./Middlewares/Third_Party/FreeRTOS/Source/tasks.o
                0x0800b0bc                xTaskPriorityInherit
 .text.xTaskPriorityDisinherit
                0x0800b18c       0xe8 ./Middlewares/Third_Party/FreeRTOS/Source/tasks.o
                0x0800b18c                xTaskPriorityDisinherit
 .text.vTaskPriorityDisinheritAfterTimeout
                0x0800b274      0x110 ./Middlewares/Third_Party/FreeRTOS/Source/tasks.o
                0x0800b274                vTaskPriorityDisinheritAfterTimeout
 .text.pvTaskIncrementMutexHeldCount
                0x0800b384       0x28 ./Middlewares/Third_Party/FreeRTOS/Source/tasks.o
                0x0800b384                pvTaskIncrementMutexHeldCount
 .text.prvAddCurrentTaskToDelayedList
                0x0800b3ac       0xa8 ./Middlewares/Third_Party/FreeRTOS/Source/tasks.o
 .text.xTimerCreateTimerTask
                0x0800b454       0x98 ./Middlewares/Third_Party/FreeRTOS/Source/timers.o
                0x0800b454                xTimerCreateTimerTask
 .text.xTimerCreate
                0x0800b4ec       0x42 ./Middlewares/Third_Party/FreeRTOS/Source/timers.o
                0x0800b4ec                xTimerCreate
 .text.xTimerCreateStatic
                0x0800b52e       0x88 ./Middlewares/Third_Party/FreeRTOS/Source/timers.o
                0x0800b52e                xTimerCreateStatic
 .text.prvInitialiseNewTimer
                0x0800b5b6       0x7c ./Middlewares/Third_Party/FreeRTOS/Source/timers.o
 *fill*         0x0800b632        0x2 
 .text.xTimerGenericCommand
                0x0800b634       0xa0 ./Middlewares/Third_Party/FreeRTOS/Source/timers.o
                0x0800b634                xTimerGenericCommand
 .text.prvProcessExpiredTimer
                0x0800b6d4       0xa0 ./Middlewares/Third_Party/FreeRTOS/Source/timers.o
 .text.prvTimerTask
                0x0800b774       0x26 ./Middlewares/Third_Party/FreeRTOS/Source/timers.o
 *fill*         0x0800b79a        0x2 
 .text.prvProcessTimerOrBlockTask
                0x0800b79c       0x9c ./Middlewares/Third_Party/FreeRTOS/Source/timers.o
 .text.prvGetNextExpireTime
                0x0800b838       0x48 ./Middlewares/Third_Party/FreeRTOS/Source/timers.o
 .text.prvSampleTimeNow
                0x0800b880       0x40 ./Middlewares/Third_Party/FreeRTOS/Source/timers.o
 .text.prvInsertTimerInActiveList
                0x0800b8c0       0x84 ./Middlewares/Third_Party/FreeRTOS/Source/timers.o
 .text.prvProcessReceivedCommands
                0x0800b944      0x1d8 ./Middlewares/Third_Party/FreeRTOS/Source/timers.o
 .text.prvSwitchTimerLists
                0x0800bb1c       0xd0 ./Middlewares/Third_Party/FreeRTOS/Source/timers.o
 .text.prvCheckForValidListAndQueue
                0x0800bbec       0x80 ./Middlewares/Third_Party/FreeRTOS/Source/timers.o
 .text.pvTimerGetTimerID
                0x0800bc6c       0x46 ./Middlewares/Third_Party/FreeRTOS/Source/timers.o
                0x0800bc6c                pvTimerGetTimerID
 *fill*         0x0800bcb2        0x2 
 .text.pxPortInitialiseStack
                0x0800bcb4       0x68 ./Middlewares/Third_Party/FreeRTOS/Source/portable/GCC/ARM_CM7/r0p1/port.o
                0x0800bcb4                pxPortInitialiseStack
 .text.prvTaskExitError
                0x0800bd1c       0x64 ./Middlewares/Third_Party/FreeRTOS/Source/portable/GCC/ARM_CM7/r0p1/port.o
 .text.SVC_Handler
                0x0800bd80       0x28 ./Middlewares/Third_Party/FreeRTOS/Source/portable/GCC/ARM_CM7/r0p1/port.o
                0x0800bd80                SVC_Handler
 .text.prvPortStartFirstTask
                0x0800bda8       0x28 ./Middlewares/Third_Party/FreeRTOS/Source/portable/GCC/ARM_CM7/r0p1/port.o
 .text.xPortStartScheduler
                0x0800bdd0       0xfc ./Middlewares/Third_Party/FreeRTOS/Source/portable/GCC/ARM_CM7/r0p1/port.o
                0x0800bdd0                xPortStartScheduler
 .text.vPortEnterCritical
                0x0800becc       0x6c ./Middlewares/Third_Party/FreeRTOS/Source/portable/GCC/ARM_CM7/r0p1/port.o
                0x0800becc                vPortEnterCritical
 .text.vPortExitCritical
                0x0800bf38       0x58 ./Middlewares/Third_Party/FreeRTOS/Source/portable/GCC/ARM_CM7/r0p1/port.o
                0x0800bf38                vPortExitCritical
 .text.PendSV_Handler
                0x0800bf90       0x68 ./Middlewares/Third_Party/FreeRTOS/Source/portable/GCC/ARM_CM7/r0p1/port.o
                0x0800bf90                PendSV_Handler
 .text.SysTick_Handler
                0x0800bff8       0x48 ./Middlewares/Third_Party/FreeRTOS/Source/portable/GCC/ARM_CM7/r0p1/port.o
                0x0800bff8                SysTick_Handler
 .text.vPortSetupTimerInterrupt
                0x0800c040       0x48 ./Middlewares/Third_Party/FreeRTOS/Source/portable/GCC/ARM_CM7/r0p1/port.o
                0x0800c040                vPortSetupTimerInterrupt
 .text.vPortEnableVFP
                0x0800c088       0x14 ./Middlewares/Third_Party/FreeRTOS/Source/portable/GCC/ARM_CM7/r0p1/port.o
 .text.vPortValidateInterruptPriority
                0x0800c09c       0x8c ./Middlewares/Third_Party/FreeRTOS/Source/portable/GCC/ARM_CM7/r0p1/port.o
                0x0800c09c                vPortValidateInterruptPriority
 .text.pvPortMalloc
                0x0800c128      0x19c ./Middlewares/Third_Party/FreeRTOS/Source/portable/MemMang/heap_4.o
                0x0800c128                pvPortMalloc
 .text.vPortFree
                0x0800c2c4       0xc0 ./Middlewares/Third_Party/FreeRTOS/Source/portable/MemMang/heap_4.o
                0x0800c2c4                vPortFree
 .text.prvHeapInit
                0x0800c384       0xc4 ./Middlewares/Third_Party/FreeRTOS/Source/portable/MemMang/heap_4.o
 .text.prvInsertBlockIntoFreeList
                0x0800c448       0xb4 ./Middlewares/Third_Party/FreeRTOS/Source/portable/MemMang/heap_4.o
 .text._ZN14CircularBufferC2Ej
                0x0800c4fc       0x58 ./Utils/Src/OnlineParser.o
                0x0800c4fc                CircularBuffer::CircularBuffer(unsigned int)
                0x0800c4fc                CircularBuffer::CircularBuffer(unsigned int)
 .text._ZN14CircularBuffer4pushEh
                0x0800c554       0x66 ./Utils/Src/OnlineParser.o
                0x0800c554                CircularBuffer::push(unsigned char)
 .text._ZNK14CircularBuffer4peekEjRh
                0x0800c5ba       0x4c ./Utils/Src/OnlineParser.o
                0x0800c5ba                CircularBuffer::peek(unsigned int, unsigned char&) const
 .text._ZN14CircularBuffer7discardEj
                0x0800c606       0x58 ./Utils/Src/OnlineParser.o
                0x0800c606                CircularBuffer::discard(unsigned int)
 *fill*         0x0800c65e        0x2 
 .text._ZN12OnlineParserC2Ejjj
                0x0800c660       0xd0 ./Utils/Src/OnlineParser.o
                0x0800c660                OnlineParser::OnlineParser(unsigned int, unsigned int, unsigned int)
                0x0800c660                OnlineParser::OnlineParser(unsigned int, unsigned int, unsigned int)
 .text._ZN12OnlineParser8pushByteEh
                0x0800c730       0x42 ./Utils/Src/OnlineParser.o
                0x0800c730                OnlineParser::pushByte(unsigned char)
 .text._ZN12OnlineParser15onFrameReceivedEPKhh
                0x0800c772       0x1a ./Utils/Src/OnlineParser.o
                0x0800c772                OnlineParser::onFrameReceived(unsigned char const*, unsigned char)
 .text._ZN12OnlineParser15runStateMachineEv
                0x0800c78c      0x284 ./Utils/Src/OnlineParser.o
                0x0800c78c                OnlineParser::runStateMachine()
 .text._ZN12OnlineParser17resetStateMachineEv
                0x0800ca10       0x3c ./Utils/Src/OnlineParser.o
                0x0800ca10                OnlineParser::resetStateMachine()
 .text._ZN12OnlineParser13completeFrameEv
                0x0800ca4c       0x50 ./Utils/Src/OnlineParser.o
                0x0800ca4c                OnlineParser::completeFrame()
 .text._ZN12OnlineParser6resyncEv
                0x0800ca9c       0x22 ./Utils/Src/OnlineParser.o
                0x0800ca9c                OnlineParser::resync()
 *fill*         0x0800cabe        0x2 
 .text.Bno055_GetDevice
                0x0800cac0       0x2c ./deviceDrivers/drv_bno055/src/bno055_driver.o
 .text.Bno055_GetOpenDevice
                0x0800caec       0x40 ./deviceDrivers/drv_bno055/src/bno055_driver.o
 .text.Bno055_FromHalStatus
                0x0800cb2c       0x38 ./deviceDrivers/drv_bno055/src/bno055_driver.o
 .text.Bno055_ValidateDevice
                0x0800cb64       0x2c ./deviceDrivers/drv_bno055/src/bno055_driver.o
 .text.Bno055_ReadRegisters
                0x0800cb90       0x58 ./deviceDrivers/drv_bno055/src/bno055_driver.o
 .text.Bno055_WriteRegisters
                0x0800cbe8       0x58 ./deviceDrivers/drv_bno055/src/bno055_driver.o
 .text.Bno055_SelectPageInternal
                0x0800cc40       0x4a ./deviceDrivers/drv_bno055/src/bno055_driver.o
 .text.Bno055_SetOperationModeInternal
                0x0800cc8a       0x64 ./deviceDrivers/drv_bno055/src/bno055_driver.o
 .text.Bno055_GetCurrentModeInternal
                0x0800ccee       0x6e ./deviceDrivers/drv_bno055/src/bno055_driver.o
 .text.Bno055_SetPowerModeInternal
                0x0800cd5c       0x4c ./deviceDrivers/drv_bno055/src/bno055_driver.o
 .text.Bno055_SetClockSourceInternal
                0x0800cda8       0x4c ./deviceDrivers/drv_bno055/src/bno055_driver.o
 .text.Bno055_SetAxisInternal
                0x0800cdf4       0x70 ./deviceDrivers/drv_bno055/src/bno055_driver.o
 .text.Bno055_IsFusionMode
                0x0800ce64       0x40 ./deviceDrivers/drv_bno055/src/bno055_driver.o
 .text.Bno055_SetAccelRangeInternal
                0x0800cea4       0x84 ./deviceDrivers/drv_bno055/src/bno055_driver.o
 .text.Bno055_SetUnitSelectionInternal
                0x0800cf28       0x4c ./deviceDrivers/drv_bno055/src/bno055_driver.o
 .text.Bno055_EnterConfigMode
                0x0800cf74       0x4c ./deviceDrivers/drv_bno055/src/bno055_driver.o
 .text.Bno055_RestoreMode
                0x0800cfc0       0x2a ./deviceDrivers/drv_bno055/src/bno055_driver.o
 .text.Bno055_ConfigureInterruptsInternal
                0x0800cfea       0xbc ./deviceDrivers/drv_bno055/src/bno055_driver.o
 .text.Bno055_ResetInternal
                0x0800d0a6       0x9e ./deviceDrivers/drv_bno055/src/bno055_driver.o
 .text.Bno055_ReadStatusInternal
                0x0800d144       0x8c ./deviceDrivers/drv_bno055/src/bno055_driver.o
 .text.Bno055_ReadCalibrationInternal
                0x0800d1d0       0x78 ./deviceDrivers/drv_bno055/src/bno055_driver.o
 .text.Bno055_IsCalibrationSatisfied
                0x0800d248      0x11c ./deviceDrivers/drv_bno055/src/bno055_driver.o
 .text.Bno055_ReadOffsetsInternal
                0x0800d364       0x76 ./deviceDrivers/drv_bno055/src/bno055_driver.o
 .text.Bno055_WriteOffsetsInternal
                0x0800d3da       0x76 ./deviceDrivers/drv_bno055/src/bno055_driver.o
 .text.Bno055_IsFullyCalibratedInternal
                0x0800d450       0x74 ./deviceDrivers/drv_bno055/src/bno055_driver.o
 .text.Bno055_ReadVector
                0x0800d4c4       0xce ./deviceDrivers/drv_bno055/src/bno055_driver.o
 *fill*         0x0800d592        0x2 
 .text.Bno055_ReadQuaternion
                0x0800d594       0xe4 ./deviceDrivers/drv_bno055/src/bno055_driver.o
 .text.Bno055_ReadSensorsInternal
                0x0800d678      0x148 ./deviceDrivers/drv_bno055/src/bno055_driver.o
 .text.Bno055_ApplyInit
                0x0800d7c0      0x14a ./deviceDrivers/drv_bno055/src/bno055_driver.o
 .text.Bno055_Open
                0x0800d90a       0xe4 ./deviceDrivers/drv_bno055/src/bno055_driver.o
                0x0800d90a                Bno055_Open
 *fill*         0x0800d9ee        0x2 
 .text.Bno055_Ioctl
                0x0800d9f0      0x688 ./deviceDrivers/drv_bno055/src/bno055_driver.o
                0x0800d9f0                Bno055_Ioctl
 .text.Bno055_Read
                0x0800e078       0x5e ./deviceDrivers/drv_bno055/src/bno055_driver.o
                0x0800e078                Bno055_Read
 .text.Bno055_HardwareInit
                0x0800e0d6       0x74 ./deviceDrivers/drv_bno055/src/bno055_hal.o
                0x0800e0d6                Bno055_HardwareInit
 .text.Bno055_ReadData
                0x0800e14a       0x44 ./deviceDrivers/drv_bno055/src/bno055_hal.o
                0x0800e14a                Bno055_ReadData
 .text.Bno055_WriteData
                0x0800e18e       0x44 ./deviceDrivers/drv_bno055/src/bno055_hal.o
                0x0800e18e                Bno055_WriteData
 *fill*         0x0800e1d2        0x2 
 .text.DrvDma_GetContext
                0x0800e1d4       0x30 ./deviceDrivers/drv_dma/src/drv_dma.o
 .text.DrvDma_GetController
                0x0800e204       0xe0 ./deviceDrivers/drv_dma/src/drv_dma.o
 .text.DrvDma_EnableInterrupt
                0x0800e2e4       0x56 ./deviceDrivers/drv_dma/src/drv_dma.o
                0x0800e2e4                DrvDma_EnableInterrupt
 .text.DrvDma_DisableInterrupt
                0x0800e33a       0x54 ./deviceDrivers/drv_dma/src/drv_dma.o
                0x0800e33a                DrvDma_DisableInterrupt
 *fill*         0x0800e38e        0x2 
 .text.DrvDma_EnableClock
                0x0800e390       0x60 ./deviceDrivers/drv_dma/src/drv_dma.o
 .text.DrvDma_DisableClock
                0x0800e3f0       0x40 ./deviceDrivers/drv_dma/src/drv_dma.o
 .text.DrvDma_InitInterrupt
                0x0800e430       0x44 ./deviceDrivers/drv_dma/src/drv_dma.o
 .text.DrvDma_InitOwnedHandle
                0x0800e474       0xd0 ./deviceDrivers/drv_dma/src/drv_dma.o
 .text.DrvDma_Open
                0x0800e544       0x78 ./deviceDrivers/drv_dma/src/drv_dma.o
                0x0800e544                DrvDma_Open
 .text.DrvDma_CloseInternal
                0x0800e5bc       0x5a ./deviceDrivers/drv_dma/src/drv_dma.o
 .text.DrvDma_Close
                0x0800e616       0x2a ./deviceDrivers/drv_dma/src/drv_dma.o
                0x0800e616                DrvDma_Close
 .text.DrvDma_GetHandle
                0x0800e640       0x26 ./deviceDrivers/drv_dma/src/drv_dma.o
                0x0800e640                DrvDma_GetHandle
 *fill*         0x0800e666        0x2 
 .text.DrvDma_IrqHandler
                0x0800e668       0xa8 ./deviceDrivers/drv_dma/src/drv_dma.o
                0x0800e668                DrvDma_IrqHandler
 .text.DrvGpio_GetContext
                0x0800e710       0x30 ./deviceDrivers/drv_gpio/src/drv_gpio.o
 .text.DrvGpio_EnableClock
                0x0800e740      0x1d4 ./deviceDrivers/drv_gpio/src/drv_gpio.o
 .text.DrvGpio_ModeUsesInterrupt
                0x0800e914       0x34 ./deviceDrivers/drv_gpio/src/drv_gpio.o
 .text.DrvGpio_InitInterrupt
                0x0800e948       0x44 ./deviceDrivers/drv_gpio/src/drv_gpio.o
 .text.DrvGpio_Open
                0x0800e98c       0xd0 ./deviceDrivers/drv_gpio/src/drv_gpio.o
                0x0800e98c                DrvGpio_Open
 .text.DrvGpio_Close
                0x0800ea5c       0x5e ./deviceDrivers/drv_gpio/src/drv_gpio.o
                0x0800ea5c                DrvGpio_Close
 .text.DrvGpio_Toggle
                0x0800eaba       0x44 ./deviceDrivers/drv_gpio/src/drv_gpio.o
                0x0800eaba                DrvGpio_Toggle
 .text.DrvGpio_Ioctl
                0x0800eafe       0xa4 ./deviceDrivers/drv_gpio/src/drv_gpio.o
                0x0800eafe                DrvGpio_Ioctl
 *fill*         0x0800eba2        0x2 
 .text.DrvGpio_IrqHandler
                0x0800eba4       0xd8 ./deviceDrivers/drv_gpio/src/drv_gpio.o
                0x0800eba4                DrvGpio_IrqHandler
 .text.DrvI2c_GetContext
                0x0800ec7c       0x30 ./deviceDrivers/drv_i2c/src/drv_i2c.o
 .text.DrvI2c_ConfigClockSource
                0x0800ecac       0xb0 ./deviceDrivers/drv_i2c/src/drv_i2c.o
 .text.DrvI2c_EnableClock
                0x0800ed5c       0xbc ./deviceDrivers/drv_i2c/src/drv_i2c.o
 .text.DrvI2c_DisableClock
                0x0800ee18       0x80 ./deviceDrivers/drv_i2c/src/drv_i2c.o
 .text.DrvI2c_PrepareBusPin
                0x0800ee98       0x60 ./deviceDrivers/drv_i2c/src/drv_i2c.o
 .text.DrvI2c_InitPins
                0x0800eef8       0x82 ./deviceDrivers/drv_i2c/src/drv_i2c.o
 .text.DrvI2c_InitOwnedHandle
                0x0800ef7a      0x102 ./deviceDrivers/drv_i2c/src/drv_i2c.o
 .text.DrvI2c_Open
                0x0800f07c       0x78 ./deviceDrivers/drv_i2c/src/drv_i2c.o
                0x0800f07c                DrvI2c_Open
 .text.DrvI2c_CloseInternal
                0x0800f0f4       0x6c ./deviceDrivers/drv_i2c/src/drv_i2c.o
 .text.DrvI2c_Close
                0x0800f160       0x2a ./deviceDrivers/drv_i2c/src/drv_i2c.o
                0x0800f160                DrvI2c_Close
 .text.DrvI2c_GetHandle
                0x0800f18a       0x26 ./deviceDrivers/drv_i2c/src/drv_i2c.o
                0x0800f18a                DrvI2c_GetHandle
 .text.DrvI2c_MemRead
                0x0800f1b0       0x6e ./deviceDrivers/drv_i2c/src/drv_i2c.o
                0x0800f1b0                DrvI2c_MemRead
 .text.DrvI2c_MemWrite
                0x0800f21e       0x6e ./deviceDrivers/drv_i2c/src/drv_i2c.o
                0x0800f21e                DrvI2c_MemWrite
 .text.DrvMotor_GetContext
                0x0800f28c       0x30 ./deviceDrivers/drv_motor/src/drv_motor.o
 .text.DrvMotor_Clamp
                0x0800f2bc       0x32 ./deviceDrivers/drv_motor/src/drv_motor.o
 .text.DrvMotor_MapFloatRange
                0x0800f2ee       0x9c ./deviceDrivers/drv_motor/src/drv_motor.o
 *fill*         0x0800f38a        0x2 
 .text.DrvMotor_IsApb2Timer
                0x0800f38c       0x58 ./deviceDrivers/drv_motor/src/drv_motor.o
 .text.DrvMotor_GetTimerClockHz
                0x0800f3e4       0x5c ./deviceDrivers/drv_motor/src/drv_motor.o
 .text.DrvMotor_ApplyHardwareDefaults
                0x0800f440       0x48 ./deviceDrivers/drv_motor/src/drv_motor.o
 .text.DrvMotor_ApplyInitDefaults
                0x0800f488       0x60 ./deviceDrivers/drv_motor/src/drv_motor.o
 .text.DrvMotor_BuildPwmOpenParams
                0x0800f4e8      0x168 ./deviceDrivers/drv_motor/src/drv_motor.o
 .text.DrvMotor_Open
                0x0800f650       0xf0 ./deviceDrivers/drv_motor/src/drv_motor.o
                0x0800f650                DrvMotor_Open
 .text.DrvMotor_SetPulseUs
                0x0800f740       0x74 ./deviceDrivers/drv_motor/src/drv_motor.o
                0x0800f740                DrvMotor_SetPulseUs
 .text.DrvMotor_SetAngle
                0x0800f7b4       0x94 ./deviceDrivers/drv_motor/src/drv_motor.o
                0x0800f7b4                DrvMotor_SetAngle
 .text.DrvPwm_GetContext
                0x0800f848       0x30 ./deviceDrivers/drv_pwm/src/drv_pwm.o
 .text.DrvPwm_IsValidChannel
                0x0800f878       0x34 ./deviceDrivers/drv_pwm/src/drv_pwm.o
 .text.DrvPwm_EnableClock
                0x0800f8ac      0x248 ./deviceDrivers/drv_pwm/src/drv_pwm.o
 .text.DrvPwm_DisableClock
                0x0800faf4      0x180 ./deviceDrivers/drv_pwm/src/drv_pwm.o
 .text.DrvPwm_PreparePin
                0x0800fc74       0x60 ./deviceDrivers/drv_pwm/src/drv_pwm.o
 .text.DrvPwm_InitPin
                0x0800fcd4       0x6a ./deviceDrivers/drv_pwm/src/drv_pwm.o
 .text.DrvPwm_FillChannelConfig
                0x0800fd3e       0x3c ./deviceDrivers/drv_pwm/src/drv_pwm.o
 .text.DrvPwm_ConfigChannel
                0x0800fd7a       0x5c ./deviceDrivers/drv_pwm/src/drv_pwm.o
 .text.DrvPwm_InitOwnedHandle
                0x0800fdd6       0xf2 ./deviceDrivers/drv_pwm/src/drv_pwm.o
 .text.DrvPwm_Open
                0x0800fec8       0xba ./deviceDrivers/drv_pwm/src/drv_pwm.o
                0x0800fec8                DrvPwm_Open
 .text.DrvPwm_Close
                0x0800ff82       0x92 ./deviceDrivers/drv_pwm/src/drv_pwm.o
                0x0800ff82                DrvPwm_Close
 .text.DrvPwm_Start
                0x08010014       0x3e ./deviceDrivers/drv_pwm/src/drv_pwm.o
                0x08010014                DrvPwm_Start
 .text.DrvPwm_SetCompare
                0x08010052       0xde ./deviceDrivers/drv_pwm/src/drv_pwm.o
                0x08010052                DrvPwm_SetCompare
 .text.DrvPwm_SetDuty
                0x08010130       0xf6 ./deviceDrivers/drv_pwm/src/drv_pwm.o
                0x08010130                DrvPwm_SetDuty
 *fill*         0x08010226        0x2 
 .text.DrvUart_GetContext
                0x08010228       0x30 ./deviceDrivers/drv_uart/src/drv_uart.o
 .text.DrvUart_GetInstanceId
                0x08010258       0x98 ./deviceDrivers/drv_uart/src/drv_uart.o
 .text.DrvUart_ClearReadState
                0x080102f0       0x34 ./deviceDrivers/drv_uart/src/drv_uart.o
 .text.DrvUart_MapRxEvent
                0x08010324       0x4a ./deviceDrivers/drv_uart/src/drv_uart.o
 .text.DrvUart_EmitRxChunk
                0x0801036e       0x56 ./deviceDrivers/drv_uart/src/drv_uart.o
 .text.DrvUart_ProcessRxEvent
                0x080103c4      0x10e ./deviceDrivers/drv_uart/src/drv_uart.o
 .text.DrvUart_OnRxDmaInterrupt
                0x080104d2       0x16 ./deviceDrivers/drv_uart/src/drv_uart.o
 .text.DrvUart_ConfigClockSource
                0x080104e8       0xc0 ./deviceDrivers/drv_uart/src/drv_uart.o
 .text.DrvUart_EnableClock
                0x080105a8      0x130 ./deviceDrivers/drv_uart/src/drv_uart.o
 .text.DrvUart_DisableClock
                0x080106d8       0xb8 ./deviceDrivers/drv_uart/src/drv_uart.o
 .text.DrvUart_PreparePin
                0x08010790       0x60 ./deviceDrivers/drv_uart/src/drv_uart.o
 .text.DrvUart_InitPins
                0x080107f0       0x82 ./deviceDrivers/drv_uart/src/drv_uart.o
 .text.DrvUart_InitInterrupt
                0x08010872       0x44 ./deviceDrivers/drv_uart/src/drv_uart.o
 .text.DrvUart_EnableInterrupts
                0x080108b6       0x74 ./deviceDrivers/drv_uart/src/drv_uart.o
 .text.DrvUart_InitOwnedHandle
                0x0801092a       0xd4 ./deviceDrivers/drv_uart/src/drv_uart.o
 *fill*         0x080109fe        0x2 
 .text.DrvUart_BuildDmaOpenParams
                0x08010a00      0x14c ./deviceDrivers/drv_uart/src/drv_uart.o
 .text.DrvUart_LinkDma
                0x08010b4c       0xce ./deviceDrivers/drv_uart/src/drv_uart.o
 .text.DrvUart_GetReceivedLength
                0x08010c1a       0x8e ./deviceDrivers/drv_uart/src/drv_uart.o
 .text.DrvUart_AttachInterruptInternal
                0x08010ca8      0x124 ./deviceDrivers/drv_uart/src/drv_uart.o
 .text.DrvUart_Open
                0x08010dcc       0xce ./deviceDrivers/drv_uart/src/drv_uart.o
                0x08010dcc                DrvUart_Open
 .text.DrvUart_CloseInternal
                0x08010e9a       0xc2 ./deviceDrivers/drv_uart/src/drv_uart.o
 .text.DrvUart_Close
                0x08010f5c       0x2a ./deviceDrivers/drv_uart/src/drv_uart.o
                0x08010f5c                DrvUart_Close
 .text.DrvUart_Write
                0x08010f86       0xce ./deviceDrivers/drv_uart/src/drv_uart.o
                0x08010f86                DrvUart_Write
 .text.DrvUart_IsTxBusy
                0x08011054       0x4c ./deviceDrivers/drv_uart/src/drv_uart.o
                0x08011054                DrvUart_IsTxBusy
 .text.DrvUart_AbortInternal
                0x080110a0       0x36 ./deviceDrivers/drv_uart/src/drv_uart.o
 *fill*         0x080110d6        0x2 
 .text.DrvUart_IrqHandler
                0x080110d8       0x98 ./deviceDrivers/drv_uart/src/drv_uart.o
                0x080110d8                DrvUart_IrqHandler
 .text.DrvUart_Ioctl
                0x08011170       0x98 ./deviceDrivers/drv_uart/src/drv_uart.o
                0x08011170                DrvUart_Ioctl
 .text._ZdlPvj  0x08011208        0x4 C:/Programlar/ST/STM32CubeIDE_2.1.0/STM32CubeIDE/plugins/com.st.stm32cube.ide.mcu.externaltools.gnu-tools-for-stm32.14.3.rel1.win32_1.0.100.202602081740/tools/bin/../lib/gcc/arm-none-eabi/14.3.1/../../../../arm-none-eabi/lib/thumb/v7e-m+dp/hard\libstdc++_nano.a(del_ops.o)
                0x08011208                operator delete(void*, unsigned int)
 .text._ZdlPv   0x0801120c        0x4 C:/Programlar/ST/STM32CubeIDE_2.1.0/STM32CubeIDE/plugins/com.st.stm32cube.ide.mcu.externaltools.gnu-tools-for-stm32.14.3.rel1.win32_1.0.100.202602081740/tools/bin/../lib/gcc/arm-none-eabi/14.3.1/../../../../arm-none-eabi/lib/thumb/v7e-m+dp/hard\libstdc++_nano.a(del_op.o)
                0x0801120c                operator delete(void*)
 .text.malloc   0x08011210       0x10 C:/Programlar/ST/STM32CubeIDE_2.1.0/STM32CubeIDE/plugins/com.st.stm32cube.ide.mcu.externaltools.gnu-tools-for-stm32.14.3.rel1.win32_1.0.100.202602081740/tools/bin/../lib/gcc/arm-none-eabi/14.3.1/../../../../arm-none-eabi/lib/thumb/v7e-m+dp/hard\libc_nano.a(libc_a-malloc.o)
                0x08011210                malloc
 .text.free     0x08011220       0x10 C:/Programlar/ST/STM32CubeIDE_2.1.0/STM32CubeIDE/plugins/com.st.stm32cube.ide.mcu.externaltools.gnu-tools-for-stm32.14.3.rel1.win32_1.0.100.202602081740/tools/bin/../lib/gcc/arm-none-eabi/14.3.1/../../../../arm-none-eabi/lib/thumb/v7e-m+dp/hard\libc_nano.a(libc_a-malloc.o)
                0x08011220                free
 .text.sbrk_aligned
                0x08011230       0x44 C:/Programlar/ST/STM32CubeIDE_2.1.0/STM32CubeIDE/plugins/com.st.stm32cube.ide.mcu.externaltools.gnu-tools-for-stm32.14.3.rel1.win32_1.0.100.202602081740/tools/bin/../lib/gcc/arm-none-eabi/14.3.1/../../../../arm-none-eabi/lib/thumb/v7e-m+dp/hard\libc_nano.a(libc_a-mallocr.o)
 .text._malloc_r
                0x08011274      0x100 C:/Programlar/ST/STM32CubeIDE_2.1.0/STM32CubeIDE/plugins/com.st.stm32cube.ide.mcu.externaltools.gnu-tools-for-stm32.14.3.rel1.win32_1.0.100.202602081740/tools/bin/../lib/gcc/arm-none-eabi/14.3.1/../../../../arm-none-eabi/lib/thumb/v7e-m+dp/hard\libc_nano.a(libc_a-mallocr.o)
                0x08011274                _malloc_r
 .text.__malloc_lock
                0x08011374        0xc C:/Programlar/ST/STM32CubeIDE_2.1.0/STM32CubeIDE/plugins/com.st.stm32cube.ide.mcu.externaltools.gnu-tools-for-stm32.14.3.rel1.win32_1.0.100.202602081740/tools/bin/../lib/gcc/arm-none-eabi/14.3.1/../../../../arm-none-eabi/lib/thumb/v7e-m+dp/hard\libc_nano.a(libc_a-mlock.o)
                0x08011374                __malloc_lock
 .text.__malloc_unlock
                0x08011380        0xc C:/Programlar/ST/STM32CubeIDE_2.1.0/STM32CubeIDE/plugins/com.st.stm32cube.ide.mcu.externaltools.gnu-tools-for-stm32.14.3.rel1.win32_1.0.100.202602081740/tools/bin/../lib/gcc/arm-none-eabi/14.3.1/../../../../arm-none-eabi/lib/thumb/v7e-m+dp/hard\libc_nano.a(libc_a-mlock.o)
                0x08011380                __malloc_unlock
 .text.__cvt    0x0801138c       0xa8 C:/Programlar/ST/STM32CubeIDE_2.1.0/STM32CubeIDE/plugins/com.st.stm32cube.ide.mcu.externaltools.gnu-tools-for-stm32.14.3.rel1.win32_1.0.100.202602081740/tools/bin/../lib/gcc/arm-none-eabi/14.3.1/../../../../arm-none-eabi/lib/thumb/v7e-m+dp/hard\libc_nano.a(libc_a-nano-vfprintf_float.o)
                0x0801138c                __cvt
 .text.__exponent
                0x08011434       0x74 C:/Programlar/ST/STM32CubeIDE_2.1.0/STM32CubeIDE/plugins/com.st.stm32cube.ide.mcu.externaltools.gnu-tools-for-stm32.14.3.rel1.win32_1.0.100.202602081740/tools/bin/../lib/gcc/arm-none-eabi/14.3.1/../../../../arm-none-eabi/lib/thumb/v7e-m+dp/hard\libc_nano.a(libc_a-nano-vfprintf_float.o)
                0x08011434                __exponent
 .text._printf_float
                0x080114a8      0x434 C:/Programlar/ST/STM32CubeIDE_2.1.0/STM32CubeIDE/plugins/com.st.stm32cube.ide.mcu.externaltools.gnu-tools-for-stm32.14.3.rel1.win32_1.0.100.202602081740/tools/bin/../lib/gcc/arm-none-eabi/14.3.1/../../../../arm-none-eabi/lib/thumb/v7e-m+dp/hard\libc_nano.a(libc_a-nano-vfprintf_float.o)
                0x080114a8                _printf_float
 .text._printf_common
                0x080118dc       0xda C:/Programlar/ST/STM32CubeIDE_2.1.0/STM32CubeIDE/plugins/com.st.stm32cube.ide.mcu.externaltools.gnu-tools-for-stm32.14.3.rel1.win32_1.0.100.202602081740/tools/bin/../lib/gcc/arm-none-eabi/14.3.1/../../../../arm-none-eabi/lib/thumb/v7e-m+dp/hard\libc_nano.a(libc_a-nano-vfprintf_i.o)
                0x080118dc                _printf_common
 *fill*         0x080119b6        0x2 
 .text._printf_i
                0x080119b8      0x24c C:/Programlar/ST/STM32CubeIDE_2.1.0/STM32CubeIDE/plugins/com.st.stm32cube.ide.mcu.externaltools.gnu-tools-for-stm32.14.3.rel1.win32_1.0.100.202602081740/tools/bin/../lib/gcc/arm-none-eabi/14.3.1/../../../../arm-none-eabi/lib/thumb/v7e-m+dp/hard\libc_nano.a(libc_a-nano-vfprintf_i.o)
                0x080119b8                _printf_i
 .text.std      0x08011c04       0x6c C:/Programlar/ST/STM32CubeIDE_2.1.0/STM32CubeIDE/plugins/com.st.stm32cube.ide.mcu.externaltools.gnu-tools-for-stm32.14.3.rel1.win32_1.0.100.202602081740/tools/bin/../lib/gcc/arm-none-eabi/14.3.1/../../../../arm-none-eabi/lib/thumb/v7e-m+dp/hard\libc_nano.a(libc_a-findfp.o)
 .text.stdio_exit_handler
                0x08011c70       0x18 C:/Programlar/ST/STM32CubeIDE_2.1.0/STM32CubeIDE/plugins/com.st.stm32cube.ide.mcu.externaltools.gnu-tools-for-stm32.14.3.rel1.win32_1.0.100.202602081740/tools/bin/../lib/gcc/arm-none-eabi/14.3.1/../../../../arm-none-eabi/lib/thumb/v7e-m+dp/hard\libc_nano.a(libc_a-findfp.o)
 .text.cleanup_stdio