Archive member included to satisfy reference by file (symbol)

C:/Programlar/ST/STM32CubeIDE_2.1.0/STM32CubeIDE/plugins/com.st.stm32cube.ide.mcu.externaltools.gnu-tools-for-stm32.14.3.rel1.win32_1.0.100.202602081740/tools/bin/../lib/gcc/arm-none-eabi/14.3.1/../../../../arm-none-eabi/lib/thumb/v7e-m+dp/hard\libstdc++_nano.a(del_ops.o)
                              ./App/Src/Application.o (operator delete(void*, unsigned int))
C:/Programlar/ST/STM32CubeIDE_2.1.0/STM32CubeIDE/plugins/com.st.stm32cube.ide.mcu.externaltools.gnu-tools-for-stm32.14.3.rel1.win32_1.0.100.202602081740/tools/bin/../lib/gcc/arm-none-eabi/14.3.1/../../../../arm-none-eabi/lib/thumb/v7e-m+dp/hard\libstdc++_nano.a(del_op.o)
                              C:/Programlar/ST/STM32CubeIDE_2.1.0/STM32CubeIDE/plugins/com.st.stm32cube.ide.mcu.externaltools.gnu-tools-for-stm32.14.3.rel1.win32_1.0.100.202602081740/tools/bin/../lib/gcc/arm-none-eabi/14.3.1/../../../../arm-none-eabi/lib/thumb/v7e-m+dp/hard\libstdc++_nano.a(del_ops.o) (operator delete(void*))
C:/Programlar/ST/STM32CubeIDE_2.1.0/STM32CubeIDE/plugins/com.st.stm32cube.ide.mcu.externaltools.gnu-tools-for-stm32.14.3.rel1.win32_1.0.100.202602081740/tools/bin/../lib/gcc/arm-none-eabi/14.3.1/../../../../arm-none-eabi/lib/thumb/v7e-m+dp/hard\libc_nano.a(libc_a-exit.o)
                              C:/Programlar/ST/STM32CubeIDE_2.1.0/STM32CubeIDE/plugins/com.st.stm32cube.ide.mcu.externaltools.gnu-tools-for-stm32.14.3.rel1.win32_1.0.100.202602081740/tools/bin/../lib/gcc/arm-none-eabi/14.3.1/../../../../arm-none-eabi/lib/thumb/v7e-m+dp/hard/crt0.o (exit)
C:/Programlar/ST/STM32CubeIDE_2.1.0/STM32CubeIDE/plugins/com.st.stm32cube.ide.mcu.externaltools.gnu-tools-for-stm32.14.3.rel1.win32_1.0.100.202602081740/tools/bin/../lib/gcc/arm-none-eabi/14.3.1/../../../../arm-none-eabi/lib/thumb/v7e-m+dp/hard\libc_nano.a(libc_a-malloc.o)
                              C:/Programlar/ST/STM32CubeIDE_2.1.0/STM32CubeIDE/plugins/com.st.stm32cube.ide.mcu.externaltools.gnu-tools-for-stm32.14.3.rel1.win32_1.0.100.202602081740/tools/bin/../lib/gcc/arm-none-eabi/14.3.1/../../../../arm-none-eabi/lib/thumb/v7e-m+dp/hard\libstdc++_nano.a(del_op.o) (free)
C:/Programlar/ST/STM32CubeIDE_2.1.0/STM32CubeIDE/plugins/com.st.stm32cube.ide.mcu.externaltools.gnu-tools-for-stm32.14.3.rel1.win32_1.0.100.202602081740/tools/bin/../lib/gcc/arm-none-eabi/14.3.1/../../../../arm-none-eabi/lib/thumb/v7e-m+dp/hard\libc_nano.a(libc_a-mallocr.o)
                              C:/Programlar/ST/STM32CubeIDE_2.1.0/STM32CubeIDE/plugins/com.st.stm32cube.ide.mcu.externaltools.gnu-tools-for-stm32.14.3.rel1.win32_1.0.100.202602081740/tools/bin/../lib/gcc/arm-none-eabi/14.3.1/../../../../arm-none-eabi/lib/thumb/v7e-m+dp/hard\libc_nano.a(libc_a-malloc.o) (_malloc_r)
C:/Programlar/ST/STM32CubeIDE_2.1.0/STM32CubeIDE/plugins/com.st.stm32cube.ide.mcu.externaltools.gnu-tools-for-stm32.14.3.rel1.win32_1.0.100.202602081740/tools/bin/../lib/gcc/arm-none-eabi/14.3.1/../../../../arm-none-eabi/lib/thumb/v7e-m+dp/hard\libc_nano.a(libc_a-mlock.o)
                              C:/Programlar/ST/STM32CubeIDE_2.1.0/STM32CubeIDE/plugins/com.st.stm32cube.ide.mcu.externaltools.gnu-tools-for-stm32.14.3.rel1.win32_1.0.100.202602081740/tools/bin/../lib/gcc/arm-none-eabi/14.3.1/../../../../arm-none-eabi/lib/thumb/v7e-m+dp/hard\libc_nano.a(libc_a-mallocr.o) (__malloc_lock)
C:/Programlar/ST/STM32CubeIDE_2.1.0/STM32CubeIDE/plugins/com.st.stm32cube.ide.mcu.externaltools.gnu-tools-for-stm32.14.3.rel1.win32_1.0.100.202602081740/tools/bin/../lib/gcc/arm-none-eabi/14.3.1/../../../../arm-none-eabi/lib/thumb/v7e-m+dp/hard\libc_nano.a(libc_a-nano-vfprintf_float.o)
                              (_printf_float)
C:/Programlar/ST/STM32CubeIDE_2.1.0/STM32CubeIDE/plugins/com.st.stm32cube.ide.mcu.externaltools.gnu-tools-for-stm32.14.3.rel1.win32_1.0.100.202602081740/tools/bin/../lib/gcc/arm-none-eabi/14.3.1/../../../../arm-none-eabi/lib/thumb/v7e-m+dp/hard\libc_nano.a(libc_a-nano-vfprintf_i.o)
                              C:/Programlar/ST/STM32CubeIDE_2.1.0/STM32CubeIDE/plugins/com.st.stm32cube.ide.mcu.externaltools.gnu-tools-for-stm32.14.3.rel1.win32_1.0.100.202602081740/tools/bin/../lib/gcc/arm-none-eabi/14.3.1/../../../../arm-none-eabi/lib/thumb/v7e-m+dp/hard\libc_nano.a(libc_a-nano-vfprintf_float.o) (_printf_common)
C:/Programlar/ST/STM32CubeIDE_2.1.0/STM32CubeIDE/plugins/com.st.stm32cube.ide.mcu.externaltools.gnu-tools-for-stm32.14.3.rel1.win32_1.0.100.202602081740/tools/bin/../lib/gcc/arm-none-eabi/14.3.1/../../../../arm-none-eabi/lib/thumb/v7e-m+dp/hard\libc_nano.a(libc_a-findfp.o)
                              C:/Programlar/ST/STM32CubeIDE_2.1.0/STM32CubeIDE/plugins/com.st.stm32cube.ide.mcu.externaltools.gnu-tools-for-stm32.14.3.rel1.win32_1.0.100.202602081740/tools/bin/../lib/gcc/arm-none-eabi/14.3.1/../../../../arm-none-eabi/lib/thumb/v7e-m+dp/hard\libc_nano.a(libc_a-exit.o) (__stdio_exit_handler)
[...]
Memory Configuration

Name             Origin             Length             Attributes
RAM              0x20000000         0x00080000         xrw
FLASH            0x08000000         0x00200000         xr
*default*        0x00000000         0xffffffff

Linker script and memory map

LOAD C:/Programlar/ST/STM32CubeIDE_2.1.0/STM32CubeIDE/plugins/com.st.stm32cube.ide.mcu.externaltools.gnu-tools-for-stm32.14.3.rel1.win32_1.0.100.202602081740/tools/bin/../lib/gcc/arm-none-eabi/14.3.1/thumb/v7e-m+dp/hard/crti.o
LOAD C:/Programlar/ST/STM32CubeIDE_2.1.0/STM32CubeIDE/plugins/com.st.stm32cube.ide.mcu.externaltools.gnu-tools-for-stm32.14.3.rel1.win32_1.0.100.202602081740/tools/bin/../lib/gcc/arm-none-eabi/14.3.1/thumb/v7e-m+dp/hard/crtbegin.o
LOAD C:/Programlar/ST/STM32CubeIDE_2.1.0/STM32CubeIDE/plugins/com.st.stm32cube.ide.mcu.externaltools.gnu-tools-for-stm32.14.3.rel1.win32_1.0.100.202602081740/tools/bin/../lib/gcc/arm-none-eabi/14.3.1/../../../../arm-none-eabi/lib/thumb/v7e-m+dp/hard/crt0.o
LOAD ./App/Src/Application.o
LOAD ./Core/Src/ComImp/UartComImp.o
LOAD ./Core/Src/bno055.o
LOAD ./Core/Src/dma.o
LOAD ./Core/Src/freertos.o
LOAD ./Core/Src/gpio.o
LOAD ./Core/Src/i2c.o
LOAD ./Core/Src/main.o
LOAD ./Core/Src/motor.o
LOAD ./Core/Src/pwm.o
LOAD ./Core/Src/stm32f7xx_hal_msp.o
LOAD ./Core/Src/stm32f7xx_hal_timebase_tim.o
LOAD ./Core/Src/stm32f7xx_it.o
LOAD ./Core/Src/syscalls.o
LOAD ./Core/Src/sysmem.o
LOAD ./Core/Src/system_stm32f7xx.o
LOAD ./Core/Src/tim.o
LOAD ./Core/Src/usart.o
LOAD ./Core/Startup/startup_stm32f767zıtx.o
LOAD ./Drivers/STM32F7xx_HAL_Driver/Src/stm32f7xx_hal.o
LOAD ./Drivers/STM32F7xx_HAL_Driver/Src/stm32f7xx_hal_cortex.o
LOAD ./Drivers/STM32F7xx_HAL_Driver/Src/stm32f7xx_hal_dma.o
LOAD ./Drivers/STM32F7xx_HAL_Driver/Src/stm32f7xx_hal_dma_ex.o
LOAD ./Drivers/STM32F7xx_HAL_Driver/Src/stm32f7xx_hal_exti.o
LOAD ./Drivers/STM32F7xx_HAL_Driver/Src/stm32f7xx_hal_flash.o
LOAD ./Drivers/STM32F7xx_HAL_Driver/Src/stm32f7xx_hal_flash_ex.o
LOAD ./Drivers/STM32F7xx_HAL_Driver/Src/stm32f7xx_hal_gpio.o
LOAD ./Drivers/STM32F7xx_HAL_Driver/Src/stm32f7xx_hal_i2c.o
LOAD ./Drivers/STM32F7xx_HAL_Driver/Src/stm32f7xx_hal_i2c_ex.o
LOAD ./Drivers/STM32F7xx_HAL_Driver/Src/stm32f7xx_hal_pwr.o
LOAD ./Drivers/STM32F7xx_HAL_Driver/Src/stm32f7xx_hal_pwr_ex.o
LOAD ./Drivers/STM32F7xx_HAL_Driver/Src/stm32f7xx_hal_rcc.o
LOAD ./Drivers/STM32F7xx_HAL_Driver/Src/stm32f7xx_hal_rcc_ex.o
LOAD ./Drivers/STM32F7xx_HAL_Driver/Src/stm32f7xx_hal_tim.o
LOAD ./Drivers/STM32F7xx_HAL_Driver/Src/stm32f7xx_hal_tim_ex.o
LOAD ./Drivers/STM32F7xx_HAL_Driver/Src/stm32f7xx_hal_uart.o
LOAD ./Drivers/STM32F7xx_HAL_Driver/Src/stm32f7xx_hal_uart_ex.o
LOAD ./Middlewares/Third_Party/FreeRTOS/Source/CMSIS_RTOS_V2/cmsis_os2.o
LOAD ./Middlewares/Third_Party/FreeRTOS/Source/croutine.o
LOAD ./Middlewares/Third_Party/FreeRTOS/Source/event_groups.o
LOAD ./Middlewares/Third_Party/FreeRTOS/Source/list.o
LOAD ./Middlewares/Third_Party/FreeRTOS/Source/queue.o
LOAD ./Middlewares/Third_Party/FreeRTOS/Source/stream_buffer.o
LOAD ./Middlewares/Third_Party/FreeRTOS/Source/tasks.o
LOAD ./Middlewares/Third_Party/FreeRTOS/Source/timers.o
LOAD ./Middlewares/Third_Party/FreeRTOS/Source/portable/GCC/ARM_CM7/r0p1/port.o
LOAD ./Middlewares/Third_Party/FreeRTOS/Source/portable/MemMang/heap_4.o
LOAD ./Utils/Src/ComLib.o
LOAD ./Utils/Src/OnlineParser.o
LOAD ./deviceDrivers/drv_bno055/src/bno055_driver.o
LOAD ./deviceDrivers/drv_bno055/src/bno055_hal.o
LOAD ./deviceDrivers/drv_dma/src/drv_dma.o
LOAD ./deviceDrivers/drv_gpio/src/drv_gpio.o
LOAD ./deviceDrivers/drv_i2c/src/drv_i2c.o
LOAD ./deviceDrivers/drv_motor/src/drv_motor.o
LOAD ./deviceDrivers/drv_pwm/src/drv_pwm.o
LOAD ./deviceDrivers/drv_uart/src/drv_uart.o
START GROUP
LOAD C:/Programlar/ST/STM32CubeIDE_2.1.0/STM32CubeIDE/plugins/com.st.stm32cube.ide.mcu.externaltools.gnu-tools-for-stm32.14.3.rel1.win32_1.0.100.202602081740/tools/bin/../lib/gcc/arm-none-eabi/14.3.1/../../../../arm-none-eabi/lib/thumb/v7e-m+dp/hard\libstdc++_nano.a
LOAD C:/Programlar/ST/STM32CubeIDE_2.1.0/STM32CubeIDE/plugins/com.st.stm32cube.ide.mcu.externaltools.gnu-tools-for-stm32.14.3.rel1.win32_1.0.100.202602081740/tools/bin/../lib/gcc/arm-none-eabi/14.3.1/../../../../arm-none-eabi/lib/thumb/v7e-m+dp/hard\libsupc++_nano.a
END GROUP
LOAD C:/Programlar/ST/STM32CubeIDE_2.1.0/STM32CubeIDE/plugins/com.st.stm32cube.ide.mcu.externaltools.gnu-tools-for-stm32.14.3.rel1.win32_1.0.100.202602081740/tools/bin/../lib/gcc/arm-none-eabi/14.3.1/../../../../arm-none-eabi/lib/thumb/v7e-m+dp/hard\libstdc++_nano.a
LOAD C:/Programlar/ST/STM32CubeIDE_2.1.0/STM32CubeIDE/plugins/com.st.stm32cube.ide.mcu.externaltools.gnu-tools-for-stm32.14.3.rel1.win32_1.0.100.202602081740/tools/bin/../lib/gcc/arm-none-eabi/14.3.1/../../../../arm-none-eabi/lib/thumb/v7e-m+dp/hard\libm.a
LOAD C:/Programlar/ST/STM32CubeIDE_2.1.0/STM32CubeIDE/plugins/com.st.stm32cube.ide.mcu.externaltools.gnu-tools-for-stm32.14.3.rel1.win32_1.0.100.202602081740/tools/bin/../lib/gcc/arm-none-eabi/14.3.1/../../../../arm-none-eabi/lib/thumb/v7e-m+dp/hard\libc_nano.a
START GROUP
LOAD C:/Programlar/ST/STM32CubeIDE_2.1.0/STM32CubeIDE/plugins/com.st.stm32cube.ide.mcu.externaltools.gnu-tools-for-stm32.14.3.rel1.win32_1.0.100.202602081740/tools/bin/../lib/gcc/arm-none-eabi/14.3.1/thumb/v7e-m+dp/hard\libgcc.a
LOAD C:/Programlar/ST/STM32CubeIDE_2.1.0/STM32CubeIDE/plugins/com.st.stm32cube.ide.mcu.externaltools.gnu-tools-for-stm32.14.3.rel1.win32_1.0.100.202602081740/tools/bin/../lib/gcc/arm-none-eabi/14.3.1/../../../../arm-none-eabi/lib/thumb/v7e-m+dp/hard\libc_nano.a
END GROUP
START GROUP
LOAD C:/Programlar/ST/STM32CubeIDE_2.1.0/STM32CubeIDE/plugins/com.st.stm32cube.ide.mcu.externaltools.gnu-tools-for-stm32.14.3.rel1.win32_1.0.100.202602081740/tools/bin/../lib/gcc/arm-none-eabi/14.3.1/thumb/v7e-m+dp/hard\libgcc.a
LOAD C:/Programlar/ST/STM32CubeIDE_2.1.0/STM32CubeIDE/plugins/com.st.stm32cube.ide.mcu.externaltools.gnu-tools-for-stm32.14.3.rel1.win32_1.0.100.202602081740/tools/bin/../lib/gcc/arm-none-eabi/14.3.1/../../../../arm-none-eabi/lib/thumb/v7e-m+dp/hard\libc_nano.a
LOAD C:/Programlar/ST/STM32CubeIDE_2.1.0/STM32CubeIDE/plugins/com.st.stm32cube.ide.mcu.externaltools.gnu-tools-for-stm32.14.3.rel1.win32_1.0.100.202602081740/tools/bin/../lib/gcc/arm-none-eabi/14.3.1/../../../../arm-none-eabi/lib/thumb/v7e-m+dp/hard\libnosys.a
END GROUP
START GROUP
LOAD C:/Programlar/ST/STM32CubeIDE_2.1.0/STM32CubeIDE/plugins/com.st.stm32cube.ide.mcu.externaltools.gnu-tools-for-stm32.14.3.rel1.win32_1.0.100.202602081740/tools/bin/../lib/gcc/arm-none-eabi/14.3.1/thumb/v7e-m+dp/hard\libgcc.a
LOAD C:/Programlar/ST/STM32CubeIDE_2.1.0/STM32CubeIDE/plugins/com.st.stm32cube.ide.mcu.externaltools.gnu-tools-for-stm32.14.3.rel1.win32_1.0.100.202602081740/tools/bin/../lib/gcc/arm-none-eabi/14.3.1/../../../../arm-none-eabi/lib/thumb/v7e-m+dp/hard\libc_nano.a
LOAD C:/Programlar/ST/STM32CubeIDE_2.1.0/STM32CubeIDE/plugins/com.st.stm32cube.ide.mcu.externaltools.gnu-tools-for-stm32.14.3.rel1.win32_1.0.100.202602081740/tools/bin/../lib/gcc/arm-none-eabi/14.3.1/../../../../arm-none-eabi/lib/thumb/v7e-m+dp/hard\libnosys.a
END GROUP
LOAD C:/Programlar/ST/STM32CubeIDE_2.1.0/STM32CubeIDE/plugins/com.st.stm32cube.ide.mcu.externaltools.gnu-tools-for-stm32.14.3.rel1.win32_1.0.100.202602081740/tools/bin/../lib/gcc/arm-none-eabi/14.3.1/thumb/v7e-m+dp/hard/crtend.o
LOAD C:/Programlar/ST/STM32CubeIDE_2.1.0/STM32CubeIDE/plugins/com.st.stm32cube.ide.mcu.externaltools.gnu-tools-for-stm32.14.3.rel1.win32_1.0.100.202602081740/tools/bin/../lib/gcc/arm-none-eabi/14.3.1/thumb/v7e-m+dp/hard/crtn.o
                0x20080000                        _estack = (ORIGIN (RAM) + LENGTH (RAM))
                0x00000200                        _Min_Heap_Size = 0x200
                0x00000400                        _Min_Stack_Size = 0x400

.isr_vector     0x08000000      0x1f8
                0x08000000                        . = ALIGN (0x4)
 *(.isr_vector)
 .isr_vector    0x08000000      0x1f8 ./Core/Startup/startup_stm32f767zıtx.o
                0x08000000                g_pfnVectors
                0x080001f8                        . = ALIGN (0x4)

.text           0x08000200    0x13a8c
                0x08000200                        . = ALIGN (0x4)
 *(.text)
 .text          0x08000200       0x40 C:/Programlar/ST/STM32CubeIDE_2.1.0/STM32CubeIDE/plugins/com.st.stm32cube.ide.mcu.externaltools.gnu-tools-for-stm32.14.3.rel1.win32_1.0.100.202602081740/tools/bin/../lib/gcc/arm-none-eabi/14.3.1/thumb/v7e-m+dp/hard/crtbegin.o
 .text          0x08000240       0xa0 C:/Programlar/ST/STM32CubeIDE_2.1.0/STM32CubeIDE/plugins/com.st.stm32cube.ide.mcu.externaltools.gnu-tools-for-stm32.14.3.rel1.win32_1.0.100.202602081740/tools/bin/../lib/gcc/arm-none-eabi/14.3.1/../../../../arm-none-eabi/lib/thumb/v7e-m+dp/hard\libc_nano.a(libc_a-memchr.o)
                0x08000240                memchr
 .text          0x080002e0       0x10 C:/Programlar/ST/STM32CubeIDE_2.1.0/STM32CubeIDE/plugins/com.st.stm32cube.ide.mcu.externaltools.gnu-tools-for-stm32.14.3.rel1.win32_1.0.100.202602081740/tools/bin/../lib/gcc/arm-none-eabi/14.3.1/../../../../arm-none-eabi/lib/thumb/v7e-m+dp/hard\libc_nano.a(libc_a-strlen.o)
                0x080002e0                strlen
 .text          0x080002f0       0x30 C:/Programlar/ST/STM32CubeIDE_2.1.0/STM32CubeIDE/plugins/com.st.stm32cube.ide.mcu.externaltools.gnu-tools-for-stm32.14.3.rel1.win32_1.0.100.202602081740/tools/bin/../lib/gcc/arm-none-eabi/14.3.1/thumb/v7e-m+dp/hard\libgcc.a(_aeabi_uldivmod.o)
                0x080002f0                __aeabi_uldivmod
 .text          0x08000320      0x2f8 C:/Programlar/ST/STM32CubeIDE_2.1.0/STM32CubeIDE/plugins/com.st.stm32cube.ide.mcu.externaltools.gnu-tools-for-stm32.14.3.rel1.win32_1.0.100.202602081740/tools/bin/../lib/gcc/arm-none-eabi/14.3.1/thumb/v7e-m+dp/hard\libgcc.a(_udivmoddi4.o)
                0x08000320                __udivmoddi4
 .text          0x08000618        0x4 C:/Programlar/ST/STM32CubeIDE_2.1.0/STM32CubeIDE/plugins/com.st.stm32cube.ide.mcu.externaltools.gnu-tools-for-stm32.14.3.rel1.win32_1.0.100.202602081740/tools/bin/../lib/gcc/arm-none-eabi/14.3.1/thumb/v7e-m+dp/hard\libgcc.a(_dvmd_tls.o)
                0x08000618                __aeabi_idiv0
                0x08000618                __aeabi_ldiv0
 *(.text*)
 .text._ZN11IcdProtocol13CalculateCrc8EPKhh
                0x0800061c       0x40 ./App/Src/Application.o
                0x0800061c                IcdProtocol::CalculateCrc8(unsigned char const*, unsigned char)
 .text._ZN11IcdProtocol14AppendUint32LeEPhS0_m
                0x0800065c       0x7e ./App/Src/Application.o
                0x0800065c                IcdProtocol::AppendUint32Le(unsigned char*, unsigned char*, unsigned long)
 .text._ZN11IcdProtocol11AppendFloatEPhS0_f
                0x080006da       0x34 ./App/Src/Application.o
                0x080006da                IcdProtocol::AppendFloat(unsigned char*, unsigned char*, float)
 .text._ZN11IcdProtocol12AppendHeaderEPhmh9IcdType_e
                0x0800070e       0x56 ./App/Src/Application.o
                0x0800070e                IcdProtocol::AppendHeader(unsigned char*, unsigned long, unsigned char, IcdType_e)
 .text._ZN11IcdProtocol10BuildFrameEPKhhPh
                0x08000764       0x7e ./App/Src/Application.o
                0x08000764                IcdProtocol::BuildFrame(unsigned char const*, unsigned char, unsigned char*)
 .text._ZN15IcdMessageCodec22BuildPwmControlPayloadEmhRK12PWMControl_tPh
                0x080007e2       0x3c ./App/Src/Application.o
                0x080007e2                IcdMessageCodec::BuildPwmControlPayload(unsigned long, unsigned char, PWMControl_t const&, unsigned char*)
 .text._ZN15IcdMessageCodec24BuildMotorControlPayloadEmhRK14MotorControl_tPh
                0x0800081e       0x56 ./App/Src/Application.o
                0x0800081e                IcdMessageCodec::BuildMotorControlPayload(unsigned long, unsigned char, MotorControl_t const&, unsigned char*)
 .text._ZN15IcdMessageCodec27BuildBno055TelemetryPayloadEmhRK17Bno055Telemetry_tPh
                0x08000874       0xae ./App/Src/Application.o
                0x08000874                IcdMessageCodec::BuildBno055TelemetryPayload(unsigned long, unsigned char, Bno055Telemetry_t const&, unsigned char*)
 .text._ZN15IcdMessageCodec12BuildPayloadERK12IcdMessage_tPh
                0x08000922       0x74 ./App/Src/Application.o
                0x08000922                IcdMessageCodec::BuildPayload(IcdMessage_t const&, unsigned char*)
 .text._ZN15IcdMessageCodec10BuildFrameERK12IcdMessage_tPh
                0x08000996       0x52 ./App/Src/Application.o
                0x08000996                IcdMessageCodec::BuildFrame(IcdMessage_t const&, unsigned char*)
 .text._ZN16IcdUartPublisherC2ER24DrvUart_TransferParams_t
                0x080009e8       0x56 ./App/Src/Application.o
                0x080009e8                IcdUartPublisher::IcdUartPublisher(DrvUart_TransferParams_t&)
                0x080009e8                IcdUartPublisher::IcdUartPublisher(DrvUart_TransferParams_t&)
 .text._ZN16IcdUartPublisher7PublishERK12IcdMessage_t
                0x08000a3e       0x52 ./App/Src/Application.o
                0x08000a3e                IcdUartPublisher::Publish(IcdMessage_t const&)
 .text._ZN16IcdUartPublisher7ProcessEv
                0x08000a90       0xb0 ./App/Src/Application.o
                0x08000a90                IcdUartPublisher::Process()
 .text._ZN16IcdUartPublisher9PushFrameEPKhh
                0x08000b40       0xc0 ./App/Src/Application.o
                0x08000b40                IcdUartPublisher::PushFrame(unsigned char const*, unsigned char)
 .text._ZN16IcdUartPublisher20CompleteCurrentFrameEv
                0x08000c00       0x64 ./App/Src/Application.o
                0x08000c00                IcdUartPublisher::CompleteCurrentFrame()
 .text._ZN12OnlineParserD2Ev
                0x08000c64       0x20 ./App/Src/Application.o
                0x08000c64                OnlineParser::~OnlineParser()
                0x08000c64                OnlineParser::~OnlineParser()
 .text._ZN12OnlineParserD0Ev
                0x08000c84       0x22 ./App/Src/Application.o
                0x08000c84                OnlineParser::~OnlineParser()
 *fill*         0x08000ca6        0x2 
 .text._ZN9ParserImpC2Ev
                0x08000ca8       0x44 ./App/Src/Application.o
                0x08000ca8                ParserImp::ParserImp()
                0x08000ca8                ParserImp::ParserImp()
 .text._ZNK9ParserImp11checkHeaderEjh
                0x08000cec       0x3c ./App/Src/Application.o
                0x08000cec                ParserImp::checkHeader(unsigned int, unsigned char) const
 .text._ZNK9ParserImp8checkCrcEPKhhh
                0x08000d28       0x56 ./App/Src/Application.o
                0x08000d28                ParserImp::checkCrc(unsigned char const*, unsigned char, unsigned char) const
 .text._ZN9ParserImp15onFrameReceivedEPKhh
                0x08000d7e       0xbe ./App/Src/Application.o
                0x08000d7e                ParserImp::onFrameReceived(unsigned char const*, unsigned char)
 .text.DebugUartDataCallback
                0x08000e3c       0x44 ./App/Src/Application.o
                0x08000e3c                DebugUartDataCallback
 .text.ButtonInterruptCallback
                0x08000e80       0x54 ./App/Src/Application.o
                0x08000e80                ButtonInterruptCallback
 .text._ZL27BuildBno055TelemetryMessagePK16BNO055_Sensors_t
                0x08000ed4       0x78 ./App/Src/Application.o
 .text.Initialize
                0x08000f4c       0x9c ./App/Src/Application.o
                0x08000f4c                Initialize
 .text.Loop     0x08000fe8       0x90 ./App/Src/Application.o
                0x08000fe8                Loop
 .text.ReadOneSensorSample
                0x08001078       0x44 ./App/Src/Application.o
                0x08001078                ReadOneSensorSample
 .text.PublishSensorSample
                0x080010bc       0x34 ./App/Src/Application.o
                0x080010bc                PublishSensorSample
 .text._write   0x080010f0       0x44 ./App/Src/Application.o
                0x080010f0                _write
 .text._ZN9ParserImpD2Ev
                0x08001134       0x24 ./App/Src/Application.o
                0x08001134                ParserImp::~ParserImp()
                0x08001134                ParserImp::~ParserImp()
 .text._ZN9ParserImpD0Ev
                0x08001158       0x22 ./App/Src/Application.o
                0x08001158                ParserImp::~ParserImp()
 *fill*         0x0800117a        0x2 
 .text._Z41__static_initialization_and_destruction_0v
                0x0800117c       0x24 ./App/Src/Application.o
 .text._Z41__static_initialization_and_destruction_1v
                0x080011a0       0x14 ./App/Src/Application.o
 .text._GLOBAL__sub_I_parser
                0x080011b4        0xa ./App/Src/Application.o
 .text._GLOBAL__sub_D_parser
                0x080011be        0xa ./App/Src/Application.o
 .text._ZN14CircularBufferC2Ej
                0x080011c8       0x58 ./Core/Src/ComImp/UartComImp.o
                0x080011c8                CircularBuffer::CircularBuffer(unsigned int)
                0x080011c8                CircularBuffer::CircularBuffer(unsigned int)
 .text._ZN14CircularBuffer4pushEh
                0x08001220       0x66 ./Core/Src/ComImp/UartComImp.o
                0x08001220                CircularBuffer::push(unsigned char)
 .text._ZN14CircularBuffer19pushOverwriteOldestEh
                0x08001286       0x5c ./Core/Src/ComImp/UartComImp.o
                0x08001286                CircularBuffer::pushOverwriteOldest(unsigned char)
 .text._ZNK14CircularBuffer4peekEjRh
                0x080012e2       0x4c ./Core/Src/ComImp/UartComImp.o
                0x080012e2                CircularBuffer::peek(unsigned int, unsigned char&) const
 .text._ZN14CircularBuffer7discardEj
                0x0800132e       0x58 ./Core/Src/ComImp/UartComImp.o
                0x0800132e                CircularBuffer::discard(unsigned int)
 .text._ZNK14CircularBuffer9availableEv
                0x08001386       0x1a ./Core/Src/ComImp/UartComImp.o
                0x08001386                CircularBuffer::available() const
 .text._ZN10UartComImp12FindByHandleEP20__UART_HandleTypeDef
                0x080013a0       0x54 ./Core/Src/ComImp/UartComImp.o
                0x080013a0                UartComImp::FindByHandle(__UART_HandleTypeDef*)
 .text._ZN10UartComImp21DispatchRxCompleteIRQEP20__UART_HandleTypeDef
                0x080013f4       0x36 ./Core/Src/ComImp/UartComImp.o
                0x080013f4                UartComImp::DispatchRxCompleteIRQ(__UART_HandleTypeDef*)
 .text._ZN10UartComImp18DispatchRxEventIRQEP20__UART_HandleTypeDeft
                0x0800142a       0x34 ./Core/Src/ComImp/UartComImp.o
                0x0800142a                UartComImp::DispatchRxEventIRQ(__UART_HandleTypeDef*, unsigned short)
 .text._ZN10UartComImp21DispatchTxCompleteIRQEP20__UART_HandleTypeDef
                0x0800145e       0x2c ./Core/Src/ComImp/UartComImp.o
                0x0800145e                UartComImp::DispatchTxCompleteIRQ(__UART_HandleTypeDef*)
 .text._ZN10UartComImp15ArmAsyncReceiveEv
                0x0800148a       0xaa ./Core/Src/ComImp/UartComImp.o
                0x0800148a                UartComImp::ArmAsyncReceive()
 .text._ZN10UartComImp14OnAsyncReceiveEt
                0x08001534       0x5c ./Core/Src/ComImp/UartComImp.o
                0x08001534                UartComImp::OnAsyncReceive(unsigned short)
 .text._ZN10UartComImp18StartAsyncTransmitEv
                0x08001590      0x16e ./Core/Src/ComImp/UartComImp.o
                0x08001590                UartComImp::StartAsyncTransmit()
 .text._ZN10UartComImp23OnAsyncTransmitCompleteEv
                0x080016fe       0x54 ./Core/Src/ComImp/UartComImp.o
                0x080016fe                UartComImp::OnAsyncTransmitComplete()
 .text.HAL_UART_RxCpltCallback
                0x08001752       0x16 ./Core/Src/ComImp/UartComImp.o
                0x08001752                HAL_UART_RxCpltCallback
 .text.HAL_UARTEx_RxEventCallback
                0x08001768       0x1e ./Core/Src/ComImp/UartComImp.o
                0x08001768                HAL_UARTEx_RxEventCallback
 .text.HAL_UART_TxCpltCallback
                0x08001786       0x16 ./Core/Src/ComImp/UartComImp.o
                0x08001786                HAL_UART_TxCpltCallback
 .text.BNO055_Init
                0x0800179c       0x4c ./Core/Src/bno055.o
                0x0800179c                BNO055_Init
 .text.MX_FREERTOS_Init
                0x080017e8       0x90 ./Core/Src/freertos.o
                0x080017e8                MX_FREERTOS_Init
 .text.StartDefaultTask
                0x08001878       0x5c ./Core/Src/freertos.o
                0x08001878                StartDefaultTask
 .text.StartSensorTask
                0x080018d4       0x4c ./Core/Src/freertos.o
                0x080018d4                StartSensorTask
 .text.SensorTimerCallback
                0x08001920       0x28 ./Core/Src/freertos.o
                0x08001920                SensorTimerCallback
 .text.QueueSensorSample
                0x08001948       0x80 ./Core/Src/freertos.o
 .text.TryDequeueSensorSample
                0x080019c8       0x40 ./Core/Src/freertos.o
 .text.GPIO_Init
                0x08001a08       0x14 ./Core/Src/gpio.o
                0x08001a08                GPIO_Init
 .text.main     0x08001a1c       0x30 ./Core/Src/main.o
                0x08001a1c                main
 .text.SystemClock_Config
                0x08001a4c      0x100 ./Core/Src/main.o
                0x08001a4c                SystemClock_Config
 .text.MPU_Config
                0x08001b4c       0x58 ./Core/Src/main.o
 .text.HAL_TIM_PeriodElapsedCallback
                0x08001ba4       0x24 ./Core/Src/main.o
                0x08001ba4                HAL_TIM_PeriodElapsedCallback
 .text.Error_Handler
                0x08001bc8        0xc ./Core/Src/main.o
                0x08001bc8                Error_Handler
 .text.MOTOR_Init
                0x08001bd4       0x54 ./Core/Src/motor.o
                0x08001bd4                MOTOR_Init
 .text.MOTOR_SetMotor1Angle
                0x08001c28       0x26 ./Core/Src/motor.o
                0x08001c28                MOTOR_SetMotor1Angle
 .text.MOTOR_SetMotor2Angle
                0x08001c4e       0x26 ./Core/Src/motor.o
                0x08001c4e                MOTOR_SetMotor2Angle
 .text.PWM_InitWithParams
                0x08001c74       0x4a ./Core/Src/pwm.o
                0x08001c74                PWM_InitWithParams
 *fill*         0x08001cbe        0x2 
 .text.PWM_Init
                0x08001cc0       0x1c ./Core/Src/pwm.o
                0x08001cc0                PWM_Init
 .text.PWM_SetDuty
                0x08001cdc       0x2c ./Core/Src/pwm.o
                0x08001cdc                PWM_SetDuty
 .text.PWM_SetLedRedDuty
                0x08001d08       0x1c ./Core/Src/pwm.o
                0x08001d08                PWM_SetLedRedDuty
 .text.HAL_MspInit
                0x08001d24       0x50 ./Core/Src/stm32f7xx_hal_msp.o
                0x08001d24                HAL_MspInit
 .text.HAL_InitTick
                0x08001d74       0xf4 ./Core/Src/stm32f7xx_hal_timebase_tim.o
                0x08001d74                HAL_InitTick
 .text.NMI_Handler
                0x08001e68        0x8 ./Core/Src/stm32f7xx_it.o
                0x08001e68                NMI_Handler
 .text.HardFault_Handler
                0x08001e70        0x8 ./Core/Src/stm32f7xx_it.o
                0x08001e70                HardFault_Handler
 .text.MemManage_Handler
                0x08001e78        0x8 ./Core/Src/stm32f7xx_it.o
                0x08001e78                MemManage_Handler
 .text.BusFault_Handler
                0x08001e80        0x8 ./Core/Src/stm32f7xx_it.o
                0x08001e80                BusFault_Handler
 .text.UsageFault_Handler
                0x08001e88        0x8 ./Core/Src/stm32f7xx_it.o
                0x08001e88                UsageFault_Handler
 .text.DebugMon_Handler
                0x08001e90        0xe ./Core/Src/stm32f7xx_it.o
                0x08001e90                DebugMon_Handler
 .text.EXTI0_IRQHandler
                0x08001e9e        0xc ./Core/Src/stm32f7xx_it.o
                0x08001e9e                EXTI0_IRQHandler
 .text.EXTI1_IRQHandler
                0x08001eaa        0xc ./Core/Src/stm32f7xx_it.o
                0x08001eaa                EXTI1_IRQHandler
 .text.EXTI2_IRQHandler
                0x08001eb6        0xc ./Core/Src/stm32f7xx_it.o
                0x08001eb6                EXTI2_IRQHandler
 .text.EXTI3_IRQHandler
                0x08001ec2        0xc ./Core/Src/stm32f7xx_it.o
                0x08001ec2                EXTI3_IRQHandler
 .text.EXTI4_IRQHandler
                0x08001ece        0xc ./Core/Src/stm32f7xx_it.o
                0x08001ece                EXTI4_IRQHandler
 .text.EXTI9_5_IRQHandler
                0x08001eda        0xc ./Core/Src/stm32f7xx_it.o
                0x08001eda                EXTI9_5_IRQHandler
 .text.DMA1_Stream1_IRQHandler
                0x08001ee6        0xc ./Core/Src/stm32f7xx_it.o
                0x08001ee6                DMA1_Stream1_IRQHandler
 .text.DMA1_Stream3_IRQHandler
                0x08001ef2        0xc ./Core/Src/stm32f7xx_it.o
                0x08001ef2                DMA1_Stream3_IRQHandler
 .text.USART3_IRQHandler
                0x08001efe        0xc ./Core/Src/stm32f7xx_it.o
                0x08001efe                USART3_IRQHandler
 .text.EXTI15_10_IRQHandler
                0x08001f0a        0xc ./Core/Src/stm32f7xx_it.o
                0x08001f0a                EXTI15_10_IRQHandler
 *fill*         0x08001f16        0x2 
 .text.TIM6_DAC_IRQHandler
                0x08001f18       0x14 ./Core/Src/stm32f7xx_it.o
                0x08001f18                TIM6_DAC_IRQHandler
 .text._getpid  0x08001f2c       0x10 ./Core/Src/syscalls.o
                0x08001f2c                _getpid
 .text._kill    0x08001f3c       0x20 ./Core/Src/syscalls.o
                0x08001f3c                _kill
 .text._exit    0x08001f5c       0x16 ./Core/Src/syscalls.o
                0x08001f5c                _exit
 .text._read    0x08001f72       0x3a ./Core/Src/syscalls.o
                0x08001f72                _read
 .text._close   0x08001fac       0x18 ./Core/Src/syscalls.o
                0x08001fac                _close
 .text._fstat   0x08001fc4       0x20 ./Core/Src/syscalls.o
                0x08001fc4                _fstat
 .text._isatty  0x08001fe4       0x16 ./Core/Src/syscalls.o
                0x08001fe4                _isatty
 .text._lseek   0x08001ffa       0x1a ./Core/Src/syscalls.o
                0x08001ffa                _lseek
 .text._sbrk    0x08002014       0x6c ./Core/Src/sysmem.o
                0x08002014                _sbrk
 .text.SystemInit
                0x08002080       0x24 ./Core/Src/system_stm32f7xx.o
                0x08002080                SystemInit
 .text.HAL_TIM_Base_MspInit
                0x080020a4       0x40 ./Core/Src/tim.o
                0x080020a4                HAL_TIM_Base_MspInit
 .text.UART_Init
                0x080020e4       0x30 ./Core/Src/usart.o
                0x080020e4                UART_Init
 .text.Reset_Handler
                0x08002114       0x50 ./Core/Startup/startup_stm32f767zıtx.o
                0x08002114                Reset_Handler
 .text.Default_Handler
                0x08002164        0x2 ./Core/Startup/startup_stm32f767zıtx.o
                0x08002164                RTC_Alarm_IRQHandler
                0x08002164                TIM8_CC_IRQHandler
                0x08002164                UART8_IRQHandler
                0x08002164                SPI4_IRQHandler
                0x08002164                TIM1_CC_IRQHandler
                0x08002164                DMA2_Stream5_IRQHandler
                0x08002164                JPEG_IRQHandler
                0x08002164                DMA1_Stream5_IRQHandler
                0x08002164                CAN3_RX1_IRQHandler
                0x08002164                PVD_IRQHandler
                0x08002164                TAMP_STAMP_IRQHandler
                0x08002164                CAN2_RX1_IRQHandler
                0x08002164                TIM8_TRG_COM_TIM14_IRQHandler
                0x08002164                DFSDM1_FLT1_IRQHandler
                0x08002164                TIM1_UP_TIM10_IRQHandler
                0x08002164                TIM8_UP_TIM13_IRQHandler
                0x08002164                I2C3_ER_IRQHandler
                0x08002164                DFSDM1_FLT2_IRQHandler
                0x08002164                I2C2_EV_IRQHandler
                0x08002164                DMA1_Stream2_IRQHandler
                0x08002164                CAN1_RX0_IRQHandler
                0x08002164                FPU_IRQHandler
                0x08002164                OTG_HS_WKUP_IRQHandler
                0x08002164                CAN3_SCE_IRQHandler
                0x08002164                LTDC_ER_IRQHandler
                0x08002164                CAN2_SCE_IRQHandler
                0x08002164                DMA2_Stream2_IRQHandler
                0x08002164                SPI1_IRQHandler
                0x08002164                TIM1_BRK_TIM9_IRQHandler
                0x08002164                DCMI_IRQHandler
                0x08002164                CAN2_RX0_IRQHandler
                0x08002164                DMA2_Stream3_IRQHandler
                0x08002164                SAI2_IRQHandler
                0x08002164                DFSDM1_FLT3_IRQHandler
                0x08002164                USART6_IRQHandler
                0x08002164                CAN3_RX0_IRQHandler
                0x08002164                CAN1_RX1_IRQHandler
                0x08002164                UART5_IRQHandler
                0x08002164                DMA2_Stream0_IRQHandler
                0x08002164                TIM4_IRQHandler
                0x08002164                QUADSPI_IRQHandler
                0x08002164                I2C1_EV_IRQHandler
                0x08002164                DMA1_Stream6_IRQHandler
                0x08002164                UART4_IRQHandler
                0x08002164                TIM3_IRQHandler
                0x08002164                RCC_IRQHandler
                0x08002164                TIM8_BRK_TIM12_IRQHandler
                0x08002164                Default_Handler
                0x08002164                CEC_IRQHandler
                0x08002164                ADC_IRQHandler
                0x08002164                DMA1_Stream7_IRQHandler
                0x08002164                SPI5_IRQHandler
                0x08002164                TIM7_IRQHandler
                0x08002164                SDMMC1_IRQHandler
                0x08002164                CAN2_TX_IRQHandler
                0x08002164                TIM5_IRQHandler
                0x08002164                DMA2_Stream7_IRQHandler
                0x08002164                I2C3_EV_IRQHandler
                0x08002164                RTC_WKUP_IRQHandler
                0x08002164                LTDC_IRQHandler
                0x08002164                ETH_WKUP_IRQHandler
                0x08002164                SPDIF_RX_IRQHandler
                0x08002164                SPI2_IRQHandler
                0x08002164                OTG_HS_EP1_IN_IRQHandler
                0x08002164                DMA1_Stream0_IRQHandler
                0x08002164                CAN1_TX_IRQHandler
                0x08002164                RNG_IRQHandler
                0x08002164                ETH_IRQHandler
                0x08002164                OTG_HS_EP1_OUT_IRQHandler
                0x08002164                WWDG_IRQHandler
                0x08002164                SPI6_IRQHandler
                0x08002164                MDIOS_IRQHandler
                0x08002164                I2C4_EV_IRQHandler
                0x08002164                CAN3_TX_IRQHandler
                0x08002164                TIM2_IRQHandler
                0x08002164                OTG_FS_WKUP_IRQHandler
                0x08002164                TIM1_TRG_COM_TIM11_IRQHandler
                0x08002164                OTG_HS_IRQHandler
                0x08002164                DMA2D_IRQHandler
                0x08002164                SDMMC2_IRQHandler
                0x08002164                UART7_IRQHandler
                0x08002164                USART2_IRQHandler
                0x08002164                DFSDM1_FLT0_IRQHandler
                0x08002164                I2C2_ER_IRQHandler
                0x08002164                DMA2_Stream1_IRQHandler
                0x08002164                CAN1_SCE_IRQHandler
                0x08002164                FLASH_IRQHandler
                0x08002164                DMA2_Stream4_IRQHandler
                0x08002164                USART1_IRQHandler
                0x08002164                OTG_FS_IRQHandler
                0x08002164                SPI3_IRQHandler
                0x08002164                DMA1_Stream4_IRQHandler
                0x08002164                I2C1_ER_IRQHandler
                0x08002164                FMC_IRQHandler
                0x08002164                LPTIM1_IRQHandler
                0x08002164                I2C4_ER_IRQHandler
                0x08002164                DMA2_Stream6_IRQHandler
                0x08002164                SAI1_IRQHandler
 .text.HAL_Init
                0x08002166       0x1a ./Drivers/STM32F7xx_HAL_Driver/Src/stm32f7xx_hal.o
                0x08002166                HAL_Init
 .text.HAL_IncTick
                0x08002180       0x28 ./Drivers/STM32F7xx_HAL_Driver/Src/stm32f7xx_hal.o
                0x08002180                HAL_IncTick
 .text.HAL_GetTick
                0x080021a8       0x18 ./Drivers/STM32F7xx_HAL_Driver/Src/stm32f7xx_hal.o
                0x080021a8                HAL_GetTick
 .text.HAL_Delay
                0x080021c0       0x48 ./Drivers/STM32F7xx_HAL_Driver/Src/stm32f7xx_hal.o
                0x080021c0                HAL_Delay
 .text.__NVIC_SetPriorityGrouping
                0x08002208       0x48 ./Drivers/STM32F7xx_HAL_Driver/Src/stm32f7xx_hal_cortex.o
 .text.__NVIC_GetPriorityGrouping
                0x08002250       0x1c ./Drivers/STM32F7xx_HAL_Driver/Src/stm32f7xx_hal_cortex.o
 .text.__NVIC_EnableIRQ
                0x0800226c       0x3c ./Drivers/STM32F7xx_HAL_Driver/Src/stm32f7xx_hal_cortex.o
 .text.__NVIC_DisableIRQ
                0x080022a8       0x48 ./Drivers/STM32F7xx_HAL_Driver/Src/stm32f7xx_hal_cortex.o
 .text.__NVIC_SetPriority
                0x080022f0       0x54 ./Drivers/STM32F7xx_HAL_Driver/Src/stm32f7xx_hal_cortex.o
 .text.NVIC_EncodePriority
                0x08002344       0x66 ./Drivers/STM32F7xx_HAL_Driver/Src/stm32f7xx_hal_cortex.o
 .text.HAL_NVIC_SetPriorityGrouping
                0x080023aa       0x16 ./Drivers/STM32F7xx_HAL_Driver/Src/stm32f7xx_hal_cortex.o
                0x080023aa                HAL_NVIC_SetPriorityGrouping
 .text.HAL_NVIC_SetPriority
                0x080023c0       0x38 ./Drivers/STM32F7xx_HAL_Driver/Src/stm32f7xx_hal_cortex.o
                0x080023c0                HAL_NVIC_SetPriority
 .text.HAL_NVIC_EnableIRQ
                0x080023f8       0x1c ./Drivers/STM32F7xx_HAL_Driver/Src/stm32f7xx_hal_cortex.o
                0x080023f8                HAL_NVIC_EnableIRQ
 .text.HAL_NVIC_DisableIRQ
                0x08002414       0x1c ./Drivers/STM32F7xx_HAL_Driver/Src/stm32f7xx_hal_cortex.o
                0x08002414                HAL_NVIC_DisableIRQ
 .text.HAL_MPU_Disable
                0x08002430       0x30 ./Drivers/STM32F7xx_HAL_Driver/Src/stm32f7xx_hal_cortex.o
                0x08002430                HAL_MPU_Disable
 .text.HAL_MPU_Enable
                0x08002460       0x40 ./Drivers/STM32F7xx_HAL_Driver/Src/stm32f7xx_hal_cortex.o
                0x08002460                HAL_MPU_Enable
 .text.HAL_MPU_ConfigRegion
                0x080024a0       0x80 ./Drivers/STM32F7xx_HAL_Driver/Src/stm32f7xx_hal_cortex.o
                0x080024a0                HAL_MPU_ConfigRegion
 .text.HAL_DMA_Init
                0x08002520      0x15c ./Drivers/STM32F7xx_HAL_Driver/Src/stm32f7xx_hal_dma.o
                0x08002520                HAL_DMA_Init
 .text.HAL_DMA_DeInit
                0x0800267c       0xbc ./Drivers/STM32F7xx_HAL_Driver/Src/stm32f7xx_hal_dma.o
                0x0800267c                HAL_DMA_DeInit
 .text.HAL_DMA_Start_IT
                0x08002738       0xc0 ./Drivers/STM32F7xx_HAL_Driver/Src/stm32f7xx_hal_dma.o
                0x08002738                HAL_DMA_Start_IT
 .text.HAL_DMA_Abort
                0x080027f8       0xe0 ./Drivers/STM32F7xx_HAL_Driver/Src/stm32f7xx_hal_dma.o
                0x080027f8                HAL_DMA_Abort
 .text.HAL_DMA_Abort_IT
                0x080028d8       0x44 ./Drivers/STM32F7xx_HAL_Driver/Src/stm32f7xx_hal_dma.o
                0x080028d8                HAL_DMA_Abort_IT
 .text.HAL_DMA_IRQHandler
                0x0800291c      0x314 ./Drivers/STM32F7xx_HAL_Driver/Src/stm32f7xx_hal_dma.o
                0x0800291c                HAL_DMA_IRQHandler
 .text.HAL_DMA_GetError
                0x08002c30       0x18 ./Drivers/STM32F7xx_HAL_Driver/Src/stm32f7xx_hal_dma.o
                0x08002c30                HAL_DMA_GetError
 .text.DMA_SetConfig
                0x08002c48       0x5c ./Drivers/STM32F7xx_HAL_Driver/Src/stm32f7xx_hal_dma.o
 .text.DMA_CalcBaseAndBitshift
                0x08002ca4       0x6c ./Drivers/STM32F7xx_HAL_Driver/Src/stm32f7xx_hal_dma.o
 .text.DMA_CheckFifoParam
                0x08002d10       0xf8 ./Drivers/STM32F7xx_HAL_Driver/Src/stm32f7xx_hal_dma.o
 .text.HAL_GPIO_Init
                0x08002e08      0x358 ./Drivers/STM32F7xx_HAL_Driver/Src/stm32f7xx_hal_gpio.o
                0x08002e08                HAL_GPIO_Init
 .text.HAL_GPIO_DeInit
                0x08003160      0x218 ./Drivers/STM32F7xx_HAL_Driver/Src/stm32f7xx_hal_gpio.o
                0x08003160                HAL_GPIO_DeInit
 .text.HAL_GPIO_TogglePin
                0x08003378       0x34 ./Drivers/STM32F7xx_HAL_Driver/Src/stm32f7xx_hal_gpio.o
                0x08003378                HAL_GPIO_TogglePin
 .text.HAL_I2C_Init
                0x080033ac      0x138 ./Drivers/STM32F7xx_HAL_Driver/Src/stm32f7xx_hal_i2c.o
                0x080033ac                HAL_I2C_Init
 .text.HAL_I2C_DeInit
                0x080034e4       0x5e ./Drivers/STM32F7xx_HAL_Driver/Src/stm32f7xx_hal_i2c.o
                0x080034e4                HAL_I2C_DeInit
 .text.HAL_I2C_MspInit
                0x08003542       0x14 ./Drivers/STM32F7xx_HAL_Driver/Src/stm32f7xx_hal_i2c.o
                0x08003542                HAL_I2C_MspInit
 .text.HAL_I2C_MspDeInit
                0x08003556       0x14 ./Drivers/STM32F7xx_HAL_Driver/Src/stm32f7xx_hal_i2c.o
                0x08003556                HAL_I2C_MspDeInit
 *fill*         0x0800356a        0x2 
 .text.HAL_I2C_Mem_Write
                0x0800356c      0x228 ./Drivers/STM32F7xx_HAL_Driver/Src/stm32f7xx_hal_i2c.o
                0x0800356c                HAL_I2C_Mem_Write
 .text.HAL_I2C_Mem_Read
                0x08003794      0x234 ./Drivers/STM32F7xx_HAL_Driver/Src/stm32f7xx_hal_i2c.o
                0x08003794                HAL_I2C_Mem_Read
 .text.I2C_RequestMemoryWrite
                0x080039c8       0xa8 ./Drivers/STM32F7xx_HAL_Driver/Src/stm32f7xx_hal_i2c.o
 .text.I2C_RequestMemoryRead
                0x08003a70       0xa8 ./Drivers/STM32F7xx_HAL_Driver/Src/stm32f7xx_hal_i2c.o
 .text.I2C_Flush_TXDR
                0x08003b18       0x48 ./Drivers/STM32F7xx_HAL_Driver/Src/stm32f7xx_hal_i2c.o
 .text.I2C_WaitOnFlagUntilTimeout
                0x08003b60       0xb2 ./Drivers/STM32F7xx_HAL_Driver/Src/stm32f7xx_hal_i2c.o
 .text.I2C_WaitOnTXISFlagUntilTimeout
                0x08003c12       0x8e ./Drivers/STM32F7xx_HAL_Driver/Src/stm32f7xx_hal_i2c.o
 .text.I2C_WaitOnSTOPFlagUntilTimeout
                0x08003ca0       0x86 ./Drivers/STM32F7xx_HAL_Driver/Src/stm32f7xx_hal_i2c.o
 *fill*         0x08003d26        0x2 
 .text.I2C_IsErrorOccurred
                0x08003d28      0x1c0 ./Drivers/STM32F7xx_HAL_Driver/Src/stm32f7xx_hal_i2c.o
 .text.I2C_TransferConfig
                0x08003ee8       0x64 ./Drivers/STM32F7xx_HAL_Driver/Src/stm32f7xx_hal_i2c.o
 .text.HAL_I2CEx_ConfigAnalogFilter
                0x08003f4c       0x96 ./Drivers/STM32F7xx_HAL_Driver/Src/stm32f7xx_hal_i2c_ex.o
                0x08003f4c                HAL_I2CEx_ConfigAnalogFilter
 .text.HAL_I2CEx_ConfigDigitalFilter
                0x08003fe2       0x98 ./Drivers/STM32F7xx_HAL_Driver/Src/stm32f7xx_hal_i2c_ex.o
                0x08003fe2                HAL_I2CEx_ConfigDigitalFilter
 *fill*         0x0800407a        0x2 
 .text.HAL_PWR_EnableBkUpAccess
                0x0800407c       0x20 ./Drivers/STM32F7xx_HAL_Driver/Src/stm32f7xx_hal_pwr.o
                0x0800407c                HAL_PWR_EnableBkUpAccess
 .text.HAL_PWREx_EnableOverDrive
                0x0800409c       0xa0 ./Drivers/STM32F7xx_HAL_Driver/Src/stm32f7xx_hal_pwr_ex.o
                0x0800409c                HAL_PWREx_EnableOverDrive
 .text.HAL_RCC_OscConfig
                0x0800413c      0x55c ./Drivers/STM32F7xx_HAL_Driver/Src/stm32f7xx_hal_rcc.o
                0x0800413c                HAL_RCC_OscConfig
 .text.HAL_RCC_ClockConfig
                0x08004698      0x1d8 ./Drivers/STM32F7xx_HAL_Driver/Src/stm32f7xx_hal_rcc.o
                0x08004698                HAL_RCC_ClockConfig
 .text.HAL_RCC_GetSysClockFreq
                0x08004870      0x188 ./Drivers/STM32F7xx_HAL_Driver/Src/stm32f7xx_hal_rcc.o
                0x08004870                HAL_RCC_GetSysClockFreq
 .text.HAL_RCC_GetHCLKFreq
                0x080049f8       0x18 ./Drivers/STM32F7xx_HAL_Driver/Src/stm32f7xx_hal_rcc.o
                0x080049f8                HAL_RCC_GetHCLKFreq
 .text.HAL_RCC_GetPCLK1Freq
                0x08004a10       0x28 ./Drivers/STM32F7xx_HAL_Driver/Src/stm32f7xx_hal_rcc.o
                0x08004a10                HAL_RCC_GetPCLK1Freq
 .text.HAL_RCC_GetPCLK2Freq
                0x08004a38       0x28 ./Drivers/STM32F7xx_HAL_Driver/Src/stm32f7xx_hal_rcc.o
                0x08004a38                HAL_RCC_GetPCLK2Freq
 .text.HAL_RCC_GetClockConfig
                0x08004a60       0x64 ./Drivers/STM32F7xx_HAL_Driver/Src/stm32f7xx_hal_rcc.o
                0x08004a60                HAL_RCC_GetClockConfig
 .text.HAL_RCCEx_PeriphCLKConfig
                0x08004ac4      0x850 ./Drivers/STM32F7xx_HAL_Driver/Src/stm32f7xx_hal_rcc_ex.o
                0x08004ac4                HAL_RCCEx_PeriphCLKConfig
 .text.HAL_TIM_Base_Init
                0x08005314       0xae ./Drivers/STM32F7xx_HAL_Driver/Src/stm32f7xx_hal_tim.o
                0x08005314                HAL_TIM_Base_Init
 *fill*         0x080053c2        0x2 
 .text.HAL_TIM_Base_Start_IT
                0x080053c4       0xf0 ./Drivers/STM32F7xx_HAL_Driver/Src/stm32f7xx_hal_tim.o
                0x080053c4                HAL_TIM_Base_Start_IT
 .text.HAL_TIM_PWM_Init
                0x080054b4       0xae ./Drivers/STM32F7xx_HAL_Driver/Src/stm32f7xx_hal_tim.o
                0x080054b4                HAL_TIM_PWM_Init
 *fill*         0x08005562        0x2 
 .text.HAL_TIM_PWM_DeInit
                0x08005564       0xbc ./Drivers/STM32F7xx_HAL_Driver/Src/stm32f7xx_hal_tim.o
                0x08005564                HAL_TIM_PWM_DeInit
 .text.HAL_TIM_PWM_MspInit
                0x08005620       0x14 ./Drivers/STM32F7xx_HAL_Driver/Src/stm32f7xx_hal_tim.o
                0x08005620                HAL_TIM_PWM_MspInit
 .text.HAL_TIM_PWM_MspDeInit
                0x08005634       0x14 ./Drivers/STM32F7xx_HAL_Driver/Src/stm32f7xx_hal_tim.o
                0x08005634                HAL_TIM_PWM_MspDeInit
 .text.HAL_TIM_PWM_Start
                0x08005648      0x1f4 ./Drivers/STM32F7xx_HAL_Driver/Src/stm32f7xx_hal_tim.o
                0x08005648                HAL_TIM_PWM_Start
 .text.HAL_TIM_PWM_Stop
                0x0800583c      0x100 ./Drivers/STM32F7xx_HAL_Driver/Src/stm32f7xx_hal_tim.o
                0x0800583c                HAL_TIM_PWM_Stop
 .text.HAL_TIM_IRQHandler
                0x0800593c      0x20e ./Drivers/STM32F7xx_HAL_Driver/Src/stm32f7xx_hal_tim.o
                0x0800593c                HAL_TIM_IRQHandler
 *fill*         0x08005b4a        0x2 
 .text.HAL_TIM_PWM_ConfigChannel
                0x08005b4c      0x228 ./Drivers/STM32F7xx_HAL_Driver/Src/stm32f7xx_hal_tim.o
                0x08005b4c                HAL_TIM_PWM_ConfigChannel
 .text.HAL_TIM_ConfigClockSource
                0x08005d74      0x194 ./Drivers/STM32F7xx_HAL_Driver/Src/stm32f7xx_hal_tim.o
                0x08005d74                HAL_TIM_ConfigClockSource
 .text.HAL_TIM_OC_DelayElapsedCallback
                0x08005f08       0x14 ./Drivers/STM32F7xx_HAL_Driver/Src/stm32f7xx_hal_tim.o
                0x08005f08                HAL_TIM_OC_DelayElapsedCallback
 .text.HAL_TIM_IC_CaptureCallback
                0x08005f1c       0x14 ./Drivers/STM32F7xx_HAL_Driver/Src/stm32f7xx_hal_tim.o
                0x08005f1c                HAL_TIM_IC_CaptureCallback
 .text.HAL_TIM_PWM_PulseFinishedCallback
                0x08005f30       0x14 ./Drivers/STM32F7xx_HAL_Driver/Src/stm32f7xx_hal_tim.o
                0x08005f30                HAL_TIM_PWM_PulseFinishedCallback
 .text.HAL_TIM_TriggerCallback
                0x08005f44       0x14 ./Drivers/STM32F7xx_HAL_Driver/Src/stm32f7xx_hal_tim.o
                0x08005f44                HAL_TIM_TriggerCallback
 .text.TIM_Base_SetConfig
                0x08005f58      0x14c ./Drivers/STM32F7xx_HAL_Driver/Src/stm32f7xx_hal_tim.o
                0x08005f58                TIM_Base_SetConfig
 .text.TIM_OC1_SetConfig
                0x080060a4       0xe4 ./Drivers/STM32F7xx_HAL_Driver/Src/stm32f7xx_hal_tim.o
 .text.TIM_OC2_SetConfig
                0x08006188       0xf0 ./Drivers/STM32F7xx_HAL_Driver/Src/stm32f7xx_hal_tim.o
                0x08006188                TIM_OC2_SetConfig
 .text.TIM_OC3_SetConfig
                0x08006278       0xec ./Drivers/STM32F7xx_HAL_Driver/Src/stm32f7xx_hal_tim.o
 .text.TIM_OC4_SetConfig
                0x08006364       0xb0 ./Drivers/STM32F7xx_HAL_Driver/Src/stm32f7xx_hal_tim.o
 .text.TIM_OC5_SetConfig
                0x08006414       0xa4 ./Drivers/STM32F7xx_HAL_Driver/Src/stm32f7xx_hal_tim.o
 .text.TIM_OC6_SetConfig
                0x080064b8       0xa8 ./Drivers/STM32F7xx_HAL_Driver/Src/stm32f7xx_hal_tim.o
 .text.TIM_TI1_ConfigInputStage
                0x08006560       0x5e ./Drivers/STM32F7xx_HAL_Driver/Src/stm32f7xx_hal_tim.o
 .text.TIM_TI2_ConfigInputStage
                0x080065be       0x60 ./Drivers/STM32F7xx_HAL_Driver/Src/stm32f7xx_hal_tim.o
 .text.TIM_ITRx_SetConfig
                0x0800661e       0x36 ./Drivers/STM32F7xx_HAL_Driver/Src/stm32f7xx_hal_tim.o
 .text.TIM_ETR_SetConfig
                0x08006654       0x40 ./Drivers/STM32F7xx_HAL_Driver/Src/stm32f7xx_hal_tim.o
                0x08006654                TIM_ETR_SetConfig
 .text.TIM_CCxChannelCmd
                0x08006694       0x4a ./Drivers/STM32F7xx_HAL_Driver/Src/stm32f7xx_hal_tim.o
                0x08006694                TIM_CCxChannelCmd
 .text.HAL_TIMEx_CommutCallback
                0x080066de       0x14 ./Drivers/STM32F7xx_HAL_Driver/Src/stm32f7xx_hal_tim_ex.o
                0x080066de                HAL_TIMEx_CommutCallback
 .text.HAL_TIMEx_BreakCallback
                0x080066f2       0x14 ./Drivers/STM32F7xx_HAL_Driver/Src/stm32f7xx_hal_tim_ex.o
                0x080066f2                HAL_TIMEx_BreakCallback
 .text.HAL_TIMEx_Break2Callback
                0x08006706       0x14 ./Drivers/STM32F7xx_HAL_Driver/Src/stm32f7xx_hal_tim_ex.o
                0x08006706                HAL_TIMEx_Break2Callback
 .text.HAL_UART_Init
                0x0800671a       0x9c ./Drivers/STM32F7xx_HAL_Driver/Src/stm32f7xx_hal_uart.o
                0x0800671a                HAL_UART_Init
 .text.HAL_UART_DeInit
                0x080067b6       0x7a ./Drivers/STM32F7xx_HAL_Driver/Src/stm32f7xx_hal_uart.o
                0x080067b6                HAL_UART_DeInit
 .text.HAL_UART_MspInit
                0x08006830       0x14 ./Drivers/STM32F7xx_HAL_Driver/Src/stm32f7xx_hal_uart.o
                0x08006830                HAL_UART_MspInit
 .text.HAL_UART_MspDeInit
                0x08006844       0x14 ./Drivers/STM32F7xx_HAL_Driver/Src/stm32f7xx_hal_uart.o
                0x08006844                HAL_UART_MspDeInit
 .text.HAL_UART_Transmit
                0x08006858      0x112 ./Drivers/STM32F7xx_HAL_Driver/Src/stm32f7xx_hal_uart.o
                0x08006858                HAL_UART_Transmit
 *fill*         0x0800696a        0x2 
 .text.HAL_UART_Transmit_IT
                0x0800696c       0xbc ./Drivers/STM32F7xx_HAL_Driver/Src/stm32f7xx_hal_uart.o
                0x0800696c                HAL_UART_Transmit_IT
 .text.HAL_UART_Receive_IT
                0x08006a28       0x88 ./Drivers/STM32F7xx_HAL_Driver/Src/stm32f7xx_hal_uart.o
                0x08006a28                HAL_UART_Receive_IT
 .text.HAL_UART_Transmit_DMA
                0x08006ab0       0xf8 ./Drivers/STM32F7xx_HAL_Driver/Src/stm32f7xx_hal_uart.o
                0x08006ab0                HAL_UART_Transmit_DMA
 .text.HAL_UART_Abort
                0x08006ba8      0x1f2 ./Drivers/STM32F7xx_HAL_Driver/Src/stm32f7xx_hal_uart.o
                0x08006ba8                HAL_UART_Abort
 .text.HAL_UART_AbortReceive
                0x08006d9a      0x15e ./Drivers/STM32F7xx_HAL_Driver/Src/stm32f7xx_hal_uart.o
                0x08006d9a                HAL_UART_AbortReceive
 .text.HAL_UART_IRQHandler
                0x08006ef8      0x604 ./Drivers/STM32F7xx_HAL_Driver/Src/stm32f7xx_hal_uart.o
                0x08006ef8                HAL_UART_IRQHandler
 .text.HAL_UART_TxHalfCpltCallback
                0x080074fc       0x14 ./Drivers/STM32F7xx_HAL_Driver/Src/stm32f7xx_hal_uart.o
                0x080074fc                HAL_UART_TxHalfCpltCallback
 .text.HAL_UART_RxHalfCpltCallback
                0x08007510       0x14 ./Drivers/STM32F7xx_HAL_Driver/Src/stm32f7xx_hal_uart.o
                0x08007510                HAL_UART_RxHalfCpltCallback
 .text.HAL_UART_ErrorCallback
                0x08007524       0x14 ./Drivers/STM32F7xx_HAL_Driver/Src/stm32f7xx_hal_uart.o
                0x08007524                HAL_UART_ErrorCallback
 .text.HAL_UARTEx_WakeupCallback
                0x08007538       0x14 ./Drivers/STM32F7xx_HAL_Driver/Src/stm32f7xx_hal_uart.o
                0x08007538                HAL_UARTEx_WakeupCallback
 .text.HAL_UART_GetState
                0x0800754c       0x28 ./Drivers/STM32F7xx_HAL_Driver/Src/stm32f7xx_hal_uart.o
                0x0800754c                HAL_UART_GetState
 .text.UART_SetConfig
                0x08007574      0x4c8 ./Drivers/STM32F7xx_HAL_Driver/Src/stm32f7xx_hal_uart.o
                0x08007574                UART_SetConfig
 .text.UART_AdvFeatureConfig
                0x08007a3c      0x144 ./Drivers/STM32F7xx_HAL_Driver/Src/stm32f7xx_hal_uart.o
                0x08007a3c                UART_AdvFeatureConfig
 .text.UART_CheckIdleState
                0x08007b80      0x150 ./Drivers/STM32F7xx_HAL_Driver/Src/stm32f7xx_hal_uart.o
                0x08007b80                UART_CheckIdleState
 .text.UART_WaitOnFlagUntilTimeout
                0x08007cd0       0xda ./Drivers/STM32F7xx_HAL_Driver/Src/stm32f7xx_hal_uart.o
                0x08007cd0                UART_WaitOnFlagUntilTimeout
 *fill*         0x08007daa        0x2 
 .text.UART_Start_Receive_IT
                0x08007dac      0x18c ./Drivers/STM32F7xx_HAL_Driver/Src/stm32f7xx_hal_uart.o
                0x08007dac                UART_Start_Receive_IT
 .text.UART_Start_Receive_DMA
                0x08007f38      0x140 ./Drivers/STM32F7xx_HAL_Driver/Src/stm32f7xx_hal_uart.o
                0x08007f38                UART_Start_Receive_DMA
 .text.UART_EndTxTransfer
                0x08008078       0x4c ./Drivers/STM32F7xx_HAL_Driver/Src/stm32f7xx_hal_uart.o
 .text.UART_EndRxTransfer
                0x080080c4       0xc8 ./Drivers/STM32F7xx_HAL_Driver/Src/stm32f7xx_hal_uart.o
 .text.UART_DMATransmitCplt
                0x0800818c       0x96 ./Drivers/STM32F7xx_HAL_Driver/Src/stm32f7xx_hal_uart.o
 .text.UART_DMATxHalfCplt
                0x08008222       0x1c ./Drivers/STM32F7xx_HAL_Driver/Src/stm32f7xx_hal_uart.o
 .text.UART_DMAReceiveCplt
                0x0800823e      0x15e ./Drivers/STM32F7xx_HAL_Driver/Src/stm32f7xx_hal_uart.o
 .text.UART_DMARxHalfCplt
                0x0800839c       0x72 ./Drivers/STM32F7xx_HAL_Driver/Src/stm32f7xx_hal_uart.o
 .text.UART_DMAError
                0x0800840e       0x7e ./Drivers/STM32F7xx_HAL_Driver/Src/stm32f7xx_hal_uart.o
 .text.UART_DMAAbortOnError
                0x0800848c       0x24 ./Drivers/STM32F7xx_HAL_Driver/Src/stm32f7xx_hal_uart.o
 .text.UART_TxISR_8BIT
                0x080084b0       0xb6 ./Drivers/STM32F7xx_HAL_Driver/Src/stm32f7xx_hal_uart.o
 .text.UART_TxISR_16BIT
                0x08008566       0xc0 ./Drivers/STM32F7xx_HAL_Driver/Src/stm32f7xx_hal_uart.o
 .text.UART_EndTransmit_IT
                0x08008626       0x54 ./Drivers/STM32F7xx_HAL_Driver/Src/stm32f7xx_hal_uart.o
 .text.UART_RxISR_8BIT
                0x0800867a      0x1a8 ./Drivers/STM32F7xx_HAL_Driver/Src/stm32f7xx_hal_uart.o
 .text.UART_RxISR_16BIT
                0x08008822      0x1a8 ./Drivers/STM32F7xx_HAL_Driver/Src/stm32f7xx_hal_uart.o
 .text.HAL_UARTEx_ReceiveToIdle_IT
                0x080089ca       0xa0 ./Drivers/STM32F7xx_HAL_Driver/Src/stm32f7xx_hal_uart_ex.o
                0x080089ca                HAL_UARTEx_ReceiveToIdle_IT
 .text.HAL_UARTEx_ReceiveToIdle_DMA
                0x08008a6a       0xa8 ./Drivers/STM32F7xx_HAL_Driver/Src/stm32f7xx_hal_uart_ex.o
                0x08008a6a                HAL_UARTEx_ReceiveToIdle_DMA
 .text.HAL_UARTEx_GetRxEventType
                0x08008b12       0x18 ./Drivers/STM32F7xx_HAL_Driver/Src/stm32f7xx_hal_uart_ex.o
                0x08008b12                HAL_UARTEx_GetRxEventType
 .text.SVC_Setup
                0x08008b2a        0xe ./Middlewares/Third_Party/FreeRTOS/Source/CMSIS_RTOS_V2/cmsis_os2.o
 .text.osKernelInitialize
                0x08008b38       0x68 ./Middlewares/Third_Party/FreeRTOS/Source/CMSIS_RTOS_V2/cmsis_os2.o
                0x08008b38                osKernelInitialize
 .text.osKernelStart
                0x08008ba0       0x6c ./Middlewares/Third_Party/FreeRTOS/Source/CMSIS_RTOS_V2/cmsis_os2.o
                0x08008ba0                osKernelStart
 .text.osThreadNew
                0x08008c0c      0x14c ./Middlewares/Third_Party/FreeRTOS/Source/CMSIS_RTOS_V2/cmsis_os2.o
                0x08008c0c                osThreadNew
 .text.osDelay  0x08008d58       0x5c ./Middlewares/Third_Party/FreeRTOS/Source/CMSIS_RTOS_V2/cmsis_os2.o
                0x08008d58                osDelay
 .text.TimerCallback
                0x08008db4       0x2a ./Middlewares/Third_Party/FreeRTOS/Source/CMSIS_RTOS_V2/cmsis_os2.o
 *fill*         0x08008dde        0x2 
 .text.osTimerNew
                0x08008de0      0x108 ./Middlewares/Third_Party/FreeRTOS/Source/CMSIS_RTOS_V2/cmsis_os2.o
                0x08008de0                osTimerNew
 .text.osTimerStart
                0x08008ee8       0x80 ./Middlewares/Third_Party/FreeRTOS/Source/CMSIS_RTOS_V2/cmsis_os2.o
                0x08008ee8                osTimerStart
 .text.osSemaphoreNew
                0x08008f68      0x138 ./Middlewares/Third_Party/FreeRTOS/Source/CMSIS_RTOS_V2/cmsis_os2.o
                0x08008f68                osSemaphoreNew
 .text.osSemaphoreAcquire
                0x080090a0       0xcc ./Middlewares/Third_Party/FreeRTOS/Source/CMSIS_RTOS_V2/cmsis_os2.o
                0x080090a0                osSemaphoreAcquire
 .text.osSemaphoreRelease
                0x0800916c       0xb0 ./Middlewares/Third_Party/FreeRTOS/Source/CMSIS_RTOS_V2/cmsis_os2.o
                0x0800916c                osSemaphoreRelease
 .text.osMessageQueueNew
                0x0800921c      0x10c ./Middlewares/Third_Party/FreeRTOS/Source/CMSIS_RTOS_V2/cmsis_os2.o
                0x0800921c                osMessageQueueNew
 .text.osMessageQueuePut
                0x08009328       0xe8 ./Middlewares/Third_Party/FreeRTOS/Source/CMSIS_RTOS_V2/cmsis_os2.o
                0x08009328                osMessageQueuePut
 .text.osMessageQueueGet
                0x08009410       0xe4 ./Middlewares/Third_Party/FreeRTOS/Source/CMSIS_RTOS_V2/cmsis_os2.o
                0x08009410                osMessageQueueGet
 .text.vApplicationGetIdleTaskMemory
                0x080094f4       0x34 ./Middlewares/Third_Party/FreeRTOS/Source/CMSIS_RTOS_V2/cmsis_os2.o
                0x080094f4                vApplicationGetIdleTaskMemory
 .text.vApplicationGetTimerTaskMemory
                0x08009528       0x34 ./Middlewares/Third_Party/FreeRTOS/Source/CMSIS_RTOS_V2/cmsis_os2.o
                0x08009528                vApplicationGetTimerTaskMemory
 .text.vListInitialise
                0x0800955c       0x40 ./Middlewares/Third_Party/FreeRTOS/Source/list.o
                0x0800955c                vListInitialise
 .text.vListInitialiseItem
                0x0800959c       0x1a ./Middlewares/Third_Party/FreeRTOS/Source/list.o
                0x0800959c                vListInitialiseItem
 .text.vListInsertEnd
                0x080095b6       0x48 ./Middlewares/Third_Party/FreeRTOS/Source/list.o
                0x080095b6                vListInsertEnd
 .text.vListInsert
                0x080095fe       0x72 ./Middlewares/Third_Party/FreeRTOS/Source/list.o
                0x080095fe                vListInsert
 .text.uxListRemove
                0x08009670       0x54 ./Middlewares/Third_Party/FreeRTOS/Source/list.o
                0x08009670                uxListRemove
 .text.xQueueGenericReset
                0x080096c4       0xd8 ./Middlewares/Third_Party/FreeRTOS/Source/queue.o
                0x080096c4                xQueueGenericReset
 .text.xQueueGenericCreateStatic
                0x0800979c      0x10e ./Middlewares/Third_Party/FreeRTOS/Source/queue.o
                0x0800979c                xQueueGenericCreateStatic
 .text.xQueueGenericCreate
                0x080098aa       0x86 ./Middlewares/Third_Party/FreeRTOS/Source/queue.o
                0x080098aa                xQueueGenericCreate
 .text.prvInitialiseNewQueue
                0x08009930       0x46 ./Middlewares/Third_Party/FreeRTOS/Source/queue.o
 .text.xQueueCreateCountingSemaphoreStatic
                0x08009976       0x7a ./Middlewares/Third_Party/FreeRTOS/Source/queue.o
                0x08009976                xQueueCreateCountingSemaphoreStatic
 .text.xQueueCreateCountingSemaphore
                0x080099f0       0x72 ./Middlewares/Third_Party/FreeRTOS/Source/queue.o
                0x080099f0                xQueueCreateCountingSemaphore
 *fill*         0x08009a62        0x2 
 .text.xQueueGenericSend
                0x08009a64      0x214 ./Middlewares/Third_Party/FreeRTOS/Source/queue.o
                0x08009a64                xQueueGenericSend
 .text.xQueueGenericSendFromISR
                0x08009c78      0x146 ./Middlewares/Third_Party/FreeRTOS/Source/queue.o
                0x08009c78                xQueueGenericSendFromISR
 .text.xQueueGiveFromISR
                0x08009dbe      0x130 ./Middlewares/Third_Party/FreeRTOS/Source/queue.o
                0x08009dbe                xQueueGiveFromISR
 *fill*         0x08009eee        0x2 
 .text.xQueueReceive
                0x08009ef0      0x1d0 ./Middlewares/Third_Party/FreeRTOS/Source/queue.o
                0x08009ef0                xQueueReceive
 .text.xQueueSemaphoreTake
                0x0800a0c0      0x230 ./Middlewares/Third_Party/FreeRTOS/Source/queue.o
                0x0800a0c0                xQueueSemaphoreTake
 .text.xQueueReceiveFromISR
                0x0800a2f0      0x110 ./Middlewares/Third_Party/FreeRTOS/Source/queue.o
                0x0800a2f0                xQueueReceiveFromISR
 .text.vQueueDelete
                0x0800a400       0x4c ./Middlewares/Third_Party/FreeRTOS/Source/queue.o
                0x0800a400                vQueueDelete
 .text.prvGetDisinheritPriorityAfterTimeout
                0x0800a44c       0x30 ./Middlewares/Third_Party/FreeRTOS/Source/queue.o
 .text.prvCopyDataToQueue
                0x0800a47c       0xd4 ./Middlewares/Third_Party/FreeRTOS/Source/queue.o
 .text.prvCopyDataFromQueue
                0x0800a550       0x4c ./Middlewares/Third_Party/FreeRTOS/Source/queue.o
 .text.prvUnlockQueue
                0x0800a59c       0xa4 ./Middlewares/Third_Party/FreeRTOS/Source/queue.o
 .text.prvIsQueueEmpty
                0x0800a640       0x2c ./Middlewares/Third_Party/FreeRTOS/Source/queue.o
 .text.prvIsQueueFull
                0x0800a66c       0x30 ./Middlewares/Third_Party/FreeRTOS/Source/queue.o
 .text.vQueueAddToRegistry
                0x0800a69c       0x54 ./Middlewares/Third_Party/FreeRTOS/Source/queue.o
                0x0800a69c                vQueueAddToRegistry
 .text.vQueueUnregisterQueue
                0x0800a6f0       0x54 ./Middlewares/Third_Party/FreeRTOS/Source/queue.o
                0x0800a6f0                vQueueUnregisterQueue
 .text.vQueueWaitForMessageRestricted
                0x0800a744       0x68 ./Middlewares/Third_Party/FreeRTOS/Source/queue.o
                0x0800a744                vQueueWaitForMessageRestricted
 .text.xTaskCreateStatic
                0x0800a7ac       0xcc ./Middlewares/Third_Party/FreeRTOS/Source/tasks.o
                0x0800a7ac                xTaskCreateStatic
 .text.xTaskCreate
                0x0800a878       0x8a ./Middlewares/Third_Party/FreeRTOS/Source/tasks.o
                0x0800a878                xTaskCreate
 .text.prvInitialiseNewTask
                0x0800a902      0x124 ./Middlewares/Third_Party/FreeRTOS/Source/tasks.o
 *fill*         0x0800aa26        0x2 
 .text.prvAddNewTaskToReadyList
                0x0800aa28       0xe0 ./Middlewares/Third_Party/FreeRTOS/Source/tasks.o
 .text.vTaskDelay
                0x0800ab08       0x70 ./Middlewares/Third_Party/FreeRTOS/Source/tasks.o
                0x0800ab08                vTaskDelay
 .text.vTaskStartScheduler
                0x0800ab78       0xd8 ./Middlewares/Third_Party/FreeRTOS/Source/tasks.o
                0x0800ab78                vTaskStartScheduler
 .text.vTaskSuspendAll
                0x0800ac50       0x1c ./Middlewares/Third_Party/FreeRTOS/Source/tasks.o
                0x0800ac50                vTaskSuspendAll
 .text.xTaskResumeAll
                0x0800ac6c      0x140 ./Middlewares/Third_Party/FreeRTOS/Source/tasks.o
                0x0800ac6c                xTaskResumeAll
 .text.xTaskGetTickCount
                0x0800adac       0x20 ./Middlewares/Third_Party/FreeRTOS/Source/tasks.o
                0x0800adac                xTaskGetTickCount
 .text.xTaskIncrementTick
                0x0800adcc      0x178 ./Middlewares/Third_Party/FreeRTOS/Source/tasks.o
                0x0800adcc                xTaskIncrementTick
 .text.vTaskSwitchContext
                0x0800af44       0xc0 ./Middlewares/Third_Party/FreeRTOS/Source/tasks.o
                0x0800af44                vTaskSwitchContext
 .text.vTaskPlaceOnEventList
                0x0800b004       0x50 ./Middlewares/Third_Party/FreeRTOS/Source/tasks.o
                0x0800b004                vTaskPlaceOnEventList
 .text.vTaskPlaceOnEventListRestricted
                0x0800b054       0x5c ./Middlewares/Third_Party/FreeRTOS/Source/tasks.o
                0x0800b054                vTaskPlaceOnEventListRestricted
 .text.xTaskRemoveFromEventList
                0x0800b0b0       0xcc ./Middlewares/Third_Party/FreeRTOS/Source/tasks.o
                0x0800b0b0                xTaskRemoveFromEventList
 .text.vTaskInternalSetTimeOutState
                0x0800b17c       0x2c ./Middlewares/Third_Party/FreeRTOS/Source/tasks.o
                0x0800b17c                vTaskInternalSetTimeOutState
 .text.xTaskCheckForTimeOut
                0x0800b1a8       0xd0 ./Middlewares/Third_Party/FreeRTOS/Source/tasks.o
                0x0800b1a8                xTaskCheckForTimeOut
 .text.vTaskMissedYield
                0x0800b278       0x18 ./Middlewares/Third_Party/FreeRTOS/Source/tasks.o
                0x0800b278                vTaskMissedYield
 .text.prvIdleTask
                0x0800b290       0x30 ./Middlewares/Third_Party/FreeRTOS/Source/tasks.o
 .text.prvInitialiseTaskLists
                0x0800b2c0       0x80 ./Middlewares/Third_Party/FreeRTOS/Source/tasks.o
 .text.prvCheckTasksWaitingTermination
                0x0800b340       0x5c ./Middlewares/Third_Party/FreeRTOS/Source/tasks.o
 .text.prvDeleteTCB
                0x0800b39c       0x64 ./Middlewares/Third_Party/FreeRTOS/Source/tasks.o
 .text.prvResetNextTaskUnblockTime
                0x0800b400       0x40 ./Middlewares/Third_Party/FreeRTOS/Source/tasks.o
 .text.xTaskGetSchedulerState
                0x0800b440       0x3c ./Middlewares/Third_Party/FreeRTOS/Source/tasks.o
                0x0800b440                xTaskGetSchedulerState
 .text.xTaskPriorityInherit
                0x0800b47c       0xd0 ./Middlewares/Third_Party/FreeRTOS/Source/tasks.o
                0x0800b47c                xTaskPriorityInherit
 .text.xTaskPriorityDisinherit
                0x0800b54c       0xe8 ./Middlewares/Third_Party/FreeRTOS/Source/tasks.o
                0x0800b54c                xTaskPriorityDisinherit
 .text.vTaskPriorityDisinheritAfterTimeout
                0x0800b634      0x110 ./Middlewares/Third_Party/FreeRTOS/Source/tasks.o
                0x0800b634                vTaskPriorityDisinheritAfterTimeout
 .text.pvTaskIncrementMutexHeldCount
                0x0800b744       0x28 ./Middlewares/Third_Party/FreeRTOS/Source/tasks.o
                0x0800b744                pvTaskIncrementMutexHeldCount
 .text.prvAddCurrentTaskToDelayedList
                0x0800b76c       0xa8 ./Middlewares/Third_Party/FreeRTOS/Source/tasks.o
 .text.xTimerCreateTimerTask
                0x0800b814       0x98 ./Middlewares/Third_Party/FreeRTOS/Source/timers.o
                0x0800b814                xTimerCreateTimerTask
 .text.xTimerCreate
                0x0800b8ac       0x42 ./Middlewares/Third_Party/FreeRTOS/Source/timers.o
                0x0800b8ac                xTimerCreate
 .text.xTimerCreateStatic
                0x0800b8ee       0x88 ./Middlewares/Third_Party/FreeRTOS/Source/timers.o
                0x0800b8ee                xTimerCreateStatic
 .text.prvInitialiseNewTimer
                0x0800b976       0x7c ./Middlewares/Third_Party/FreeRTOS/Source/timers.o
 *fill*         0x0800b9f2        0x2 
 .text.xTimerGenericCommand
                0x0800b9f4       0xa0 ./Middlewares/Third_Party/FreeRTOS/Source/timers.o
                0x0800b9f4                xTimerGenericCommand
 .text.prvProcessExpiredTimer
                0x0800ba94       0xa0 ./Middlewares/Third_Party/FreeRTOS/Source/timers.o
 .text.prvTimerTask
                0x0800bb34       0x26 ./Middlewares/Third_Party/FreeRTOS/Source/timers.o
 *fill*         0x0800bb5a        0x2 
 .text.prvProcessTimerOrBlockTask
                0x0800bb5c       0x9c ./Middlewares/Third_Party/FreeRTOS/Source/timers.o
 .text.prvGetNextExpireTime
                0x0800bbf8       0x48 ./Middlewares/Third_Party/FreeRTOS/Source/timers.o
 .text.prvSampleTimeNow
                0x0800bc40       0x40 ./Middlewares/Third_Party/FreeRTOS/Source/timers.o
 .text.prvInsertTimerInActiveList
                0x0800bc80       0x84 ./Middlewares/Third_Party/FreeRTOS/Source/timers.o
 .text.prvProcessReceivedCommands
                0x0800bd04      0x1d8 ./Middlewares/Third_Party/FreeRTOS/Source/timers.o
 .text.prvSwitchTimerLists
                0x0800bedc       0xd0 ./Middlewares/Third_Party/FreeRTOS/Source/timers.o
 .text.prvCheckForValidListAndQueue
                0x0800bfac       0x80 ./Middlewares/Third_Party/FreeRTOS/Source/timers.o
 .text.pvTimerGetTimerID
                0x0800c02c       0x46 ./Middlewares/Third_Party/FreeRTOS/Source/timers.o
                0x0800c02c                pvTimerGetTimerID
 *fill*         0x0800c072        0x2 
 .text.pxPortInitialiseStack
                0x0800c074       0x68 ./Middlewares/Third_Party/FreeRTOS/Source/portable/GCC/ARM_CM7/r0p1/port.o
                0x0800c074                pxPortInitialiseStack
 .text.prvTaskExitError
                0x0800c0dc       0x64 ./Middlewares/Third_Party/FreeRTOS/Source/portable/GCC/ARM_CM7/r0p1/port.o
 .text.SVC_Handler
                0x0800c140       0x28 ./Middlewares/Third_Party/FreeRTOS/Source/portable/GCC/ARM_CM7/r0p1/port.o
                0x0800c140                SVC_Handler
 .text.prvPortStartFirstTask
                0x0800c168       0x28 ./Middlewares/Third_Party/FreeRTOS/Source/portable/GCC/ARM_CM7/r0p1/port.o
 .text.xPortStartScheduler
                0x0800c190       0xfc ./Middlewares/Third_Party/FreeRTOS/Source/portable/GCC/ARM_CM7/r0p1/port.o
                0x0800c190                xPortStartScheduler
 .text.vPortEnterCritical
                0x0800c28c       0x6c ./Middlewares/Third_Party/FreeRTOS/Source/portable/GCC/ARM_CM7/r0p1/port.o
                0x0800c28c                vPortEnterCritical
 .text.vPortExitCritical
                0x0800c2f8       0x58 ./Middlewares/Third_Party/FreeRTOS/Source/portable/GCC/ARM_CM7/r0p1/port.o
                0x0800c2f8                vPortExitCritical
 .text.PendSV_Handler
                0x0800c350       0x68 ./Middlewares/Third_Party/FreeRTOS/Source/portable/GCC/ARM_CM7/r0p1/port.o
                0x0800c350                PendSV_Handler
 .text.SysTick_Handler
                0x0800c3b8       0x48 ./Middlewares/Third_Party/FreeRTOS/Source/portable/GCC/ARM_CM7/r0p1/port.o
                0x0800c3b8                SysTick_Handler
 .text.vPortSetupTimerInterrupt
                0x0800c400       0x48 ./Middlewares/Third_Party/FreeRTOS/Source/portable/GCC/ARM_CM7/r0p1/port.o
                0x0800c400                vPortSetupTimerInterrupt
 .text.vPortEnableVFP
                0x0800c448       0x14 ./Middlewares/Third_Party/FreeRTOS/Source/portable/GCC/ARM_CM7/r0p1/port.o
 .text.vPortValidateInterruptPriority
                0x0800c45c       0x8c ./Middlewares/Third_Party/FreeRTOS/Source/portable/GCC/ARM_CM7/r0p1/port.o
                0x0800c45c                vPortValidateInterruptPriority
 .text.pvPortMalloc
                0x0800c4e8      0x19c ./Middlewares/Third_Party/FreeRTOS/Source/portable/MemMang/heap_4.o
                0x0800c4e8                pvPortMalloc
 .text.vPortFree
                0x0800c684       0xc0 ./Middlewares/Third_Party/FreeRTOS/Source/portable/MemMang/heap_4.o
                0x0800c684                vPortFree
 .text.prvHeapInit
                0x0800c744       0xc4 ./Middlewares/Third_Party/FreeRTOS/Source/portable/MemMang/heap_4.o
 .text.prvInsertBlockIntoFreeList
                0x0800c808       0xb4 ./Middlewares/Third_Party/FreeRTOS/Source/portable/MemMang/heap_4.o
 .text._ZN12OnlineParserC2Ejjj
                0x0800c8bc       0xd0 ./Utils/Src/OnlineParser.o
                0x0800c8bc                OnlineParser::OnlineParser(unsigned int, unsigned int, unsigned int)
                0x0800c8bc                OnlineParser::OnlineParser(unsigned int, unsigned int, unsigned int)
 .text._ZN12OnlineParser8pushByteEh
                0x0800c98c       0x42 ./Utils/Src/OnlineParser.o
                0x0800c98c                OnlineParser::pushByte(unsigned char)
 .text._ZN12OnlineParser15onFrameReceivedEPKhh
                0x0800c9ce       0x1a ./Utils/Src/OnlineParser.o
                0x0800c9ce                OnlineParser::onFrameReceived(unsigned char const*, unsigned char)
 .text._ZN12OnlineParser15runStateMachineEv
                0x0800c9e8      0x284 ./Utils/Src/OnlineParser.o
                0x0800c9e8                OnlineParser::runStateMachine()
 .text._ZN12OnlineParser17resetStateMachineEv
                0x0800cc6c       0x3c ./Utils/Src/OnlineParser.o
                0x0800cc6c                OnlineParser::resetStateMachine()
 .text._ZN12OnlineParser13completeFrameEv
                0x0800cca8       0x50 ./Utils/Src/OnlineParser.o
                0x0800cca8                OnlineParser::completeFrame()
 .text._ZN12OnlineParser6resyncEv
                0x0800ccf8       0x22 ./Utils/Src/OnlineParser.o
                0x0800ccf8                OnlineParser::resync()
 *fill*         0x0800cd1a        0x2 
 .text.Bno055_GetDevice
                0x0800cd1c       0x2c ./deviceDrivers/drv_bno055/src/bno055_driver.o
 .text.Bno055_GetOpenDevice
                0x0800cd48       0x40 ./deviceDrivers/drv_bno055/src/bno055_driver.o
 .text.Bno055_FromHalStatus
                0x0800cd88       0x38 ./deviceDrivers/drv_bno055/src/bno055_driver.o
 .text.Bno055_ValidateDevice
                0x0800cdc0       0x2c ./deviceDrivers/drv_bno055/src/bno055_driver.o
 .text.Bno055_ReadRegisters
                0x0800cdec       0x58 ./deviceDrivers/drv_bno055/src/bno055_driver.o
 .text.Bno055_WriteRegisters
                0x0800ce44       0x58 ./deviceDrivers/drv_bno055/src/bno055_driver.o
 .text.Bno055_SelectPageInternal
                0x0800ce9c       0x4a ./deviceDrivers/drv_bno055/src/bno055_driver.o
 .text.Bno055_SetOperationModeInternal
                0x0800cee6       0x64 ./deviceDrivers/drv_bno055/src/bno055_driver.o
 .text.Bno055_GetCurrentModeInternal
                0x0800cf4a       0x6e ./deviceDrivers/drv_bno055/src/bno055_driver.o
 .text.Bno055_SetPowerModeInternal
                0x0800cfb8       0x4c ./deviceDrivers/drv_bno055/src/bno055_driver.o
 .text.Bno055_SetClockSourceInternal
                0x0800d004       0x4c ./deviceDrivers/drv_bno055/src/bno055_driver.o
 .text.Bno055_SetAxisInternal
                0x0800d050       0x70 ./deviceDrivers/drv_bno055/src/bno055_driver.o
 .text.Bno055_IsFusionMode
                0x0800d0c0       0x40 ./deviceDrivers/drv_bno055/src/bno055_driver.o
 .text.Bno055_SetAccelRangeInternal
                0x0800d100       0x84 ./deviceDrivers/drv_bno055/src/bno055_driver.o
 .text.Bno055_SetUnitSelectionInternal
                0x0800d184       0x4c ./deviceDrivers/drv_bno055/src/bno055_driver.o
 .text.Bno055_EnterConfigMode
                0x0800d1d0       0x4c ./deviceDrivers/drv_bno055/src/bno055_driver.o
 .text.Bno055_RestoreMode
                0x0800d21c       0x2a ./deviceDrivers/drv_bno055/src/bno055_driver.o
 .text.Bno055_ConfigureInterruptsInternal
                0x0800d246       0xbc ./deviceDrivers/drv_bno055/src/bno055_driver.o
 .text.Bno055_ResetInternal
                0x0800d302       0x9e ./deviceDrivers/drv_bno055/src/bno055_driver.o
 .text.Bno055_ReadStatusInternal
                0x0800d3a0       0x8c ./deviceDrivers/drv_bno055/src/bno055_driver.o
 .text.Bno055_ReadCalibrationInternal
                0x0800d42c       0x78 ./deviceDrivers/drv_bno055/src/bno055_driver.o
 .text.Bno055_IsCalibrationSatisfied
                0x0800d4a4      0x11c ./deviceDrivers/drv_bno055/src/bno055_driver.o
 .text.Bno055_ReadOffsetsInternal
                0x0800d5c0       0x76 ./deviceDrivers/drv_bno055/src/bno055_driver.o
 .text.Bno055_WriteOffsetsInternal
                0x0800d636       0x76 ./deviceDrivers/drv_bno055/src/bno055_driver.o
 .text.Bno055_IsFullyCalibratedInternal
                0x0800d6ac       0x74 ./deviceDrivers/drv_bno055/src/bno055_driver.o
 .text.Bno055_ReadVector
                0x0800d720       0xce ./deviceDrivers/drv_bno055/src/bno055_driver.o
 *fill*         0x0800d7ee        0x2 
 .text.Bno055_ReadQuaternion
                0x0800d7f0       0xe4 ./deviceDrivers/drv_bno055/src/bno055_driver.o
 .text.Bno055_ReadSensorsInternal
                0x0800d8d4      0x148 ./deviceDrivers/drv_bno055/src/bno055_driver.o
 .text.Bno055_ApplyInit
                0x0800da1c      0x14a ./deviceDrivers/drv_bno055/src/bno055_driver.o
 .text.Bno055_Open
                0x0800db66       0xe4 ./deviceDrivers/drv_bno055/src/bno055_driver.o
                0x0800db66                Bno055_Open
 *fill*         0x0800dc4a        0x2 
 .text.Bno055_Ioctl
                0x0800dc4c      0x688 ./deviceDrivers/drv_bno055/src/bno055_driver.o
                0x0800dc4c                Bno055_Ioctl
 .text.Bno055_Read
                0x0800e2d4       0x5e ./deviceDrivers/drv_bno055/src/bno055_driver.o
                0x0800e2d4                Bno055_Read
 .text.Bno055_HardwareInit
                0x0800e332       0x74 ./deviceDrivers/drv_bno055/src/bno055_hal.o
                0x0800e332                Bno055_HardwareInit
 .text.Bno055_ReadData
                0x0800e3a6       0x44 ./deviceDrivers/drv_bno055/src/bno055_hal.o
                0x0800e3a6                Bno055_ReadData
 .text.Bno055_WriteData
                0x0800e3ea       0x44 ./deviceDrivers/drv_bno055/src/bno055_hal.o
                0x0800e3ea                Bno055_WriteData
 *fill*         0x0800e42e        0x2 
 .text.DrvDma_GetContext
                0x0800e430       0x30 ./deviceDrivers/drv_dma/src/drv_dma.o
 .text.DrvDma_GetController
                0x0800e460       0xe0 ./deviceDrivers/drv_dma/src/drv_dma.o
 .text.DrvDma_EnableInterrupt
                0x0800e540       0x56 ./deviceDrivers/drv_dma/src/drv_dma.o
                0x0800e540                DrvDma_EnableInterrupt
 .text.DrvDma_DisableInterrupt
                0x0800e596       0x54 ./deviceDrivers/drv_dma/src/drv_dma.o
                0x0800e596                DrvDma_DisableInterrupt
 *fill*         0x0800e5ea        0x2 
 .text.DrvDma_EnableClock
                0x0800e5ec       0x60 ./deviceDrivers/drv_dma/src/drv_dma.o
 .text.DrvDma_DisableClock
                0x0800e64c       0x40 ./deviceDrivers/drv_dma/src/drv_dma.o
 .text.DrvDma_InitInterrupt
                0x0800e68c       0x44 ./deviceDrivers/drv_dma/src/drv_dma.o
 .text.DrvDma_InitOwnedHandle
                0x0800e6d0       0xd0 ./deviceDrivers/drv_dma/src/drv_dma.o
 .text.DrvDma_Open
                0x0800e7a0       0x78 ./deviceDrivers/drv_dma/src/drv_dma.o
                0x0800e7a0                DrvDma_Open
 .text.DrvDma_CloseInternal
                0x0800e818       0x5a ./deviceDrivers/drv_dma/src/drv_dma.o
 .text.DrvDma_Close
                0x0800e872       0x2a ./deviceDrivers/drv_dma/src/drv_dma.o
                0x0800e872                DrvDma_Close
 .text.DrvDma_GetHandle
                0x0800e89c       0x26 ./deviceDrivers/drv_dma/src/drv_dma.o
                0x0800e89c                DrvDma_GetHandle
 *fill*         0x0800e8c2        0x2 
 .text.DrvDma_IrqHandler
                0x0800e8c4       0xa8 ./deviceDrivers/drv_dma/src/drv_dma.o
                0x0800e8c4                DrvDma_IrqHandler
 .text.DrvGpio_GetContext
                0x0800e96c       0x30 ./deviceDrivers/drv_gpio/src/drv_gpio.o
 .text.DrvGpio_EnableClock
                0x0800e99c      0x1d4 ./deviceDrivers/drv_gpio/src/drv_gpio.o
 .text.DrvGpio_ModeUsesInterrupt
                0x0800eb70       0x34 ./deviceDrivers/drv_gpio/src/drv_gpio.o
 .text.DrvGpio_InitInterrupt
                0x0800eba4       0x44 ./deviceDrivers/drv_gpio/src/drv_gpio.o
 .text.DrvGpio_Open
                0x0800ebe8       0xd0 ./deviceDrivers/drv_gpio/src/drv_gpio.o
                0x0800ebe8                DrvGpio_Open
 .text.DrvGpio_Close
                0x0800ecb8       0x5e ./deviceDrivers/drv_gpio/src/drv_gpio.o
                0x0800ecb8                DrvGpio_Close
 .text.DrvGpio_Toggle
                0x0800ed16       0x44 ./deviceDrivers/drv_gpio/src/drv_gpio.o
                0x0800ed16                DrvGpio_Toggle
 .text.DrvGpio_Ioctl
                0x0800ed5a       0xa4 ./deviceDrivers/drv_gpio/src/drv_gpio.o
                0x0800ed5a                DrvGpio_Ioctl
 *fill*         0x0800edfe        0x2 
 .text.DrvGpio_IrqHandler
                0x0800ee00       0xd8 ./deviceDrivers/drv_gpio/src/drv_gpio.o
                0x0800ee00                DrvGpio_IrqHandler
 .text.DrvI2c_GetContext
                0x0800eed8       0x30 ./deviceDrivers/drv_i2c/src/drv_i2c.o
 .text.DrvI2c_ConfigClockSource
                0x0800ef08       0xb0 ./deviceDrivers/drv_i2c/src/drv_i2c.o
 .text.DrvI2c_EnableClock
                0x0800efb8       0xbc ./deviceDrivers/drv_i2c/src/drv_i2c.o
 .text.DrvI2c_DisableClock
                0x0800f074       0x80 ./deviceDrivers/drv_i2c/src/drv_i2c.o
 .text.DrvI2c_PrepareBusPin
                0x0800f0f4       0x60 ./deviceDrivers/drv_i2c/src/drv_i2c.o
 .text.DrvI2c_InitPins
                0x0800f154       0x82 ./deviceDrivers/drv_i2c/src/drv_i2c.o
 .text.DrvI2c_InitOwnedHandle
                0x0800f1d6      0x102 ./deviceDrivers/drv_i2c/src/drv_i2c.o
 .text.DrvI2c_Open
                0x0800f2d8       0x78 ./deviceDrivers/drv_i2c/src/drv_i2c.o
                0x0800f2d8                DrvI2c_Open
 .text.DrvI2c_CloseInternal
                0x0800f350       0x6c ./deviceDrivers/drv_i2c/src/drv_i2c.o
 .text.DrvI2c_Close
                0x0800f3bc       0x2a ./deviceDrivers/drv_i2c/src/drv_i2c.o
                0x0800f3bc                DrvI2c_Close
 .text.DrvI2c_GetHandle
                0x0800f3e6       0x26 ./deviceDrivers/drv_i2c/src/drv_i2c.o
                0x0800f3e6                DrvI2c_GetHandle
 .text.DrvI2c_MemRead
                0x0800f40c       0x6e ./deviceDrivers/drv_i2c/src/drv_i2c.o
                0x0800f40c                DrvI2c_MemRead
 .text.DrvI2c_MemWrite
                0x0800f47a       0x6e ./deviceDrivers/drv_i2c/src/drv_i2c.o
                0x0800f47a                DrvI2c_MemWrite
 .text.DrvMotor_GetContext
                0x0800f4e8       0x30 ./deviceDrivers/drv_motor/src/drv_motor.o
 .text.DrvMotor_Clamp
                0x0800f518       0x32 ./deviceDrivers/drv_motor/src/drv_motor.o
 .text.DrvMotor_MapFloatRange
                0x0800f54a       0x9c ./deviceDrivers/drv_motor/src/drv_motor.o
 *fill*         0x0800f5e6        0x2 
 .text.DrvMotor_IsApb2Timer
                0x0800f5e8       0x58 ./deviceDrivers/drv_motor/src/drv_motor.o
 .text.DrvMotor_GetTimerClockHz
                0x0800f640       0x5c ./deviceDrivers/drv_motor/src/drv_motor.o
 .text.DrvMotor_ApplyHardwareDefaults
                0x0800f69c       0x48 ./deviceDrivers/drv_motor/src/drv_motor.o
 .text.DrvMotor_ApplyInitDefaults
                0x0800f6e4       0x60 ./deviceDrivers/drv_motor/src/drv_motor.o
 .text.DrvMotor_BuildPwmOpenParams
                0x0800f744      0x168 ./deviceDrivers/drv_motor/src/drv_motor.o
 .text.DrvMotor_Open
                0x0800f8ac       0xf0 ./deviceDrivers/drv_motor/src/drv_motor.o
                0x0800f8ac                DrvMotor_Open
 .text.DrvMotor_SetPulseUs
                0x0800f99c       0x74 ./deviceDrivers/drv_motor/src/drv_motor.o
                0x0800f99c                DrvMotor_SetPulseUs
 .text.DrvMotor_SetAngle
                0x0800fa10       0x94 ./deviceDrivers/drv_motor/src/drv_motor.o
                0x0800fa10                DrvMotor_SetAngle
 .text.DrvPwm_GetContext
                0x0800faa4       0x30 ./deviceDrivers/drv_pwm/src/drv_pwm.o
 .text.DrvPwm_IsValidChannel
                0x0800fad4       0x34 ./deviceDrivers/drv_pwm/src/drv_pwm.o
 .text.DrvPwm_EnableClock
                0x0800fb08      0x248 ./deviceDrivers/drv_pwm/src/drv_pwm.o
 .text.DrvPwm_DisableClock
                0x0800fd50      0x180 ./deviceDrivers/drv_pwm/src/drv_pwm.o
 .text.DrvPwm_PreparePin
                0x0800fed0       0x60 ./deviceDrivers/drv_pwm/src/drv_pwm.o
 .text.DrvPwm_InitPin
                0x0800ff30       0x6a ./deviceDrivers/drv_pwm/src/drv_pwm.o
 .text.DrvPwm_FillChannelConfig
                0x0800ff9a       0x3c ./deviceDrivers/drv_pwm/src/drv_pwm.o
 .text.DrvPwm_ConfigChannel
                0x0800ffd6       0x5c ./deviceDrivers/drv_pwm/src/drv_pwm.o
 .text.DrvPwm_InitOwnedHandle
                0x08010032       0xf2 ./deviceDrivers/drv_pwm/src/drv_pwm.o
 .text.DrvPwm_Open
                0x08010124       0xba ./deviceDrivers/drv_pwm/src/drv_pwm.o
                0x08010124                DrvPwm_Open
 .text.DrvPwm_Close
                0x080101de       0x92 ./deviceDrivers/drv_pwm/src/drv_pwm.o
                0x080101de                DrvPwm_Close
 .text.DrvPwm_Start
                0x08010270       0x3e ./deviceDrivers/drv_pwm/src/drv_pwm.o
                0x08010270                DrvPwm_Start
 .text.DrvPwm_SetCompare
                0x080102ae       0xde ./deviceDrivers/drv_pwm/src/drv_pwm.o
                0x080102ae                DrvPwm_SetCompare
 .text.DrvPwm_SetDuty
                0x0801038c       0xf6 ./deviceDrivers/drv_pwm/src/drv_pwm.o
                0x0801038c                DrvPwm_SetDuty
 *fill*         0x08010482        0x2 
 .text.DrvUart_GetContext
                0x08010484       0x30 ./deviceDrivers/drv_uart/src/drv_uart.o
 .text.DrvUart_GetInstanceId
                0x080104b4       0x98 ./deviceDrivers/drv_uart/src/drv_uart.o
 .text.DrvUart_ClearReadState
                0x0801054c       0x34 ./deviceDrivers/drv_uart/src/drv_uart.o
 .text.DrvUart_MapRxEvent
                0x08010580       0x4a ./deviceDrivers/drv_uart/src/drv_uart.o
 .text.DrvUart_EmitRxChunk
                0x080105ca       0x56 ./deviceDrivers/drv_uart/src/drv_uart.o
 .text.DrvUart_ProcessRxEvent
                0x08010620      0x10e ./deviceDrivers/drv_uart/src/drv_uart.o
 .text.DrvUart_OnRxDmaInterrupt
                0x0801072e       0x16 ./deviceDrivers/drv_uart/src/drv_uart.o
 .text.DrvUart_ConfigClockSource
                0x08010744       0xc0 ./deviceDrivers/drv_uart/src/drv_uart.o
 .text.DrvUart_EnableClock
                0x08010804      0x130 ./deviceDrivers/drv_uart/src/drv_uart.o
 .text.DrvUart_DisableClock
                0x08010934       0xb8 ./deviceDrivers/drv_uart/src/drv_uart.o
 .text.DrvUart_PreparePin
                0x080109ec       0x60 ./deviceDrivers/drv_uart/src/drv_uart.o
 .text.DrvUart_InitPins
                0x08010a4c       0x82 ./deviceDrivers/drv_uart/src/drv_uart.o
 .text.DrvUart_InitInterrupt
                0x08010ace       0x44 ./deviceDrivers/drv_uart/src/drv_uart.o
 .text.DrvUart_EnableInterrupts
                0x08010b12       0x74 ./deviceDrivers/drv_uart/src/drv_uart.o
 .text.DrvUart_InitOwnedHandle
                0x08010b86       0xd4 ./deviceDrivers/drv_uart/src/drv_uart.o
 *fill*         0x08010c5a        0x2 
 .text.DrvUart_BuildDmaOpenParams
                0x08010c5c      0x14c ./deviceDrivers/drv_uart/src/drv_uart.o
 .text.DrvUart_LinkDma
                0x08010da8       0xce ./deviceDrivers/drv_uart/src/drv_uart.o
 .text.DrvUart_GetReceivedLength
                0x08010e76       0x8e ./deviceDrivers/drv_uart/src/drv_uart.o
 .text.DrvUart_AttachInterruptInternal
                0x08010f04      0x124 ./deviceDrivers/drv_uart/src/drv_uart.o
 .text.DrvUart_Open
                0x08011028       0xce ./deviceDrivers/drv_uart/src/drv_uart.o
                0x08011028                DrvUart_Open
 .text.DrvUart_CloseInternal
                0x080110f6       0xc2 ./deviceDrivers/drv_uart/src/drv_uart.o
 .text.DrvUart_Close
                0x080111b8       0x2a ./deviceDrivers/drv_uart/src/drv_uart.o
                0x080111b8                DrvUart_Close
 .text.DrvUart_Write
                0x080111e2       0xce ./deviceDrivers/drv_uart/src/drv_uart.o
                0x080111e2                DrvUart_Write
 .text.DrvUart_IsTxBusy
                0x080112b0       0x4c ./deviceDrivers/drv_uart/src/drv_uart.o
                0x080112b0                DrvUart_IsTxBusy
 .text.DrvUart_AbortInternal
                0x080112fc       0x36 ./deviceDrivers/drv_uart/src/drv_uart.o
 *fill*         0x08011332        0x2 
 .text.DrvUart_IrqHandler
                0x08011334       0x98 ./deviceDrivers/drv_uart/src/drv_uart.o
                0x08011334                DrvUart_IrqHandler
 .text.DrvUart_Ioctl
                0x080113cc       0x98 ./deviceDrivers/drv_uart/src/drv_uart.o
                0x080113cc                DrvUart_Ioctl
 .text._ZdlPvj  0x08011464        0x4 C:/Programlar/ST/STM32CubeIDE_2.1.0/STM32CubeIDE/plugins/com.st.stm32cube.ide.mcu.externaltools.gnu-tools-for-stm32.14.3.rel1.win32_1.0.100.202602081740/tools/bin/../lib/gcc/arm-none-eabi/14.3.1/../../../../arm-none-eabi/lib/thumb/v7e-m+dp/hard\libstdc++_nano.a(del_ops.o)
                0x08011464                operator delete(void*, unsigned int)
 .text._ZdlPv   0x08011468        0x4 C:/Programlar/ST/STM32CubeIDE_2.1.0/STM32CubeIDE/plugins/com.st.stm32cube.ide.mcu.externaltools.gnu-tools-for-stm32.14.3.rel1.win32_1.0.100.202602081740/tools/bin/../lib/gcc/arm-none-eabi/14.3.1/../../../../arm-none-eabi/lib/thumb/v7e-m+dp/hard\libstdc++_nano.a(del_op.o)
                0x08011468                operator delete(void*)
 .text.malloc   0x0801146c       0x10 C:/Programlar/ST/STM32CubeIDE_2.1.0/STM32CubeIDE/plugins/com.st.stm32cube.ide.mcu.externaltools.gnu-tools-for-stm32.14.3.rel1.win32_1.0.100.202602081740/tools/bin/../lib/gcc/arm-none-eabi/14.3.1/../../../../arm-none-eabi/lib/thumb/v7e-m+dp/hard\libc_nano.a(libc_a-malloc.o)
                0x0801146c                malloc
 .text.free     0x0801147c       0x10 C:/Programlar/ST/STM32CubeIDE_2.1.0/STM32CubeIDE/plugins/com.st.stm32cube.ide.mcu.externaltools.gnu-tools-for-stm32.14.3.rel1.win32_1.0.100.202602081740/tools/bin/../lib/gcc/arm-none-eabi/14.3.1/../../../../arm-none-eabi/lib/thumb/v7e-m+dp/hard\libc_nano.a(libc_a-malloc.o)
                0x0801147c                free
 .text.sbrk_aligned
                0x0801148c       0x44 C:/Programlar/ST/STM32CubeIDE_2.1.0/STM32CubeIDE/plugins/com.st.stm32cube.ide.mcu.externaltools.gnu-tools-for-stm32.14.3.rel1.win32_1.0.100.202602081740/tools/bin/../lib/gcc/arm-none-eabi/14.3.1/../../../../arm-none-eabi/lib/thumb/v7e-m+dp/hard\libc_nano.a(libc_a-mallocr.o)
 .text._malloc_r
                0x080114d0      0x100 C:/Programlar/ST/STM32CubeIDE_2.1.0/STM32CubeIDE/plugins/com.st.stm32cube.ide.mcu.externaltools.gnu-tools-for-stm32.14.3.rel1.win32_1.0.100.202602081740/tools/bin/../lib/gcc/arm-none-eabi/14.3.1/../../../../arm-none-eabi/lib/thumb/v7e-m+dp/hard\libc_nano.a(libc_a-mallocr.o)
                0x080114d0                _malloc_r
 .text.__malloc_lock
                0x080115d0        0xc C:/Programlar/ST/STM32CubeIDE_2.1.0/STM32CubeIDE/plugins/com.st.stm32cube.ide.mcu.externaltools.gnu-tools-for-stm32.14.3.rel1.win32_1.0.100.202602081740/tools/bin/../lib/gcc/arm-none-eabi/14.3.1/../../../../arm-none-eabi/lib/thumb/v7e-m+dp/hard\libc_nano.a(libc_a-mlock.o)
                0x080115d0                __malloc_lock
 .text.__malloc_unlock
                0x080115dc        0xc C:/Programlar/ST/STM32CubeIDE_2.1.0/STM32CubeIDE/plugins/com.st.stm32cube.ide.mcu.externaltools.gnu-tools-for-stm32.14.3.rel1.win32_1.0.100.202602081740/tools/bin/../lib/gcc/arm-none-eabi/14.3.1/../../../../arm-none-eabi/lib/thumb/v7e-m+dp/hard\libc_nano.a(libc_a-mlock.o)
                0x080115dc                __malloc_unlock
 .text.__cvt    0x080115e8       0xa8 C:/Programlar/ST/STM32CubeIDE_2.1.0/STM32CubeIDE/plugins/com.st.stm32cube.ide.mcu.externaltools.gnu-tools-for-stm32.14.3.rel1.win32_1.0.100.202602081740/tools/bin/../lib/gcc/arm-none-eabi/14.3.1/../../../../arm-none-eabi/lib/thumb/v7e-m+dp/hard\libc_nano.a(libc_a-nano-vfprintf_float.o)
                0x080115e8                __cvt
 .text.__exponent
                0x08011690       0x74 C:/Programlar/ST/STM32CubeIDE_2.1.0/STM32CubeIDE/plugins/com.st.stm32cube.ide.mcu.externaltools.gnu-tools-for-stm32.14.3.rel1.win32_1.0.100.202602081740/tools/bin/../lib/gcc/arm-none-eabi/14.3.1/../../../../arm-none-eabi/lib/thumb/v7e-m+dp/hard\libc_nano.a(libc_a-nano-vfprintf_float.o)
                0x08011690                __exponent
 *fill*         0x08011704        0x4 
 .text._printf_float
                0x08011708      0x434 C:/Programlar/ST/STM32CubeIDE_2.1.0/STM32CubeIDE/plugins/com.st.stm32cube.ide.mcu.externaltools.gnu-tools-for-stm32.14.3.rel1.win32_1.0.100.202602081740/tools/bin/../lib/gcc/arm-none-eabi/14.3.1/../../../../arm-none-eabi/lib/thumb/v7e-m+dp/hard\libc_nano.a(libc_a-nano-vfprintf_float.o)
                0x08011708                _printf_float
 .text._printf_common
                0x08011b3c       0xda C:/Programlar/ST/STM32CubeIDE_2.1.0/STM32CubeIDE/plugins/com.st.stm32cube.ide.mcu.externaltools.gnu-tools-for-stm32.14.3.rel1.win32_1.0.100.202602081740/tools/bin/../lib/gcc/arm-none-eabi/14.3.1/../../../../arm-none-eabi/lib/thumb/v7e-m+dp/hard\libc_nano.a(libc_a-nano-vfprintf_i.o)
                0x08011b3c                _printf_common
 *fill*         0x08011c16        0x2 
 .text._printf_i
                0x08011c18      0x24c C:/Programlar/ST/STM32CubeIDE_2.1.0/STM32CubeIDE/plugins/com.st.stm32cube.ide.mcu.externaltools.gnu-tools-for-stm32.14.3.rel1.win32_1.0.100.202602081740/tools/bin/../lib/gcc/arm-none-eabi/14.3.1/../../../../arm-none-eabi/lib/thumb/v7e-m+dp/hard\libc_nano.a(libc_a-nano-vfprintf_i.o)
                0x08011c18                _printf_i
 .text.std      0x08011e64       0x6c C:/Programlar/ST/STM32CubeIDE_2.1.0/STM32CubeIDE/plugins/com.st.stm32cube.ide.mcu.externaltools.gnu-tools-for-stm32.14.3.rel1.win32_1.0.100.202602081740/tools/bin/../lib/gcc/arm-none-eabi/14.3.1/../../../../arm-none-eabi/lib/thumb/v7e-m+dp/hard\libc_nano.a(libc_a-findfp.o)
 .text.stdio_exit_handler
                0x08011ed0       0x18 C:/Programlar/ST/STM32CubeIDE_2.1.0/STM32CubeIDE/plugins/com.st.stm32cube.ide.mcu.externaltools.gnu-tools-for-stm32.14.3.rel1.win32_1.0.100.202602081740/tools/bin/../lib/gcc/arm-none-eabi/14.3.1/../../../../arm-none-eabi/lib/thumb/v7e-m+dp/hard\libc_nano.a(libc_a-findfp.o)
 .text.cleanup_stdio
                0x08011ee8       0x40 C:/Programlar/ST/STM32CubeIDE_2.1.0/STM32CubeIDE/plugins/com.st.stm32cube.ide.mcu.externaltools.gnu-tools-for-stm32.14.3.rel1.win32_1.0.100.202602081740/tools/bin/../lib/gcc/arm-none-eabi/14.3.1/../../../../arm-none-eabi/lib/thumb/v7e-m+dp/hard\libc_nano.a(libc_a-findfp.o)
 .text.global_stdio_init.part.0
                0x08011f28       0x40 C:/Programlar/ST/STM32CubeIDE_2.1.0/STM32CubeIDE/plugins/com.st.stm32cube.ide.mcu.externaltools.gnu-tools-for-stm32.14.3.rel1.win32_1.0.100.202602081740/tools/bin/../lib/gcc/arm-none-eabi/14.3.1/../../../../arm-none-eabi/lib/thumb/v7e-m+dp/hard\libc_nano.a(libc_a-findfp.o)
 .text.__sfp_lock_acquire