C:/Users/yunus/Desktop/Embbeded Systems/Project/deviceDrivers/drv_bno055/src/bno055_driver.c:18:25:Bno055_GetDevice	16	static
C:/Users/yunus/Desktop/Embbeded Systems/Project/deviceDrivers/drv_bno055/src/bno055_driver.c:28:23:Bno055_GetOpenDevice	16	static
C:/Users/yunus/Desktop/Embbeded Systems/Project/deviceDrivers/drv_bno055/src/bno055_driver.c:44:23:Bno055_FromHalStatus	16	static
C:/Users/yunus/Desktop/Embbeded Systems/Project/deviceDrivers/drv_bno055/src/bno055_driver.c:60:23:Bno055_ValidateDevice	16	static
C:/Users/yunus/Desktop/Embbeded Systems/Project/deviceDrivers/drv_bno055/src/bno055_driver.c:75:23:Bno055_ReadRegisters	32	static
C:/Users/yunus/Desktop/Embbeded Systems/Project/deviceDrivers/drv_bno055/src/bno055_driver.c:95:23:Bno055_WriteRegisters	32	static
C:/Users/yunus/Desktop/Embbeded Systems/Project/deviceDrivers/drv_bno055/src/bno055_driver.c:115:23:Bno055_SelectPageInternal	24	static
C:/Users/yunus/Desktop/Embbeded Systems/Project/deviceDrivers/drv_bno055/src/bno055_driver.c:135:23:Bno055_SetOperationModeInternal	24	static
C:/Users/yunus/Desktop/Embbeded Systems/Project/deviceDrivers/drv_bno055/src/bno055_driver.c:156:23:Bno055_GetCurrentModeInternal	24	static
C:/Users/yunus/Desktop/Embbeded Systems/Project/deviceDrivers/drv_bno055/src/bno055_driver.c:184:23:Bno055_SetPowerModeInternal	24	static
C:/Users/yunus/Desktop/Embbeded Systems/Project/deviceDrivers/drv_bno055/src/bno055_driver.c:203:23:Bno055_SetClockSourceInternal	24	static
C:/Users/yunus/Desktop/Embbeded Systems/Project/deviceDrivers/drv_bno055/src/bno055_driver.c:222:23:Bno055_SetAxisInternal	24	static
C:/Users/yunus/Desktop/Embbeded Systems/Project/deviceDrivers/drv_bno055/src/bno055_driver.c:248:13:Bno055_IsFusionMode	16	static
C:/Users/yunus/Desktop/Embbeded Systems/Project/deviceDrivers/drv_bno055/src/bno055_driver.c:257:23:Bno055_SetAccelRangeInternal	24	static
C:/Users/yunus/Desktop/Embbeded Systems/Project/deviceDrivers/drv_bno055/src/bno055_driver.c:284:23:Bno055_SetUnitSelectionInternal	24	static
C:/Users/yunus/Desktop/Embbeded Systems/Project/deviceDrivers/drv_bno055/src/bno055_driver.c:304:23:Bno055_EnterConfigMode	24	static
C:/Users/yunus/Desktop/Embbeded Systems/Project/deviceDrivers/drv_bno055/src/bno055_driver.c:327:23:Bno055_RestoreMode	16	static
C:/Users/yunus/Desktop/Embbeded Systems/Project/deviceDrivers/drv_bno055/src/bno055_driver.c:338:23:Bno055_ConfigureInterruptsInternal	24	static
C:/Users/yunus/Desktop/Embbeded Systems/Project/deviceDrivers/drv_bno055/src/bno055_driver.c:386:23:Bno055_ResetInternal	24	static
C:/Users/yunus/Desktop/Embbeded Systems/Project/deviceDrivers/drv_bno055/src/bno055_driver.c:422:23:Bno055_ReadStatusInternal	24	static
C:/Users/yunus/Desktop/Embbeded Systems/Project/deviceDrivers/drv_bno055/src/bno055_driver.c:456:23:Bno055_ReadCalibrationInternal	24	static
C:/Users/yunus/Desktop/Embbeded Systems/Project/deviceDrivers/drv_bno055/src/bno055_driver.c:479:13:Bno055_IsCalibrationSatisfied	16	static
C:/Users/yunus/Desktop/Embbeded Systems/Project/deviceDrivers/drv_bno055/src/bno055_driver.c:516:23:Bno055_ReadOffsetsInternal	32	static
C:/Users/yunus/Desktop/Embbeded Systems/Project/deviceDrivers/drv_bno055/src/bno055_driver.c:542:23:Bno055_WriteOffsetsInternal	32	static
C:/Users/yunus/Desktop/Embbeded Systems/Project/deviceDrivers/drv_bno055/src/bno055_driver.c:568:23:Bno055_IsFullyCalibratedInternal	32	static
C:/Users/yunus/Desktop/Embbeded Systems/Project/deviceDrivers/drv_bno055/src/bno055_driver.c:596:23:Bno055_ReadVector	32	static
C:/Users/yunus/Desktop/Embbeded Systems/Project/deviceDrivers/drv_bno055/src/bno055_driver.c:622:23:Bno055_ReadQuaternion	32	static
C:/Users/yunus/Desktop/Embbeded Systems/Project/deviceDrivers/drv_bno055/src/bno055_driver.c:645:23:Bno055_ReadSensorsInternal	32	static
C:/Users/yunus/Desktop/Embbeded Systems/Project/deviceDrivers/drv_bno055/src/bno055_driver.c:722:23:Bno055_ApplyInit	24	static
C:/Users/yunus/Desktop/Embbeded Systems/Project/deviceDrivers/drv_bno055/src/bno055_driver.c:801:16:Bno055_Open	32	static
C:/Users/yunus/Desktop/Embbeded Systems/Project/deviceDrivers/drv_bno055/src/bno055_driver.c:854:16:Bno055_Ioctl	224	static
C:/Users/yunus/Desktop/Embbeded Systems/Project/deviceDrivers/drv_bno055/src/bno055_driver.c:1160:16:Bno055_Write	32	static
C:/Users/yunus/Desktop/Embbeded Systems/Project/deviceDrivers/drv_bno055/src/bno055_driver.c:1183:16:Bno055_Read	32	static
