C:/Users/yunus/Desktop/Embbeded Systems/Project/deviceDrivers/drv_dma/src/drv_dma.c:28:26:DrvDma_GetContext	16	static
C:/Users/yunus/Desktop/Embbeded Systems/Project/deviceDrivers/drv_dma/src/drv_dma.c:38:28:DrvDma_GetController	16	static
C:/Users/yunus/Desktop/Embbeded Systems/Project/deviceDrivers/drv_dma/src/drv_dma.c:59:19:DrvDma_EnableInterrupt	24	static
C:/Users/yunus/Desktop/Embbeded Systems/Project/deviceDrivers/drv_dma/src/drv_dma.c:82:19:DrvDma_DisableInterrupt	24	static
C:/Users/yunus/Desktop/Embbeded Systems/Project/deviceDrivers/drv_dma/src/drv_dma.c:101:26:DrvDma_EnableClock	24	static
C:/Users/yunus/Desktop/Embbeded Systems/Project/deviceDrivers/drv_dma/src/drv_dma.c:119:13:DrvDma_DisableClock	16	static
C:/Users/yunus/Desktop/Embbeded Systems/Project/deviceDrivers/drv_dma/src/drv_dma.c:137:26:DrvDma_InitInterrupt	16	static
C:/Users/yunus/Desktop/Embbeded Systems/Project/deviceDrivers/drv_dma/src/drv_dma.c:151:26:DrvDma_InitOwnedHandle	16	static
C:/Users/yunus/Desktop/Embbeded Systems/Project/deviceDrivers/drv_dma/src/drv_dma.c:184:19:DrvDma_Open	24	static
C:/Users/yunus/Desktop/Embbeded Systems/Project/deviceDrivers/drv_dma/src/drv_dma.c:212:26:DrvDma_CloseInternal	24	static
C:/Users/yunus/Desktop/Embbeded Systems/Project/deviceDrivers/drv_dma/src/drv_dma.c:233:19:DrvDma_Close	24	static
C:/Users/yunus/Desktop/Embbeded Systems/Project/deviceDrivers/drv_dma/src/drv_dma.c:245:20:DrvDma_GetHandle	24	static
C:/Users/yunus/Desktop/Embbeded Systems/Project/deviceDrivers/drv_dma/src/drv_dma.c:257:19:DrvDma_Start	32	static
C:/Users/yunus/Desktop/Embbeded Systems/Project/deviceDrivers/drv_dma/src/drv_dma.c:272:19:DrvDma_StartIT	32	static
C:/Users/yunus/Desktop/Embbeded Systems/Project/deviceDrivers/drv_dma/src/drv_dma.c:292:19:DrvDma_Abort	24	static
C:/Users/yunus/Desktop/Embbeded Systems/Project/deviceDrivers/drv_dma/src/drv_dma.c:304:19:DrvDma_IrqHandler	32	static,ignoring_inline_asm
