../Utils/Inc/IcdFrameTransmitter.hpp:18:2:IcdFrameTransmitter::IcdFrameTransmitter()	16	static
../Utils/Inc/IcdFrameTransmitter.hpp:24:7:void IcdFrameTransmitter::Configure(const IcdFrameTransmitterConfig_t&)	16	static
../Utils/Inc/IcdFrameTransmitter.hpp:30:7:bool IcdFrameTransmitter::Configured() const	16	static
../Utils/Inc/IcdFrameTransmitter.hpp:35:7:bool IcdFrameTransmitter::CanStartNext()	16	static
../Utils/Inc/IcdFrameTransmitter.hpp:51:7:bool IcdFrameTransmitter::Start(const uint8_t*, uint8_t)	24	static
../Utils/Inc/IcdFrameBuilder.hpp:14:16:uint8_t IcdProtocol::CalculateCrc8(const uint8_t*, uint8_t)	24	static
../Utils/Inc/IcdFrameBuilder.hpp:24:13:void IcdProtocol::AppendUint32Le(uint8_t*, uint8_t*, uint32_t)	24	static
../Utils/Inc/IcdFrameBuilder.hpp:32:13:void IcdProtocol::AppendFloat(uint8_t*, uint8_t*, float)	24	static
../Utils/Inc/IcdFrameBuilder.hpp:38:16:uint8_t IcdProtocol::AppendHeader(uint8_t*, uint32_t, uint8_t, IcdType_e)	32	static
../Utils/Inc/IcdFrameBuilder.hpp:50:16:uint8_t IcdProtocol::BuildFrame(const uint8_t*, uint8_t, uint8_t*)	40	static
../Utils/Inc/IcdMessageCodec.hpp:7:16:uint8_t IcdMessageCodec::BuildPwmControlPayload(uint32_t, uint8_t, const PWMControl_t&, uint8_t*)	32	static
../Utils/Inc/IcdMessageCodec.hpp:17:16:uint8_t IcdMessageCodec::BuildMotorControlPayload(uint32_t, uint8_t, const MotorControl_t&, uint8_t*)	32	static
../Utils/Inc/IcdMessageCodec.hpp:28:16:uint8_t IcdMessageCodec::BuildBno055TelemetryPayload(uint32_t, uint8_t, const Bno055Telemetry_t&, uint8_t*)	32	static
../Utils/Inc/IcdMessageCodec.hpp:43:16:uint8_t IcdMessageCodec::BuildPayload(const IcdMessage_t&, uint8_t*)	16	static
../Utils/Inc/IcdMessageCodec.hpp:72:16:uint8_t IcdMessageCodec::BuildFrame(const IcdMessage_t&, uint8_t*)	48	static
../Utils/Inc/IcdUartPublisher.hpp:10:2:IcdUartPublisher::IcdUartPublisher()	16	static
../Utils/Inc/IcdUartPublisher.hpp:14:7:void IcdUartPublisher::Configure(const IcdFrameTransmitterConfig_t&)	16	static
../Utils/Inc/IcdUartPublisher.hpp:19:7:bool IcdUartPublisher::Publish(const IcdMessage_t&)	56	static
../Utils/Inc/IcdUartPublisher.hpp:31:7:void IcdUartPublisher::Process()	24	static
../Utils/Inc/IcdUartPublisher.hpp:44:7:bool IcdUartPublisher::PushFrame(const uint8_t*, uint8_t)	24	static
../Utils/Inc/OnlineParser.hpp:26:13:OnlineParser::~OnlineParser()	16	static
../Utils/Inc/OnlineParser.hpp:26:13:virtual OnlineParser::~OnlineParser()	16	static
../App/Inc/ParserImp.h:12:2:ParserImp::ParserImp()	16	static
../App/Inc/ParserImp.h:18:10:virtual bool ParserImp::checkHeader(size_t, uint8_t) const	24	static
../App/Inc/ParserImp.h:29:7:virtual bool ParserImp::checkCrc(const uint8_t*, uint8_t, uint8_t) const	32	static
../App/Inc/ParserImp.h:40:7:virtual void ParserImp::onFrameReceived(const uint8_t*, uint8_t)	32	static
../App/Src/Application.cpp:26:17:void DebugUartDataCallback(DrvUart_Event_t, const uint8_t*, size_t, void*)	32	static
../App/Src/Application.cpp:41:17:void ButtonInterruptCallback(uint32_t, void*)	24	static
../App/Src/Application.cpp:76:13:bool WriteIcdFrame(void*, const uint8_t*, uint8_t)	32	static
../App/Src/Application.cpp:87:13:bool IsIcdFrameTxBusy(void*)	24	static
../App/Src/Application.cpp:98:21:IcdMessage_t BuildBno055TelemetryMessage(const BNO055_Sensors_t*)	16	static
../App/Src/Application.cpp:113:6:void Initialize()	24	static
../App/Src/Application.cpp:143:6:void Loop()	48	static,ignoring_inline_asm
../App/Src/Application.cpp:169:6:bool ReadOneSensorSample(BNO055_Sensors_t*)	16	static
../App/Src/Application.cpp:184:6:void PublishSensorSample(const BNO055_Sensors_t*)	48	static
../App/Src/Application.cpp:196:16:int _write(int, char*, int)	24	static
../Utils/Inc/FixedFrameQueue.hpp:12:2:FixedFrameQueue<MaxItemsValue, MaxBytesValue>::FixedFrameQueue() [with unsigned char MaxItemsValue = 8; unsigned char MaxBytesValue = 34]	16	static
../Utils/Inc/FixedFrameQueue.hpp:57:7:bool FixedFrameQueue<MaxItemsValue, MaxBytesValue>::Empty() const [with unsigned char MaxItemsValue = 8; unsigned char MaxBytesValue = 34]	16	static
../Utils/Inc/FixedFrameQueue.hpp:38:17:const uint8_t* FixedFrameQueue<MaxItemsValue, MaxBytesValue>::FrontData() const [with unsigned char MaxItemsValue = 8; unsigned char MaxBytesValue = 34]	16	static
../Utils/Inc/FixedFrameQueue.hpp:43:10:uint8_t FixedFrameQueue<MaxItemsValue, MaxBytesValue>::FrontLength() const [with unsigned char MaxItemsValue = 8; unsigned char MaxBytesValue = 34]	16	static
../Utils/Inc/FixedFrameQueue.hpp:48:7:void FixedFrameQueue<MaxItemsValue, MaxBytesValue>::Pop() [with unsigned char MaxItemsValue = 8; unsigned char MaxBytesValue = 34]	16	static
../Utils/Inc/FixedFrameQueue.hpp:21:7:bool FixedFrameQueue<MaxItemsValue, MaxBytesValue>::Push(const uint8_t*, uint8_t) [with unsigned char MaxItemsValue = 8; unsigned char MaxBytesValue = 34]	40	static
../Utils/Inc/FixedFrameQueue.hpp:68:17:static uint8_t FixedFrameQueue<MaxItemsValue, MaxBytesValue>::NextIndex(uint8_t) [with unsigned char MaxItemsValue = 8; unsigned char MaxBytesValue = 34]	16	static
../App/Inc/ParserImp.h:9:7:ParserImp::~ParserImp()	16	static
../App/Inc/ParserImp.h:9:7:virtual ParserImp::~ParserImp()	16	static
../App/Src/Application.cpp:206:1:void __static_initialization_and_destruction_0()	8	static
../App/Src/Application.cpp:206:1:void __static_initialization_and_destruction_1()	8	static
../App/Src/Application.cpp:206:1:cpp)	8	static
../App/Src/Application.cpp:206:1:cpp)	8	static
