C:/Users/yunus/Desktop/Embbeded Systems/Project/deviceDrivers/drv_pwm/src/drv_pwm.c:17:26:DrvPwm_GetContext	16	static
C:/Users/yunus/Desktop/Embbeded Systems/Project/deviceDrivers/drv_pwm/src/drv_pwm.c:27:16:DrvPwm_IsValidChannel	16	static
C:/Users/yunus/Desktop/Embbeded Systems/Project/deviceDrivers/drv_pwm/src/drv_pwm.c:35:26:DrvPwm_EnableClock	72	static
C:/Users/yunus/Desktop/Embbeded Systems/Project/deviceDrivers/drv_pwm/src/drv_pwm.c:111:13:DrvPwm_DisableClock	16	static
C:/Users/yunus/Desktop/Embbeded Systems/Project/deviceDrivers/drv_pwm/src/drv_pwm.c:171:26:DrvPwm_PreparePin	24	static
C:/Users/yunus/Desktop/Embbeded Systems/Project/deviceDrivers/drv_pwm/src/drv_pwm.c:186:26:DrvPwm_InitPin	64	static
C:/Users/yunus/Desktop/Embbeded Systems/Project/deviceDrivers/drv_pwm/src/drv_pwm.c:209:13:DrvPwm_FillChannelConfig	16	static
C:/Users/yunus/Desktop/Embbeded Systems/Project/deviceDrivers/drv_pwm/src/drv_pwm.c:219:26:DrvPwm_ConfigChannel	48	static
C:/Users/yunus/Desktop/Embbeded Systems/Project/deviceDrivers/drv_pwm/src/drv_pwm.c:232:26:DrvPwm_InitOwnedHandle	32	static
C:/Users/yunus/Desktop/Embbeded Systems/Project/deviceDrivers/drv_pwm/src/drv_pwm.c:281:19:DrvPwm_Open	24	static
C:/Users/yunus/Desktop/Embbeded Systems/Project/deviceDrivers/drv_pwm/src/drv_pwm.c:324:19:DrvPwm_Close	24	static
C:/Users/yunus/Desktop/Embbeded Systems/Project/deviceDrivers/drv_pwm/src/drv_pwm.c:357:20:DrvPwm_GetHandle	24	static
C:/Users/yunus/Desktop/Embbeded Systems/Project/deviceDrivers/drv_pwm/src/drv_pwm.c:369:19:DrvPwm_Start	24	static
C:/Users/yunus/Desktop/Embbeded Systems/Project/deviceDrivers/drv_pwm/src/drv_pwm.c:381:19:DrvPwm_Stop	24	static
C:/Users/yunus/Desktop/Embbeded Systems/Project/deviceDrivers/drv_pwm/src/drv_pwm.c:393:19:DrvPwm_SetCompare	32	static
C:/Users/yunus/Desktop/Embbeded Systems/Project/deviceDrivers/drv_pwm/src/drv_pwm.c:422:19:DrvPwm_SetDuty	96	static
C:/Users/yunus/Desktop/Embbeded Systems/Project/deviceDrivers/drv_pwm/src/drv_pwm.c:456:19:DrvPwm_Ioctl	24	static
