../Utils/Inc/IcdFrameBuilder.hpp:14:16:uint8_t IcdProtocol::CalculateCrc8(const uint8_t*, uint8_t)	24	static
../Utils/Inc/IcdFrameBuilder.hpp:24:13:void IcdProtocol::AppendUint32Le(uint8_t*, uint8_t*, uint32_t)	24	static
../Utils/Inc/IcdFrameBuilder.hpp:32:13:void IcdProtocol::AppendFloat(uint8_t*, uint8_t*, float)	24	static
../Utils/Inc/IcdFrameBuilder.hpp:38:16:uint8_t IcdProtocol::AppendHeader(uint8_t*, uint32_t, uint8_t, IcdType_e)	32	static
../Utils/Inc/IcdFrameBuilder.hpp:50:16:uint8_t IcdProtocol::BuildFrame(const uint8_t*, uint8_t, uint8_t*)	40	static
../Utils/Inc/IcdMessageCodec.hpp:7:16:uint8_t IcdMessageCodec::BuildPwmControlPayload(uint32_t, uint8_t, const PWMControl_t&, uint8_t*)	32	static
../Utils/Inc/IcdMessageCodec.hpp:17:16:uint8_t IcdMessageCodec::BuildMotorControlPayload(uint32_t, uint8_t, const MotorControl_t&, uint8_t*)	32	static
../Utils/Inc/IcdMessageCodec.hpp:28:16:uint8_t IcdMessageCodec::BuildBno055TelemetryPayload(uint32_t, uint8_t, const Bno055Telemetry_t&, uint8_t*)	32	static
../Utils/Inc/IcdMessageCodec.hpp:43:16:uint8_t IcdMessageCodec::BuildPayload(const IcdMessage_t&, uint8_t*)	16	static
../Utils/Inc/IcdMessageCodec.hpp:72:16:uint8_t IcdMessageCodec::BuildFrame(const IcdMessage_t&, uint8_t*)	48	static
../Utils/Inc/IcdUartPublisher.hpp:19:7:bool IcdUartPublisher::Publish(const IcdMessage_t&)	56	static
../Utils/Inc/IcdUartPublisher.hpp:44:7:bool IcdUartPublisher::PushFrame(const uint8_t*, uint8_t)	24	static
../Core/Src/freertos.cpp:97:6:void FREERTOS_Init()	8	static
../App/Inc/PayloadProcess.h:15:21:IcdMessage_t BuildBno055TelemetryMessage(const BNO055_Sensors_t*)	16	static
../Core/Src/freertos.cpp:115:6:void PublishSensorSample(IcdUartPublisher&, const BNO055_Sensors_t*)	48	static
../Core/Src/freertos.cpp:128:6:void StartDefaultTask(void*)	104	static
../Core/Src/freertos.cpp:153:6:void StartSensorTask(void*)	104	static
../Core/Src/freertos.cpp:171:6:void SensorTimerCallback(void*)	16	static
../Core/Src/freertos.cpp:181:13:bool QueueSensorSample(const BNO055_Sensors_t*)	104	static
../Core/Src/freertos.cpp:203:13:bool TryDequeueSensorSample(BNO055_Sensors_t*)	16	static
../Utils/Inc/FixedFrameQueue.hpp:21:7:bool FixedFrameQueue<MaxItemsValue, MaxBytesValue>::Push(const uint8_t*, uint8_t) [with unsigned char MaxItemsValue = 8; unsigned char MaxBytesValue = 34]	40	static
../Utils/Inc/FixedFrameQueue.hpp:68:17:static uint8_t FixedFrameQueue<MaxItemsValue, MaxBytesValue>::NextIndex(uint8_t) [with unsigned char MaxItemsValue = 8; unsigned char MaxBytesValue = 34]	16	static
