../Core/Src/motor.c:59:6:MOTOR_Init	8	static
../Core/Src/motor.c:71:19:MOTOR_SetMotor1Duty	32	static
../Core/Src/motor.c:83:19:MOTOR_SetMotor2Duty	32	static
../Core/Src/motor.c:95:19:MOTOR_SetMotor1PulseUs	24	static
../Core/Src/motor.c:106:19:MOTOR_SetMotor2PulseUs	24	static
../Core/Src/motor.c:117:19:MOTOR_SetMotor1Angle	24	static
../Core/Src/motor.c:128:19:MOTOR_SetMotor2Angle	24	static
../Core/Src/motor.c:139:19:MOTOR_SetMotor1Speed	32	static
../Core/Src/motor.c:151:19:MOTOR_SetMotor2Speed	32	static
