C:/Users/yunus/Desktop/Embbeded Systems/Project/deviceDrivers/drv_i2c/src/drv_i2c.c:15:26:DrvI2c_GetContext	16	static
C:/Users/yunus/Desktop/Embbeded Systems/Project/deviceDrivers/drv_i2c/src/drv_i2c.c:27:26:DrvI2c_ConfigClockSource	160	static
C:/Users/yunus/Desktop/Embbeded Systems/Project/deviceDrivers/drv_i2c/src/drv_i2c.c:61:26:DrvI2c_EnableClock	32	static
C:/Users/yunus/Desktop/Embbeded Systems/Project/deviceDrivers/drv_i2c/src/drv_i2c.c:89:13:DrvI2c_DisableClock	16	static
C:/Users/yunus/Desktop/Embbeded Systems/Project/deviceDrivers/drv_i2c/src/drv_i2c.c:111:26:DrvI2c_PrepareBusPin	24	static
C:/Users/yunus/Desktop/Embbeded Systems/Project/deviceDrivers/drv_i2c/src/drv_i2c.c:126:26:DrvI2c_InitPins	104	static
C:/Users/yunus/Desktop/Embbeded Systems/Project/deviceDrivers/drv_i2c/src/drv_i2c.c:146:26:DrvI2c_InitOwnedHandle	24	static
C:/Users/yunus/Desktop/Embbeded Systems/Project/deviceDrivers/drv_i2c/src/drv_i2c.c:202:19:DrvI2c_Open	24	static
C:/Users/yunus/Desktop/Embbeded Systems/Project/deviceDrivers/drv_i2c/src/drv_i2c.c:230:26:DrvI2c_CloseInternal	24	static
C:/Users/yunus/Desktop/Embbeded Systems/Project/deviceDrivers/drv_i2c/src/drv_i2c.c:251:19:DrvI2c_Close	24	static
C:/Users/yunus/Desktop/Embbeded Systems/Project/deviceDrivers/drv_i2c/src/drv_i2c.c:263:20:DrvI2c_GetHandle	24	static
C:/Users/yunus/Desktop/Embbeded Systems/Project/deviceDrivers/drv_i2c/src/drv_i2c.c:275:19:DrvI2c_MemRead	48	static
C:/Users/yunus/Desktop/Embbeded Systems/Project/deviceDrivers/drv_i2c/src/drv_i2c.c:300:19:DrvI2c_MemWrite	48	static
