C:/Users/yunus/Desktop/Embbeded Systems/Project/deviceDrivers/drv_uart/src/drv_uart.c:77:27:DrvUart_GetContext	16	static
C:/Users/yunus/Desktop/Embbeded Systems/Project/deviceDrivers/drv_uart/src/drv_uart.c:87:29:DrvUart_GetInstanceId	16	static
C:/Users/yunus/Desktop/Embbeded Systems/Project/deviceDrivers/drv_uart/src/drv_uart.c:137:13:DrvUart_ClearReadState	16	static
C:/Users/yunus/Desktop/Embbeded Systems/Project/deviceDrivers/drv_uart/src/drv_uart.c:149:24:DrvUart_MapRxEvent	16	static
C:/Users/yunus/Desktop/Embbeded Systems/Project/deviceDrivers/drv_uart/src/drv_uart.c:172:13:DrvUart_EmitRxChunk	32	static
C:/Users/yunus/Desktop/Embbeded Systems/Project/deviceDrivers/drv_uart/src/drv_uart.c:191:13:DrvUart_ProcessRxEvent	40	static
C:/Users/yunus/Desktop/Embbeded Systems/Project/deviceDrivers/drv_uart/src/drv_uart.c:240:13:DrvUart_OnRxDmaInterrupt	16	static
C:/Users/yunus/Desktop/Embbeded Systems/Project/deviceDrivers/drv_uart/src/drv_uart.c:245:26:DrvUart_ConfigClockSource	160	static
C:/Users/yunus/Desktop/Embbeded Systems/Project/deviceDrivers/drv_uart/src/drv_uart.c:303:26:DrvUart_EnableClock	48	static
C:/Users/yunus/Desktop/Embbeded Systems/Project/deviceDrivers/drv_uart/src/drv_uart.c:353:13:DrvUart_DisableClock	16	static
C:/Users/yunus/Desktop/Embbeded Systems/Project/deviceDrivers/drv_uart/src/drv_uart.c:400:26:DrvUart_PreparePin	24	static
C:/Users/yunus/Desktop/Embbeded Systems/Project/deviceDrivers/drv_uart/src/drv_uart.c:414:26:DrvUart_InitPins	104	static
C:/Users/yunus/Desktop/Embbeded Systems/Project/deviceDrivers/drv_uart/src/drv_uart.c:434:26:DrvUart_InitInterrupt	16	static
C:/Users/yunus/Desktop/Embbeded Systems/Project/deviceDrivers/drv_uart/src/drv_uart.c:448:26:DrvUart_EnableInterrupts	24	static
C:/Users/yunus/Desktop/Embbeded Systems/Project/deviceDrivers/drv_uart/src/drv_uart.c:486:26:DrvUart_InitOwnedHandle	16	static
C:/Users/yunus/Desktop/Embbeded Systems/Project/deviceDrivers/drv_uart/src/drv_uart.c:526:26:DrvUart_BuildDmaOpenParams	40	static
C:/Users/yunus/Desktop/Embbeded Systems/Project/deviceDrivers/drv_uart/src/drv_uart.c:580:26:DrvUart_LinkDma	32	static
C:/Users/yunus/Desktop/Embbeded Systems/Project/deviceDrivers/drv_uart/src/drv_uart.c:622:15:DrvUart_GetReceivedLength	24	static
C:/Users/yunus/Desktop/Embbeded Systems/Project/deviceDrivers/drv_uart/src/drv_uart.c:651:26:DrvUart_AttachInterruptInternal	24	static
C:/Users/yunus/Desktop/Embbeded Systems/Project/deviceDrivers/drv_uart/src/drv_uart.c:716:19:DrvUart_Open	32	static
C:/Users/yunus/Desktop/Embbeded Systems/Project/deviceDrivers/drv_uart/src/drv_uart.c:766:26:DrvUart_CloseInternal	32	static
C:/Users/yunus/Desktop/Embbeded Systems/Project/deviceDrivers/drv_uart/src/drv_uart.c:807:19:DrvUart_Close	24	static
C:/Users/yunus/Desktop/Embbeded Systems/Project/deviceDrivers/drv_uart/src/drv_uart.c:819:19:DrvUart_Read	32	static
C:/Users/yunus/Desktop/Embbeded Systems/Project/deviceDrivers/drv_uart/src/drv_uart.c:846:19:DrvUart_Write	40	static
C:/Users/yunus/Desktop/Embbeded Systems/Project/deviceDrivers/drv_uart/src/drv_uart.c:890:26:DrvUart_AbortInternal	24	static
C:/Users/yunus/Desktop/Embbeded Systems/Project/deviceDrivers/drv_uart/src/drv_uart.c:902:19:DrvUart_IrqHandler	32	static,ignoring_inline_asm
C:/Users/yunus/Desktop/Embbeded Systems/Project/deviceDrivers/drv_uart/src/drv_uart.c:934:19:DrvUart_Ioctl	32	static
